******************************************************************************
                  TI ARM Linker PC v5.1.8                      
******************************************************************************
>> Linked Thu Apr 30 19:01:03 2015

OUTPUT FILE NAME:   <Copy of eeprom_Uart.out>
ENTRY POINT SYMBOL: "_c_int00"  address: 00001d71


MEMORY CONFIGURATION

         name            origin    length      used     unused   attr    fill
----------------------  --------  ---------  --------  --------  ----  --------
  FLASH                 00000000   00040000  000023d4  0003dc2c  R  X
  SRAM                  20000000   00008000  000002f4  00007d0c  RW X


SEGMENT ALLOCATION MAP

run origin  load origin   length   init length attrs members
----------  ----------- ---------- ----------- ----- -------
00000000    00000000    000023d8   000023d8    r-x
  00000000    00000000    0000026c   0000026c    r-- .intvecs
  0000026c    0000026c    00001ef6   00001ef6    r-x .text
  00002164    00002164    00000212   00000212    r-- .const
  00002378    00002378    00000060   00000060    r-- .cinit
20000000    20000000    000002f4   00000000    rw-
  20000000    20000000    00000200   00000000    rw- .stack
  20000200    20000200    000000a4   00000000    rw- .bss
  200002a4    200002a4    00000050   00000000    rw- .data


SECTION ALLOCATION MAP

 output                                  attributes/
section   page    origin      length       input sections
--------  ----  ----------  ----------   ----------------
.intvecs   0    00000000    0000026c     
                  00000000    0000026c     tm4c123gh6pm_startup_ccs.obj (.intvecs)

.init_array 
*          0    00000000    00000000     UNINITIALIZED

.text      0    0000026c    00001ef6     
                  0000026c    00000c84     ustdlib.obj (.text)
                  00000ef0    0000049c     uartstdio.obj (.text)
                  0000138c    00000314     main.obj (.text)
                  000016a0    00000130     driverlib.lib : gpio.obj (.text:GPIOPadConfigSet)
                  000017d0    00000118                   : sysctl.obj (.text:SysCtlClockGet)
                  000018e8    000000f0                   : sysctl.obj (.text:SysCtlClockSet)
                  000019d8    000000c4                   : eeprom.obj (.text:EEPROMProgram)
                  00001a9c    000000ac     cmdline.obj (.text)
                  00001b48    0000009c     rtsv7M4_T_le_v4SPD16_eabi.lib : memcpy_t2.obj (.text)
                  00001be4    00000094                                   : auto_init.obj (.text)
                  00001c78    0000005e                                   : copy_decompress_rle.obj (.text)
                  00001cd6    00000002     --HOLE-- [fill = 0]
                  00001cd8    00000050     driverlib.lib : sysctl.obj (.text:SysCtlPeripheralReset)
                  00001d28    00000048                   : gpio.obj (.text:GPIOPinConfigure)
                  00001d70    00000048     rtsv7M4_T_le_v4SPD16_eabi.lib : boot.obj (.text)
                  00001db8    00000044                                   : cpy_tbl.obj (.text)
                  00001dfc    00000044                                   : exit.obj (.text)
                  00001e40    00000042                                   : u_divt2.obj (.text)
                  00001e82    00000002     --HOLE-- [fill = 0]
                  00001e84    00000040     driverlib.lib : eeprom.obj (.text:EEPROMInit)
                  00001ec4    00000040                   : uart.obj (.text:UARTConfigSetExpClk)
                  00001f04    0000003c                   : eeprom.obj (.text:_EEPROMSectorMaskSet)
                  00001f40    00000034                   : eeprom.obj (.text:EEPROMRead)
                  00001f74    00000034                   : sysctl.obj (.text:SysCtlPeripheralEnable)
                  00001fa8    00000034                   : sysctl.obj (.text:SysCtlPeripheralPresent)
                  00001fdc    00000034                   : eeprom.obj (.text:_EEPROMSectorMaskClear)
                  00002010    0000002a                   : gpio.obj (.text:GPIODirModeSet)
                  0000203a    00000002     --HOLE-- [fill = 0]
                  0000203c    0000001c                   : uart.obj (.text:UARTDisable)
                  00002058    00000018     rtsv7M4_T_le_v4SPD16_eabi.lib : args_main.obj (.text)
                  00002070    00000018                                   : strcmp.obj (.text)
                  00002088    00000014     driverlib.lib : eeprom.obj (.text:EEPROMSizeGet)
                  0000209c    00000014                   : uart.obj (.text:UARTEnable)
                  000020b0    00000014     rtsv7M4_T_le_v4SPD16_eabi.lib : _lock.obj (.text)
                  000020c4    00000012     driverlib.lib : gpio.obj (.text:GPIOPinTypeUART)
                  000020d6    00000012     rtsv7M4_T_le_v4SPD16_eabi.lib : copy_zero_init.obj (.text:decompress:ZI)
                  000020e8    00000010     driverlib.lib : eeprom.obj (.text:EEPROMBlockCountGet)
                  000020f8    00000010                   : fpu.obj (.text:FPUEnable)
                  00002108    00000010                   : fpu.obj (.text:FPULazyStackingEnable)
                  00002118    00000010                   : eeprom.obj (.text:_EEPROMWaitForDone)
                  00002128    0000000e     rtsv7M4_T_le_v4SPD16_eabi.lib : copy_decompress_none.obj (.text:decompress:none)
                  00002136    0000000c     tm4c123gh6pm_startup_ccs.obj (.text)
                  00002142    0000000a     driverlib.lib : uart.obj (.text:UARTCharGet)
                  0000214c    0000000a                   : uart.obj (.text:UARTCharPut)
                  00002156    00000006                   : sysctl.obj (.text:SysCtlDelay)
                  0000215c    00000006     rtsv7M4_T_le_v4SPD16_eabi.lib : copy_decompress_rle.obj (.text:decompress:rle24)

.const     0    00002164    00000212     
                  00002164    00000090     driverlib.lib : gpio.obj (.const:g_pui32GPIOBaseAddrs)
                  000021f4    00000086     main.obj (.const:.string)
                  0000227a    00000002     --HOLE-- [fill = 0]
                  0000227c    0000006c     driverlib.lib : sysctl.obj (.const:g_pui32Xtals)
                  000022e8    00000030     ustdlib.obj (.const:g_psDaysToMonth)
                  00002318    0000001c     uartstdio.obj (.const)
                  00002334    0000001c     ustdlib.obj (.const)
                  00002350    00000012     uartstdio.obj (.const:.string)
                  00002362    00000002     --HOLE-- [fill = 0]
                  00002364    00000012     ustdlib.obj (.const:.string)

.cinit     0    00002378    00000060     
                  00002378    00000038     (.cinit..data.load) [load image, compression = rle]
                  000023b0    0000000c     (__TI_handler_table)
                  000023bc    00000004     --HOLE-- [fill = 0]
                  000023c0    00000008     (.cinit..bss.load) [load image, compression = zero_init]
                  000023c8    00000010     (__TI_cinit_table)

.stack     0    20000000    00000200     UNINITIALIZED
                  20000000    00000200     --HOLE--

.bss       0    20000200    000000a4     UNINITIALIZED
                  20000200    00000080     main.obj (.bss:g_cInput)
                  20000280    00000024     cmdline.obj (.bss:g_ppcArgv)

.data      0    200002a4    00000050     UNINITIALIZED
                  200002a4    00000030     main.obj (.data:g_psCmdTable)
                  200002d4    00000008     rtsv7M4_T_le_v4SPD16_eabi.lib : _lock.obj (.data)
                  200002dc    00000008                                   : exit.obj (.data)
                  200002e4    00000005     uartstdio.obj (.data)
                  200002e9    00000003     --HOLE--
                  200002ec    00000004     rtsv7M4_T_le_v4SPD16_eabi.lib : stkdepth_vars.obj (.data)
                  200002f0    00000004     ustdlib.obj (.data)


LINKER GENERATED COPY TABLES

__TI_cinit_table @ 000023c8 records: 2, size/record: 8, table size: 16
	.data: load addr=00002378, load size=00000038 bytes, run addr=200002a4, run size=00000050 bytes, compression=rle
	.bss: load addr=000023c0, load size=00000008 bytes, run addr=20000200, run size=000000a4 bytes, compression=zero_init


LINKER GENERATED HANDLER TABLE

__TI_handler_table @ 000023b0 records: 3, size/record: 4, table size: 12
	index: 0, handler: __TI_decompress_rle24
	index: 1, handler: __TI_decompress_none
	index: 2, handler: __TI_zero_init


GLOBAL SYMBOLS: SORTED ALPHABETICALLY BY Name 

address    name
--------   ----
00001dfd   C$$EXIT
0000138d   CMD_help
000013df   CMD_read
00001431   CMD_write
00001a9d   CmdLineProcess
00001491   ConfigureUART
000020e9   EEPROMBlockCountGet
00001e85   EEPROMInit
000019d9   EEPROMProgram
00001f41   EEPROMRead
00002089   EEPROMSizeGet
000020f9   FPUEnable
00002109   FPULazyStackingEnable
00002011   GPIODirModeSet
000016a1   GPIOPadConfigSet
00001d29   GPIOPinConfigure
000020c5   GPIOPinTypeUART
00002137   ResetISR
UNDEFED    SHT$$INIT_ARRAY$$Base
UNDEFED    SHT$$INIT_ARRAY$$Limit
000017d1   SysCtlClockGet
000018e9   SysCtlClockSet
00002157   SysCtlDelay
00001f75   SysCtlPeripheralEnable
00001fa9   SysCtlPeripheralPresent
00001cd9   SysCtlPeripheralReset
00002143   UARTCharGet
0000214d   UARTCharPut
00001ec5   UARTConfigSetExpClk
0000203d   UARTDisable
0000209d   UARTEnable
00000ef1   UARTStdioConfig
00001037   UARTgetc
00000f7d   UARTgets
00001357   UARTprintf
0000105d   UARTvprintf
00000f37   UARTwrite
20000200   __STACK_END
00000200   __STACK_SIZE
20000200   __STACK_TOP
000023c8   __TI_CINIT_Base
000023d8   __TI_CINIT_Limit
000023b0   __TI_Handler_Table_Base
000023bc   __TI_Handler_Table_Limit
00000001   __TI_args_main
00001be5   __TI_auto_init
200002dc   __TI_cleanup_ptr
00002129   __TI_decompress_none
0000215d   __TI_decompress_rle24
200002e0   __TI_dtors_ptr
00000000   __TI_static_base__
000020d7   __TI_zero_init
00001b49   __aeabi_memcpy
00001b49   __aeabi_memcpy4
00001b49   __aeabi_memcpy8
00001e41   __aeabi_uidivmod
ffffffff   __binit__
ffffffff   __c_args__
20000000   __stack
00002059   _args_main
00001d71   _c_int00
200002d4   _lock
000020bf   _nop
000020b7   _register_lock
000020b1   _register_unlock
200002d8   _unlock
00001e01   abort
ffffffff   binit
00001db9   copy_in
00001e09   exit
00000000   g_pfnVectors
200002a4   g_psCmdTable
000014c9   main
200002ec   main_func_sp
00001b49   memcpy
00002071   strcmp
00000751   ulocaltime
0000094f   umktime
00000ec9   urand
00000721   usnprintf
000006ef   usprintf
00000eb9   usrand
00000e31   ustrcasecmp
00000ea5   ustrcmp
00000d35   ustrlen
00000d8d   ustrncasecmp
00000e45   ustrncmp
0000026d   ustrncpy
00000d57   ustrstr
00000afd   ustrtof
000009c5   ustrtoul
000002c5   uvsnprintf


GLOBAL SYMBOLS: SORTED BY Symbol Address 

address    name
--------   ----
00000000   __TI_static_base__
00000000   g_pfnVectors
00000001   __TI_args_main
00000200   __STACK_SIZE
0000026d   ustrncpy
000002c5   uvsnprintf
000006ef   usprintf
00000721   usnprintf
00000751   ulocaltime
0000094f   umktime
000009c5   ustrtoul
00000afd   ustrtof
00000d35   ustrlen
00000d57   ustrstr
00000d8d   ustrncasecmp
00000e31   ustrcasecmp
00000e45   ustrncmp
00000ea5   ustrcmp
00000eb9   usrand
00000ec9   urand
00000ef1   UARTStdioConfig
00000f37   UARTwrite
00000f7d   UARTgets
00001037   UARTgetc
0000105d   UARTvprintf
00001357   UARTprintf
0000138d   CMD_help
000013df   CMD_read
00001431   CMD_write
00001491   ConfigureUART
000014c9   main
000016a1   GPIOPadConfigSet
000017d1   SysCtlClockGet
000018e9   SysCtlClockSet
000019d9   EEPROMProgram
00001a9d   CmdLineProcess
00001b49   __aeabi_memcpy
00001b49   __aeabi_memcpy4
00001b49   __aeabi_memcpy8
00001b49   memcpy
00001be5   __TI_auto_init
00001cd9   SysCtlPeripheralReset
00001d29   GPIOPinConfigure
00001d71   _c_int00
00001db9   copy_in
00001dfd   C$$EXIT
00001e01   abort
00001e09   exit
00001e41   __aeabi_uidivmod
00001e85   EEPROMInit
00001ec5   UARTConfigSetExpClk
00001f41   EEPROMRead
00001f75   SysCtlPeripheralEnable
00001fa9   SysCtlPeripheralPresent
00002011   GPIODirModeSet
0000203d   UARTDisable
00002059   _args_main
00002071   strcmp
00002089   EEPROMSizeGet
0000209d   UARTEnable
000020b1   _register_unlock
000020b7   _register_lock
000020bf   _nop
000020c5   GPIOPinTypeUART
000020d7   __TI_zero_init
000020e9   EEPROMBlockCountGet
000020f9   FPUEnable
00002109   FPULazyStackingEnable
00002129   __TI_decompress_none
00002137   ResetISR
00002143   UARTCharGet
0000214d   UARTCharPut
00002157   SysCtlDelay
0000215d   __TI_decompress_rle24
000023b0   __TI_Handler_Table_Base
000023bc   __TI_Handler_Table_Limit
000023c8   __TI_CINIT_Base
000023d8   __TI_CINIT_Limit
20000000   __stack
20000200   __STACK_END
20000200   __STACK_TOP
200002a4   g_psCmdTable
200002d4   _lock
200002d8   _unlock
200002dc   __TI_cleanup_ptr
200002e0   __TI_dtors_ptr
200002ec   main_func_sp
ffffffff   __binit__
ffffffff   __c_args__
ffffffff   binit
UNDEFED    SHT$$INIT_ARRAY$$Base
UNDEFED    SHT$$INIT_ARRAY$$Limit

[92 symbols]
