******************************************************************************
                  TI ARM Linker PC v5.1.8                      
******************************************************************************
>> Linked Thu Apr 30 16:08:16 2015

OUTPUT FILE NAME:   <eeprom_Uart.out>
ENTRY POINT SYMBOL: "_c_int00"  address: 00002235


MEMORY CONFIGURATION

         name            origin    length      used     unused   attr    fill
----------------------  --------  ---------  --------  --------  ----  --------
  FLASH                 00000000   00040000  00002986  0003d67a  R  X
  SRAM                  20000000   00008000  00000789  00007877  RW X


SEGMENT ALLOCATION MAP

run origin  load origin   length   init length attrs members
----------  ----------- ---------- ----------- ----- -------
00000000    00000000    00002988   00002988    r-x
  00000000    00000000    0000026c   0000026c    r-- .intvecs
  0000026c    0000026c    0000242c   0000242c    r-x .text
  00002698    00002698    0000028e   0000028e    r-- .const
  00002928    00002928    00000060   00000060    r-- .cinit
20000000    20000000    0000078c   00000000    rw-
  20000000    20000000    00000529   00000000    rw- .bss
  2000052c    2000052c    00000200   00000000    rw- .stack
  2000072c    2000072c    00000060   00000000    rw- .data


SECTION ALLOCATION MAP

 output                                  attributes/
section   page    origin      length       input sections
--------  ----  ----------  ----------   ----------------
.intvecs   0    00000000    0000026c     
                  00000000    0000026c     tm4c123gh6pm_startup_ccs.obj (.intvecs)

.init_array 
*          0    00000000    00000000     UNINITIALIZED

.text      0    0000026c    0000242c     
                  0000026c    00000c84     ustdlib.obj (.text)
                  00000ef0    00000874     uartstdio.obj (.text)
                  00001764    00000340     main.obj (.text)
                  00001aa4    00000130     driverlib.lib : gpio.obj (.text:GPIOPadConfigSet)
                  00001bd4    00000118                   : sysctl.obj (.text:SysCtlClockGet)
                  00001cec    000000f0                   : sysctl.obj (.text:SysCtlClockSet)
                  00001ddc    000000c4                   : eeprom.obj (.text:EEPROMProgram)
                  00001ea0    000000ac     cmdline.obj (.text)
                  00001f4c    0000009c     rtsv7M4_T_le_v4SPD16_eabi.lib : memcpy_t2.obj (.text)
                  00001fe8    00000094                                   : auto_init.obj (.text)
                  0000207c    00000060     driverlib.lib : interrupt.obj (.text:IntDisable)
                  000020dc    00000060                   : interrupt.obj (.text:IntEnable)
                  0000213c    0000005e     rtsv7M4_T_le_v4SPD16_eabi.lib : copy_decompress_rle.obj (.text)
                  0000219a    00000002     --HOLE-- [fill = 0]
                  0000219c    00000050     driverlib.lib : sysctl.obj (.text:SysCtlPeripheralReset)
                  000021ec    00000048                   : gpio.obj (.text:GPIOPinConfigure)
                  00002234    00000048     rtsv7M4_T_le_v4SPD16_eabi.lib : boot.obj (.text)
                  0000227c    00000044                                   : cpy_tbl.obj (.text)
                  000022c0    00000044                                   : exit.obj (.text)
                  00002304    00000042                                   : u_divt2.obj (.text)
                  00002346    00000002     --HOLE-- [fill = 0]
                  00002348    00000040     driverlib.lib : eeprom.obj (.text:EEPROMInit)
                  00002388    00000040                   : uart.obj (.text:UARTConfigSetExpClk)
                  000023c8    0000003c                   : eeprom.obj (.text:_EEPROMSectorMaskSet)
                  00002404    00000034                   : eeprom.obj (.text:EEPROMRead)
                  00002438    00000034                   : sysctl.obj (.text:SysCtlPeripheralEnable)
                  0000246c    00000034                   : sysctl.obj (.text:SysCtlPeripheralPresent)
                  000024a0    00000034                   : eeprom.obj (.text:_EEPROMSectorMaskClear)
                  000024d4    0000002a                   : gpio.obj (.text:GPIODirModeSet)
                  000024fe    00000002     --HOLE-- [fill = 0]
                  00002500    0000001c                   : uart.obj (.text:UARTDisable)
                  0000251c    00000018     rtsv7M4_T_le_v4SPD16_eabi.lib : args_main.obj (.text)
                  00002534    00000018                                   : strcmp.obj (.text)
                  0000254c    00000014     driverlib.lib : eeprom.obj (.text:EEPROMSizeGet)
                  00002560    00000014                   : uart.obj (.text:UARTEnable)
                  00002574    00000014     rtsv7M4_T_le_v4SPD16_eabi.lib : _lock.obj (.text)
                  00002588    00000012     driverlib.lib : gpio.obj (.text:GPIOPinTypeUART)
                  0000259a    00000012     rtsv7M4_T_le_v4SPD16_eabi.lib : copy_zero_init.obj (.text:decompress:ZI)
                  000025ac    00000010     driverlib.lib : eeprom.obj (.text:EEPROMBlockCountGet)
                  000025bc    00000010                   : fpu.obj (.text:FPUEnable)
                  000025cc    00000010                   : fpu.obj (.text:FPULazyStackingEnable)
                  000025dc    00000010                   : eeprom.obj (.text:_EEPROMWaitForDone)
                  000025ec    0000000e                   : uart.obj (.text:UARTCharGetNonBlocking)
                  000025fa    0000000e                   : uart.obj (.text:UARTCharPutNonBlocking)
                  00002608    0000000e     rtsv7M4_T_le_v4SPD16_eabi.lib : copy_decompress_none.obj (.text:decompress:none)
                  00002616    0000000c     driverlib.lib : cpu.obj (.text:CPUcpsid)
                  00002622    0000000c                   : cpu.obj (.text:CPUcpsie)
                  0000262e    0000000c                   : uart.obj (.text:UARTCharsAvail)
                  0000263a    0000000c                   : uart.obj (.text:UARTSpaceAvail)
                  00002646    0000000c     tm4c123gh6pm_startup_ccs.obj (.text)
                  00002652    0000000a     driverlib.lib : interrupt.obj (.text:IntMasterDisable)
                  0000265c    0000000a                   : interrupt.obj (.text:IntMasterEnable)
                  00002666    0000000a                   : uart.obj (.text:UARTIntDisable)
                  00002670    0000000a                   : uart.obj (.text:UARTIntStatus)
                  0000267a    00000008                   : uart.obj (.text:UARTIntEnable)
                  00002682    00000006                   : sysctl.obj (.text:SysCtlDelay)
                  00002688    00000006                   : uart.obj (.text:UARTFIFOLevelSet)
                  0000268e    00000006     rtsv7M4_T_le_v4SPD16_eabi.lib : copy_decompress_rle.obj (.text:decompress:rle24)
                  00002694    00000004     driverlib.lib : uart.obj (.text:UARTIntClear)

.const     0    00002698    0000028e     
                  00002698    00000090     driverlib.lib : gpio.obj (.const:g_pui32GPIOBaseAddrs)
                  00002728    00000086     main.obj (.const:.string)
                  000027ae    00000002     --HOLE-- [fill = 0]
                  000027b0    00000070     driverlib.lib : interrupt.obj (.const)
                  00002820    0000006c                   : sysctl.obj (.const:g_pui32Xtals)
                  0000288c    00000030     ustdlib.obj (.const:g_psDaysToMonth)
                  000028bc    00000028     uartstdio.obj (.const)
                  000028e4    0000001c     ustdlib.obj (.const)
                  00002900    00000012     uartstdio.obj (.const:.string)
                  00002912    00000002     --HOLE-- [fill = 0]
                  00002914    00000012     ustdlib.obj (.const:.string)

.cinit     0    00002928    00000060     
                  00002928    00000038     (.cinit..data.load) [load image, compression = rle]
                  00002960    0000000c     (__TI_handler_table)
                  0000296c    00000004     --HOLE-- [fill = 0]
                  00002970    00000008     (.cinit..bss.load) [load image, compression = zero_init]
                  00002978    00000010     (__TI_cinit_table)

.bss       0    20000000    00000529     UNINITIALIZED
                  20000000    00000400     uartstdio.obj (.bss:g_pcUARTTxBuffer)
                  20000400    00000080     main.obj (.bss:g_cInput)
                  20000480    00000080     uartstdio.obj (.bss:g_pcUARTRxBuffer)
                  20000500    00000024     cmdline.obj (.bss:g_ppcArgv)
                  20000524    00000004     (.common:g_ui32PortNum)
                  20000528    00000001     (.common:g_bDisableEcho)

.stack     0    2000052c    00000200     UNINITIALIZED
                  2000052c    00000200     --HOLE--

.data      0    2000072c    00000060     UNINITIALIZED
                  2000072c    00000030     main.obj (.data:g_psCmdTable)
                  2000075c    00000015     uartstdio.obj (.data)
                  20000771    00000003     --HOLE--
                  20000774    00000008     rtsv7M4_T_le_v4SPD16_eabi.lib : _lock.obj (.data)
                  2000077c    00000008                                   : exit.obj (.data)
                  20000784    00000004                                   : stkdepth_vars.obj (.data)
                  20000788    00000004     ustdlib.obj (.data)


LINKER GENERATED COPY TABLES

__TI_cinit_table @ 00002978 records: 2, size/record: 8, table size: 16
	.data: load addr=00002928, load size=00000038 bytes, run addr=2000072c, run size=00000060 bytes, compression=rle
	.bss: load addr=00002970, load size=00000008 bytes, run addr=20000000, run size=00000529 bytes, compression=zero_init


LINKER GENERATED HANDLER TABLE

__TI_handler_table @ 00002960 records: 3, size/record: 4, table size: 12
	index: 0, handler: __TI_decompress_rle24
	index: 1, handler: __TI_decompress_none
	index: 2, handler: __TI_zero_init


GLOBAL SYMBOLS: SORTED ALPHABETICALLY BY Name 

address    name
--------   ----
000022c1   C$$EXIT
00001765   CMD_help
000017b7   CMD_read
00001809   CMD_write
00002617   CPUcpsid
00002623   CPUcpsie
00001ea1   CmdLineProcess
00001869   ConfigureUART
000025ad   EEPROMBlockCountGet
00002349   EEPROMInit
00001ddd   EEPROMProgram
00002405   EEPROMRead
0000254d   EEPROMSizeGet
000025bd   FPUEnable
000025cd   FPULazyStackingEnable
000024d5   GPIODirModeSet
00001aa5   GPIOPadConfigSet
000021ed   GPIOPinConfigure
00002589   GPIOPinTypeUART
0000207d   IntDisable
000020dd   IntEnable
00002653   IntMasterDisable
0000265d   IntMasterEnable
00002647   ResetISR
UNDEFED    SHT$$INIT_ARRAY$$Base
UNDEFED    SHT$$INIT_ARRAY$$Limit
00001bd5   SysCtlClockGet
00001ced   SysCtlClockSet
00002683   SysCtlDelay
00002439   SysCtlPeripheralEnable
0000246d   SysCtlPeripheralPresent
0000219d   SysCtlPeripheralReset
000025ed   UARTCharGetNonBlocking
000025fb   UARTCharPutNonBlocking
0000262f   UARTCharsAvail
00002389   UARTConfigSetExpClk
00002501   UARTDisable
000015d5   UARTEchoSet
00002561   UARTEnable
00002689   UARTFIFOLevelSet
0000157f   UARTFlushRx
0000159f   UARTFlushTx
00002695   UARTIntClear
00002667   UARTIntDisable
0000267b   UARTIntEnable
00002671   UARTIntStatus
00001525   UARTPeek
00001503   UARTRxBytesAvail
000018a1   UARTSend
0000263b   UARTSpaceAvail
00000fe9   UARTStdioConfig
00001609   UARTStdioIntHandler
00001511   UARTTxBytesFree
0000118b   UARTgetc
0000110f   UARTgets
000014df   UARTprintf
000011e5   UARTvprintf
0000106f   UARTwrite
2000072c   __STACK_END
00000200   __STACK_SIZE
2000072c   __STACK_TOP
00002978   __TI_CINIT_Base
00002988   __TI_CINIT_Limit
00002960   __TI_Handler_Table_Base
0000296c   __TI_Handler_Table_Limit
00000001   __TI_args_main
00001fe9   __TI_auto_init
2000077c   __TI_cleanup_ptr
00002609   __TI_decompress_none
0000268f   __TI_decompress_rle24
20000780   __TI_dtors_ptr
00000000   __TI_static_base__
0000259b   __TI_zero_init
00001f4d   __aeabi_memcpy
00001f4d   __aeabi_memcpy4
00001f4d   __aeabi_memcpy8
00002305   __aeabi_uidivmod
ffffffff   __binit__
ffffffff   __c_args__
2000052c   __stack
0000251d   _args_main
00002235   _c_int00
20000774   _lock
00002583   _nop
0000257b   _register_lock
00002575   _register_unlock
20000778   _unlock
000022c5   abort
ffffffff   binit
0000227d   copy_in
000022cd   exit
00000000   g_pfnVectors
2000072c   g_psCmdTable
000018c9   main
20000784   main_func_sp
00001f4d   memcpy
00002535   strcmp
00000751   ulocaltime
0000094f   umktime
00000ec9   urand
00000721   usnprintf
000006ef   usprintf
00000eb9   usrand
00000e31   ustrcasecmp
00000ea5   ustrcmp
00000d35   ustrlen
00000d8d   ustrncasecmp
00000e45   ustrncmp
0000026d   ustrncpy
00000d57   ustrstr
00000afd   ustrtof
000009c5   ustrtoul
000002c5   uvsnprintf


GLOBAL SYMBOLS: SORTED BY Symbol Address 

address    name
--------   ----
00000000   __TI_static_base__
00000000   g_pfnVectors
00000001   __TI_args_main
00000200   __STACK_SIZE
0000026d   ustrncpy
000002c5   uvsnprintf
000006ef   usprintf
00000721   usnprintf
00000751   ulocaltime
0000094f   umktime
000009c5   ustrtoul
00000afd   ustrtof
00000d35   ustrlen
00000d57   ustrstr
00000d8d   ustrncasecmp
00000e31   ustrcasecmp
00000e45   ustrncmp
00000ea5   ustrcmp
00000eb9   usrand
00000ec9   urand
00000fe9   UARTStdioConfig
0000106f   UARTwrite
0000110f   UARTgets
0000118b   UARTgetc
000011e5   UARTvprintf
000014df   UARTprintf
00001503   UARTRxBytesAvail
00001511   UARTTxBytesFree
00001525   UARTPeek
0000157f   UARTFlushRx
0000159f   UARTFlushTx
000015d5   UARTEchoSet
00001609   UARTStdioIntHandler
00001765   CMD_help
000017b7   CMD_read
00001809   CMD_write
00001869   ConfigureUART
000018a1   UARTSend
000018c9   main
00001aa5   GPIOPadConfigSet
00001bd5   SysCtlClockGet
00001ced   SysCtlClockSet
00001ddd   EEPROMProgram
00001ea1   CmdLineProcess
00001f4d   __aeabi_memcpy
00001f4d   __aeabi_memcpy4
00001f4d   __aeabi_memcpy8
00001f4d   memcpy
00001fe9   __TI_auto_init
0000207d   IntDisable
000020dd   IntEnable
0000219d   SysCtlPeripheralReset
000021ed   GPIOPinConfigure
00002235   _c_int00
0000227d   copy_in
000022c1   C$$EXIT
000022c5   abort
000022cd   exit
00002305   __aeabi_uidivmod
00002349   EEPROMInit
00002389   UARTConfigSetExpClk
00002405   EEPROMRead
00002439   SysCtlPeripheralEnable
0000246d   SysCtlPeripheralPresent
000024d5   GPIODirModeSet
00002501   UARTDisable
0000251d   _args_main
00002535   strcmp
0000254d   EEPROMSizeGet
00002561   UARTEnable
00002575   _register_unlock
0000257b   _register_lock
00002583   _nop
00002589   GPIOPinTypeUART
0000259b   __TI_zero_init
000025ad   EEPROMBlockCountGet
000025bd   FPUEnable
000025cd   FPULazyStackingEnable
000025ed   UARTCharGetNonBlocking
000025fb   UARTCharPutNonBlocking
00002609   __TI_decompress_none
00002617   CPUcpsid
00002623   CPUcpsie
0000262f   UARTCharsAvail
0000263b   UARTSpaceAvail
00002647   ResetISR
00002653   IntMasterDisable
0000265d   IntMasterEnable
00002667   UARTIntDisable
00002671   UARTIntStatus
0000267b   UARTIntEnable
00002683   SysCtlDelay
00002689   UARTFIFOLevelSet
0000268f   __TI_decompress_rle24
00002695   UARTIntClear
00002960   __TI_Handler_Table_Base
0000296c   __TI_Handler_Table_Limit
00002978   __TI_CINIT_Base
00002988   __TI_CINIT_Limit
2000052c   __stack
2000072c   __STACK_END
2000072c   __STACK_TOP
2000072c   g_psCmdTable
20000774   _lock
20000778   _unlock
2000077c   __TI_cleanup_ptr
20000780   __TI_dtors_ptr
20000784   main_func_sp
ffffffff   __binit__
ffffffff   __c_args__
ffffffff   binit
UNDEFED    SHT$$INIT_ARRAY$$Base
UNDEFED    SHT$$INIT_ARRAY$$Limit

[113 symbols]
