<?xml version="1.0"?>
<link_info>
   <banner>TI ARM Linker PC v5.1.8</banner>
   <copyright>Copyright (c) 1996-2014 Texas Instruments Incorporated</copyright>
   <link_time>0x5541f100</link_time>
   <link_errors>0x0</link_errors>
   <output_file>eeprom_Uart.out</output_file>
   <entry_point>
      <name>_c_int00</name>
      <address>0x2235</address>
   </entry_point>
   <input_file_list>
      <input_file id="fl-2">
         <path>.\</path>
         <kind>object</kind>
         <file>cmdline.obj</file>
         <name>cmdline.obj</name>
      </input_file>
      <input_file id="fl-3">
         <path>.\</path>
         <kind>object</kind>
         <file>main.obj</file>
         <name>main.obj</name>
      </input_file>
      <input_file id="fl-4">
         <path>.\</path>
         <kind>object</kind>
         <file>tm4c123gh6pm_startup_ccs.obj</file>
         <name>tm4c123gh6pm_startup_ccs.obj</name>
      </input_file>
      <input_file id="fl-5">
         <path>.\</path>
         <kind>object</kind>
         <file>uartstdio.obj</file>
         <name>uartstdio.obj</name>
      </input_file>
      <input_file id="fl-6">
         <path>.\</path>
         <kind>object</kind>
         <file>ustdlib.obj</file>
         <name>ustdlib.obj</name>
      </input_file>
      <input_file id="fl-134">
         <path>F:\CCS\CCS6\ccsv6\tools\compiler\arm_5.1.8\lib\</path>
         <kind>archive</kind>
         <file>rtsv7M4_T_le_v4SPD16_eabi.lib</file>
         <name>boot.obj</name>
      </input_file>
      <input_file id="fl-135">
         <path>F:\CCS\CCS6\ccsv6\tools\compiler\arm_5.1.8\lib\</path>
         <kind>archive</kind>
         <file>rtsv7M4_T_le_v4SPD16_eabi.lib</file>
         <name>copy_decompress_none.obj</name>
      </input_file>
      <input_file id="fl-136">
         <path>F:\CCS\CCS6\ccsv6\tools\compiler\arm_5.1.8\lib\</path>
         <kind>archive</kind>
         <file>rtsv7M4_T_le_v4SPD16_eabi.lib</file>
         <name>copy_decompress_rle.obj</name>
      </input_file>
      <input_file id="fl-137">
         <path>F:\CCS\CCS6\ccsv6\tools\compiler\arm_5.1.8\lib\</path>
         <kind>archive</kind>
         <file>rtsv7M4_T_le_v4SPD16_eabi.lib</file>
         <name>copy_zero_init.obj</name>
      </input_file>
      <input_file id="fl-138">
         <path>F:\CCS\CCS6\ccsv6\tools\compiler\arm_5.1.8\lib\</path>
         <kind>archive</kind>
         <file>rtsv7M4_T_le_v4SPD16_eabi.lib</file>
         <name>exit.obj</name>
      </input_file>
      <input_file id="fl-139">
         <path>F:\CCS\CCS6\ccsv6\tools\compiler\arm_5.1.8\lib\</path>
         <kind>archive</kind>
         <file>rtsv7M4_T_le_v4SPD16_eabi.lib</file>
         <name>memcpy_t2.obj</name>
      </input_file>
      <input_file id="fl-13a">
         <path>F:\CCS\CCS6\ccsv6\tools\compiler\arm_5.1.8\lib\</path>
         <kind>archive</kind>
         <file>rtsv7M4_T_le_v4SPD16_eabi.lib</file>
         <name>stkdepth_vars.obj</name>
      </input_file>
      <input_file id="fl-13b">
         <path>F:\CCS\CCS6\ccsv6\tools\compiler\arm_5.1.8\lib\</path>
         <kind>archive</kind>
         <file>rtsv7M4_T_le_v4SPD16_eabi.lib</file>
         <name>strcmp.obj</name>
      </input_file>
      <input_file id="fl-13c">
         <path>F:\CCS\CCS6\ccsv6\tools\compiler\arm_5.1.8\lib\</path>
         <kind>archive</kind>
         <file>rtsv7M4_T_le_v4SPD16_eabi.lib</file>
         <name>u_divt2.obj</name>
      </input_file>
      <input_file id="fl-13d">
         <path>F:\CCS\CCS6\ccsv6\tools\compiler\arm_5.1.8\lib\</path>
         <kind>archive</kind>
         <file>rtsv7M4_T_le_v4SPD16_eabi.lib</file>
         <name>_lock.obj</name>
      </input_file>
      <input_file id="fl-13e">
         <path>F:\CCS\CCS6\ccsv6\tools\compiler\arm_5.1.8\lib\</path>
         <kind>archive</kind>
         <file>rtsv7M4_T_le_v4SPD16_eabi.lib</file>
         <name>args_main.obj</name>
      </input_file>
      <input_file id="fl-13f">
         <path>F:\CCS\CCS6\ccsv6\tools\compiler\arm_5.1.8\lib\</path>
         <kind>archive</kind>
         <file>rtsv7M4_T_le_v4SPD16_eabi.lib</file>
         <name>auto_init.obj</name>
      </input_file>
      <input_file id="fl-140">
         <path>F:\CCS\CCS6\ccsv6\tools\compiler\arm_5.1.8\lib\</path>
         <kind>archive</kind>
         <file>rtsv7M4_T_le_v4SPD16_eabi.lib</file>
         <name>cpy_tbl.obj</name>
      </input_file>
      <input_file id="fl-141">
         <path>C:\ti\TivaWare_C_Series-2.1.0.12573\driverlib\ccs\Debug\</path>
         <kind>archive</kind>
         <file>driverlib.lib</file>
         <name>uart.obj</name>
      </input_file>
      <input_file id="fl-142">
         <path>C:\ti\TivaWare_C_Series-2.1.0.12573\driverlib\ccs\Debug\</path>
         <kind>archive</kind>
         <file>driverlib.lib</file>
         <name>sysctl.obj</name>
      </input_file>
      <input_file id="fl-143">
         <path>C:\ti\TivaWare_C_Series-2.1.0.12573\driverlib\ccs\Debug\</path>
         <kind>archive</kind>
         <file>driverlib.lib</file>
         <name>interrupt.obj</name>
      </input_file>
      <input_file id="fl-144">
         <path>C:\ti\TivaWare_C_Series-2.1.0.12573\driverlib\ccs\Debug\</path>
         <kind>archive</kind>
         <file>driverlib.lib</file>
         <name>gpio.obj</name>
      </input_file>
      <input_file id="fl-145">
         <path>C:\ti\TivaWare_C_Series-2.1.0.12573\driverlib\ccs\Debug\</path>
         <kind>archive</kind>
         <file>driverlib.lib</file>
         <name>fpu.obj</name>
      </input_file>
      <input_file id="fl-146">
         <path>C:\ti\TivaWare_C_Series-2.1.0.12573\driverlib\ccs\Debug\</path>
         <kind>archive</kind>
         <file>driverlib.lib</file>
         <name>eeprom.obj</name>
      </input_file>
      <input_file id="fl-147">
         <path>C:\ti\TivaWare_C_Series-2.1.0.12573\driverlib\ccs\Debug\</path>
         <kind>archive</kind>
         <file>driverlib.lib</file>
         <name>cpu.obj</name>
      </input_file>
   </input_file_list>
   <object_component_list>
      <object_component id="oc-e">
         <name>.intvecs</name>
         <load_address>0x0</load_address>
         <run_address>0x0</run_address>
         <size>0x26c</size>
         <input_file_ref idref="fl-4"/>
      </object_component>
      <object_component id="oc-ad">
         <name>.text</name>
         <load_address>0x26c</load_address>
         <run_address>0x26c</run_address>
         <size>0xc84</size>
         <input_file_ref idref="fl-6"/>
      </object_component>
      <object_component id="oc-a7">
         <name>.text</name>
         <load_address>0xef0</load_address>
         <run_address>0xef0</run_address>
         <size>0x874</size>
         <input_file_ref idref="fl-5"/>
      </object_component>
      <object_component id="oc-7b">
         <name>.text</name>
         <load_address>0x1764</load_address>
         <run_address>0x1764</run_address>
         <size>0x340</size>
         <input_file_ref idref="fl-3"/>
      </object_component>
      <object_component id="oc-1d2">
         <name>.text:GPIOPadConfigSet</name>
         <load_address>0x1aa4</load_address>
         <run_address>0x1aa4</run_address>
         <size>0x130</size>
         <input_file_ref idref="fl-144"/>
      </object_component>
      <object_component id="oc-d1">
         <name>.text:SysCtlClockGet</name>
         <load_address>0x1bd4</load_address>
         <run_address>0x1bd4</run_address>
         <size>0x118</size>
         <input_file_ref idref="fl-142"/>
      </object_component>
      <object_component id="oc-e9">
         <name>.text:SysCtlClockSet</name>
         <load_address>0x1cec</load_address>
         <run_address>0x1cec</run_address>
         <size>0xf0</size>
         <input_file_ref idref="fl-142"/>
      </object_component>
      <object_component id="oc-b9">
         <name>.text:EEPROMProgram</name>
         <load_address>0x1ddc</load_address>
         <run_address>0x1ddc</run_address>
         <size>0xc4</size>
         <input_file_ref idref="fl-146"/>
      </object_component>
      <object_component id="oc-101">
         <name>.text</name>
         <load_address>0x1ea0</load_address>
         <run_address>0x1ea0</run_address>
         <size>0xac</size>
         <input_file_ref idref="fl-2"/>
      </object_component>
      <object_component id="oc-47">
         <name>.text</name>
         <load_address>0x1f4c</load_address>
         <run_address>0x1f4c</run_address>
         <size>0x9c</size>
         <input_file_ref idref="fl-139"/>
      </object_component>
      <object_component id="oc-32">
         <name>.text</name>
         <load_address>0x1fe8</load_address>
         <run_address>0x1fe8</run_address>
         <size>0x94</size>
         <input_file_ref idref="fl-13f"/>
      </object_component>
      <object_component id="oc-12b">
         <name>.text:IntDisable</name>
         <load_address>0x207c</load_address>
         <run_address>0x207c</run_address>
         <size>0x60</size>
         <input_file_ref idref="fl-143"/>
      </object_component>
      <object_component id="oc-137">
         <name>.text:IntEnable</name>
         <load_address>0x20dc</load_address>
         <run_address>0x20dc</run_address>
         <size>0x60</size>
         <input_file_ref idref="fl-143"/>
      </object_component>
      <object_component id="oc-5a">
         <name>.text</name>
         <load_address>0x213c</load_address>
         <run_address>0x213c</run_address>
         <size>0x5e</size>
         <input_file_ref idref="fl-136"/>
      </object_component>
      <object_component id="oc-1ed">
         <name>.text:SysCtlPeripheralReset</name>
         <load_address>0x219c</load_address>
         <run_address>0x219c</run_address>
         <size>0x50</size>
         <input_file_ref idref="fl-142"/>
      </object_component>
      <object_component id="oc-c5">
         <name>.text:GPIOPinConfigure</name>
         <load_address>0x21ec</load_address>
         <run_address>0x21ec</run_address>
         <size>0x48</size>
         <input_file_ref idref="fl-144"/>
      </object_component>
      <object_component id="oc-11">
         <name>.text</name>
         <load_address>0x2234</load_address>
         <run_address>0x2234</run_address>
         <size>0x48</size>
         <input_file_ref idref="fl-134"/>
      </object_component>
      <object_component id="oc-74">
         <name>.text</name>
         <load_address>0x227c</load_address>
         <run_address>0x227c</run_address>
         <size>0x44</size>
         <input_file_ref idref="fl-140"/>
      </object_component>
      <object_component id="oc-3d">
         <name>.text</name>
         <load_address>0x22c0</load_address>
         <run_address>0x22c0</run_address>
         <size>0x44</size>
         <input_file_ref idref="fl-138"/>
      </object_component>
      <object_component id="oc-170">
         <name>.text</name>
         <load_address>0x2304</load_address>
         <run_address>0x2304</run_address>
         <size>0x42</size>
         <input_file_ref idref="fl-13c"/>
      </object_component>
      <object_component id="oc-ef">
         <name>.text:EEPROMInit</name>
         <load_address>0x2348</load_address>
         <run_address>0x2348</run_address>
         <size>0x40</size>
         <input_file_ref idref="fl-146"/>
      </object_component>
      <object_component id="oc-143">
         <name>.text:UARTConfigSetExpClk</name>
         <load_address>0x2388</load_address>
         <run_address>0x2388</run_address>
         <size>0x40</size>
         <input_file_ref idref="fl-141"/>
      </object_component>
      <object_component id="oc-1bd">
         <name>.text:_EEPROMSectorMaskSet</name>
         <load_address>0x23c8</load_address>
         <run_address>0x23c8</run_address>
         <size>0x3c</size>
         <input_file_ref idref="fl-146"/>
      </object_component>
      <object_component id="oc-b3">
         <name>.text:EEPROMRead</name>
         <load_address>0x2404</load_address>
         <run_address>0x2404</run_address>
         <size>0x34</size>
         <input_file_ref idref="fl-146"/>
      </object_component>
      <object_component id="oc-bf">
         <name>.text:SysCtlPeripheralEnable</name>
         <load_address>0x2438</load_address>
         <run_address>0x2438</run_address>
         <size>0x34</size>
         <input_file_ref idref="fl-142"/>
      </object_component>
      <object_component id="oc-13d">
         <name>.text:SysCtlPeripheralPresent</name>
         <load_address>0x246c</load_address>
         <run_address>0x246c</run_address>
         <size>0x34</size>
         <input_file_ref idref="fl-142"/>
      </object_component>
      <object_component id="oc-1b7">
         <name>.text:_EEPROMSectorMaskClear</name>
         <load_address>0x24a0</load_address>
         <run_address>0x24a0</run_address>
         <size>0x34</size>
         <input_file_ref idref="fl-146"/>
      </object_component>
      <object_component id="oc-1cc">
         <name>.text:GPIODirModeSet</name>
         <load_address>0x24d4</load_address>
         <run_address>0x24d4</run_address>
         <size>0x2a</size>
         <input_file_ref idref="fl-144"/>
      </object_component>
      <object_component id="oc-218">
         <name>.text:UARTDisable</name>
         <load_address>0x2500</load_address>
         <run_address>0x2500</run_address>
         <size>0x1c</size>
         <input_file_ref idref="fl-141"/>
      </object_component>
      <object_component id="oc-37">
         <name>.text</name>
         <load_address>0x251c</load_address>
         <run_address>0x251c</run_address>
         <size>0x18</size>
         <input_file_ref idref="fl-13e"/>
      </object_component>
      <object_component id="oc-1f6">
         <name>.text</name>
         <load_address>0x2534</load_address>
         <run_address>0x2534</run_address>
         <size>0x18</size>
         <input_file_ref idref="fl-13b"/>
      </object_component>
      <object_component id="oc-f5">
         <name>.text:EEPROMSizeGet</name>
         <load_address>0x254c</load_address>
         <run_address>0x254c</run_address>
         <size>0x14</size>
         <input_file_ref idref="fl-146"/>
      </object_component>
      <object_component id="oc-15b">
         <name>.text:UARTEnable</name>
         <load_address>0x2560</load_address>
         <run_address>0x2560</run_address>
         <size>0x14</size>
         <input_file_ref idref="fl-141"/>
      </object_component>
      <object_component id="oc-116">
         <name>.text</name>
         <load_address>0x2574</load_address>
         <run_address>0x2574</run_address>
         <size>0x14</size>
         <input_file_ref idref="fl-13d"/>
      </object_component>
      <object_component id="oc-cb">
         <name>.text:GPIOPinTypeUART</name>
         <load_address>0x2588</load_address>
         <run_address>0x2588</run_address>
         <size>0x12</size>
         <input_file_ref idref="fl-144"/>
      </object_component>
      <object_component id="oc-1c">
         <name>.text:decompress:ZI</name>
         <load_address>0x259a</load_address>
         <run_address>0x259a</run_address>
         <size>0x12</size>
         <input_file_ref idref="fl-137"/>
      </object_component>
      <object_component id="oc-fb">
         <name>.text:EEPROMBlockCountGet</name>
         <load_address>0x25ac</load_address>
         <run_address>0x25ac</run_address>
         <size>0x10</size>
         <input_file_ref idref="fl-146"/>
      </object_component>
      <object_component id="oc-dd">
         <name>.text:FPUEnable</name>
         <load_address>0x25bc</load_address>
         <run_address>0x25bc</run_address>
         <size>0x10</size>
         <input_file_ref idref="fl-145"/>
      </object_component>
      <object_component id="oc-e3">
         <name>.text:FPULazyStackingEnable</name>
         <load_address>0x25cc</load_address>
         <run_address>0x25cc</run_address>
         <size>0x10</size>
         <input_file_ref idref="fl-145"/>
      </object_component>
      <object_component id="oc-1e7">
         <name>.text:_EEPROMWaitForDone</name>
         <load_address>0x25dc</load_address>
         <run_address>0x25dc</run_address>
         <size>0x10</size>
         <input_file_ref idref="fl-146"/>
      </object_component>
      <object_component id="oc-18d">
         <name>.text:UARTCharGetNonBlocking</name>
         <load_address>0x25ec</load_address>
         <run_address>0x25ec</run_address>
         <size>0xe</size>
         <input_file_ref idref="fl-141"/>
      </object_component>
      <object_component id="oc-d7">
         <name>.text:UARTCharPutNonBlocking</name>
         <load_address>0x25fa</load_address>
         <run_address>0x25fa</run_address>
         <size>0xe</size>
         <input_file_ref idref="fl-141"/>
      </object_component>
      <object_component id="oc-16">
         <name>.text:decompress:none</name>
         <load_address>0x2608</load_address>
         <run_address>0x2608</run_address>
         <size>0xe</size>
         <input_file_ref idref="fl-135"/>
      </object_component>
      <object_component id="oc-22f">
         <name>.text:CPUcpsid</name>
         <load_address>0x2616</load_address>
         <run_address>0x2616</run_address>
         <size>0xc</size>
         <input_file_ref idref="fl-147"/>
      </object_component>
      <object_component id="oc-236">
         <name>.text:CPUcpsie</name>
         <load_address>0x2622</load_address>
         <run_address>0x2622</run_address>
         <size>0xc</size>
         <input_file_ref idref="fl-147"/>
      </object_component>
      <object_component id="oc-193">
         <name>.text:UARTCharsAvail</name>
         <load_address>0x262e</load_address>
         <run_address>0x262e</run_address>
         <size>0xc</size>
         <input_file_ref idref="fl-141"/>
      </object_component>
      <object_component id="oc-131">
         <name>.text:UARTSpaceAvail</name>
         <load_address>0x263a</load_address>
         <run_address>0x263a</run_address>
         <size>0xc</size>
         <input_file_ref idref="fl-141"/>
      </object_component>
      <object_component id="oc-29">
         <name>.text</name>
         <load_address>0x2646</load_address>
         <run_address>0x2646</run_address>
         <size>0xc</size>
         <input_file_ref idref="fl-4"/>
      </object_component>
      <object_component id="oc-175">
         <name>.text:IntMasterDisable</name>
         <load_address>0x2652</load_address>
         <run_address>0x2652</run_address>
         <size>0xa</size>
         <input_file_ref idref="fl-143"/>
      </object_component>
      <object_component id="oc-17b">
         <name>.text:IntMasterEnable</name>
         <load_address>0x265c</load_address>
         <run_address>0x265c</run_address>
         <size>0xa</size>
         <input_file_ref idref="fl-143"/>
      </object_component>
      <object_component id="oc-14f">
         <name>.text:UARTIntDisable</name>
         <load_address>0x2666</load_address>
         <run_address>0x2666</run_address>
         <size>0xa</size>
         <input_file_ref idref="fl-141"/>
      </object_component>
      <object_component id="oc-181">
         <name>.text:UARTIntStatus</name>
         <load_address>0x2670</load_address>
         <run_address>0x2670</run_address>
         <size>0xa</size>
         <input_file_ref idref="fl-141"/>
      </object_component>
      <object_component id="oc-155">
         <name>.text:UARTIntEnable</name>
         <load_address>0x267a</load_address>
         <run_address>0x267a</run_address>
         <size>0x8</size>
         <input_file_ref idref="fl-141"/>
      </object_component>
      <object_component id="oc-1c3">
         <name>.text:SysCtlDelay</name>
         <load_address>0x2682</load_address>
         <run_address>0x2682</run_address>
         <size>0x6</size>
         <input_file_ref idref="fl-142"/>
      </object_component>
      <object_component id="oc-149">
         <name>.text:UARTFIFOLevelSet</name>
         <load_address>0x2688</load_address>
         <run_address>0x2688</run_address>
         <size>0x6</size>
         <input_file_ref idref="fl-141"/>
      </object_component>
      <object_component id="oc-22">
         <name>.text:decompress:rle24</name>
         <load_address>0x268e</load_address>
         <run_address>0x268e</run_address>
         <size>0x6</size>
         <input_file_ref idref="fl-136"/>
      </object_component>
      <object_component id="oc-187">
         <name>.text:UARTIntClear</name>
         <load_address>0x2694</load_address>
         <run_address>0x2694</run_address>
         <size>0x4</size>
         <input_file_ref idref="fl-141"/>
      </object_component>
      <object_component id="oc-1c7">
         <name>.const:g_pui32GPIOBaseAddrs</name>
         <load_address>0x2698</load_address>
         <run_address>0x2698</run_address>
         <size>0x90</size>
         <input_file_ref idref="fl-144"/>
      </object_component>
      <object_component id="oc-201">
         <name>.const:.string</name>
         <load_address>0x2728</load_address>
         <run_address>0x2728</run_address>
         <size>0x86</size>
         <input_file_ref idref="fl-3"/>
      </object_component>
      <object_component id="oc-210">
         <name>.const</name>
         <load_address>0x27b0</load_address>
         <run_address>0x27b0</run_address>
         <size>0x70</size>
         <input_file_ref idref="fl-143"/>
      </object_component>
      <object_component id="oc-1d9">
         <name>.const:g_pui32Xtals</name>
         <load_address>0x2820</load_address>
         <run_address>0x2820</run_address>
         <size>0x6c</size>
         <input_file_ref idref="fl-142"/>
      </object_component>
      <object_component id="oc-1a3">
         <name>.const:g_psDaysToMonth</name>
         <load_address>0x288c</load_address>
         <run_address>0x288c</run_address>
         <size>0x30</size>
         <input_file_ref idref="fl-6"/>
      </object_component>
      <object_component id="oc-164">
         <name>.const</name>
         <load_address>0x28bc</load_address>
         <run_address>0x28bc</run_address>
         <size>0x28</size>
         <input_file_ref idref="fl-5"/>
      </object_component>
      <object_component id="oc-1a0">
         <name>.const</name>
         <load_address>0x28e4</load_address>
         <run_address>0x28e4</run_address>
         <size>0x1c</size>
         <input_file_ref idref="fl-6"/>
      </object_component>
      <object_component id="oc-225">
         <name>.const:.string</name>
         <load_address>0x2900</load_address>
         <run_address>0x2900</run_address>
         <size>0x12</size>
         <input_file_ref idref="fl-5"/>
      </object_component>
      <object_component id="oc-241">
         <name>.const:.string</name>
         <load_address>0x2914</load_address>
         <run_address>0x2914</run_address>
         <size>0x12</size>
         <input_file_ref idref="fl-6"/>
      </object_component>
      <object_component id="oc-28e">
         <name>.cinit..data.load</name>
         <load_address>0x2928</load_address>
         <run_address>0x2928</run_address>
         <size>0x38</size>
      </object_component>
      <object_component id="oc-28c">
         <name>__TI_handler_table</name>
         <load_address>0x2960</load_address>
         <run_address>0x2960</run_address>
         <size>0xc</size>
      </object_component>
      <object_component id="oc-28f">
         <name>.cinit..bss.load</name>
         <load_address>0x2970</load_address>
         <run_address>0x2970</run_address>
         <size>0x8</size>
      </object_component>
      <object_component id="oc-28d">
         <name>__TI_cinit_table</name>
         <load_address>0x2978</load_address>
         <run_address>0x2978</run_address>
         <size>0x10</size>
      </object_component>
      <object_component id="oc-43">
         <name>.data</name>
         <load_address>0x20000784</load_address>
         <run_address>0x20000784</run_address>
         <size>0x4</size>
         <input_file_ref idref="fl-13a"/>
      </object_component>
      <object_component id="oc-83">
         <name>.data</name>
         <load_address>0x20000774</load_address>
         <run_address>0x20000774</run_address>
         <size>0x8</size>
         <input_file_ref idref="fl-13d"/>
      </object_component>
      <object_component id="oc-86">
         <name>.data</name>
         <load_address>0x2000077c</load_address>
         <run_address>0x2000077c</run_address>
         <size>0x8</size>
         <input_file_ref idref="fl-138"/>
      </object_component>
      <object_component id="oc-107">
         <name>.data:g_psCmdTable</name>
         <load_address>0x2000072c</load_address>
         <run_address>0x2000072c</run_address>
         <size>0x30</size>
         <input_file_ref idref="fl-3"/>
      </object_component>
      <object_component id="oc-161">
         <name>.data</name>
         <load_address>0x2000075c</load_address>
         <run_address>0x2000075c</run_address>
         <size>0x15</size>
         <input_file_ref idref="fl-5"/>
      </object_component>
      <object_component id="oc-1a6">
         <name>.data</name>
         <load_address>0x20000788</load_address>
         <run_address>0x20000788</run_address>
         <size>0x4</size>
         <input_file_ref idref="fl-6"/>
      </object_component>
      <object_component id="oc-10a">
         <name>.bss:g_cInput</name>
         <uninitialized>true</uninitialized>
         <run_address>0x20000400</run_address>
         <size>0x80</size>
         <input_file_ref idref="fl-3"/>
      </object_component>
      <object_component id="oc-16a">
         <name>.bss:g_pcUARTTxBuffer</name>
         <uninitialized>true</uninitialized>
         <run_address>0x20000000</run_address>
         <size>0x400</size>
         <input_file_ref idref="fl-5"/>
      </object_component>
      <object_component id="oc-16d">
         <name>.bss:g_pcUARTRxBuffer</name>
         <uninitialized>true</uninitialized>
         <run_address>0x20000480</run_address>
         <size>0x80</size>
         <input_file_ref idref="fl-5"/>
      </object_component>
      <object_component id="oc-1fc">
         <name>.bss:g_ppcArgv</name>
         <uninitialized>true</uninitialized>
         <run_address>0x20000500</run_address>
         <size>0x24</size>
         <input_file_ref idref="fl-2"/>
      </object_component>
      <object_component id="oc-199">
         <name>.common:g_bDisableEcho</name>
         <uninitialized>true</uninitialized>
         <run_address>0x20000528</run_address>
         <size>0x1</size>
      </object_component>
      <object_component id="oc-167">
         <name>.common:g_ui32PortNum</name>
         <uninitialized>true</uninitialized>
         <run_address>0x20000524</run_address>
         <size>0x4</size>
      </object_component>
      <object_component id="oc-28">
         <name>.stack</name>
         <uninitialized>true</uninitialized>
         <run_address>0x2000052c</run_address>
         <size>0x0</size>
         <input_file_ref idref="fl-134"/>
      </object_component>
      <object_component id="oc-290">
         <name>.stack</name>
         <uninitialized>true</uninitialized>
         <run_address>0x2000052c</run_address>
         <size>0x0</size>
      </object_component>
      <object_component id="oc-f">
         <name>.debug_info</name>
         <load_address>0x0</load_address>
         <run_address>0x0</run_address>
         <size>0xe1</size>
         <input_file_ref idref="fl-4"/>
      </object_component>
      <object_component id="oc-12">
         <name>.debug_info</name>
         <load_address>0xe1</load_address>
         <run_address>0xe1</run_address>
         <size>0xf3</size>
         <input_file_ref idref="fl-134"/>
      </object_component>
      <object_component id="oc-17">
         <name>.debug_info</name>
         <load_address>0x1d4</load_address>
         <run_address>0x1d4</run_address>
         <size>0x194</size>
         <input_file_ref idref="fl-135"/>
      </object_component>
      <object_component id="oc-1d">
         <name>.debug_info</name>
         <load_address>0x368</load_address>
         <run_address>0x368</run_address>
         <size>0x16a</size>
         <input_file_ref idref="fl-137"/>
      </object_component>
      <object_component id="oc-26">
         <name>.debug_info</name>
         <load_address>0x4d2</load_address>
         <run_address>0x4d2</run_address>
         <size>0x18e</size>
         <input_file_ref idref="fl-136"/>
      </object_component>
      <object_component id="oc-2a">
         <name>.debug_info</name>
         <load_address>0x660</load_address>
         <run_address>0x660</run_address>
         <size>0x25d</size>
         <input_file_ref idref="fl-4"/>
      </object_component>
      <object_component id="oc-31">
         <name>.debug_info</name>
         <load_address>0x8bd</load_address>
         <run_address>0x8bd</run_address>
         <size>0xfc</size>
         <input_file_ref idref="fl-4"/>
      </object_component>
      <object_component id="oc-33">
         <name>.debug_info</name>
         <load_address>0x9b9</load_address>
         <run_address>0x9b9</run_address>
         <size>0x13d</size>
         <input_file_ref idref="fl-13f"/>
      </object_component>
      <object_component id="oc-38">
         <name>.debug_info</name>
         <load_address>0xaf6</load_address>
         <run_address>0xaf6</run_address>
         <size>0x11c</size>
         <input_file_ref idref="fl-13e"/>
      </object_component>
      <object_component id="oc-3f">
         <name>.debug_info</name>
         <load_address>0xc12</load_address>
         <run_address>0xc12</run_address>
         <size>0x1c2</size>
         <input_file_ref idref="fl-138"/>
      </object_component>
      <object_component id="oc-44">
         <name>.debug_info</name>
         <load_address>0xdd4</load_address>
         <run_address>0xdd4</run_address>
         <size>0xbe</size>
         <input_file_ref idref="fl-13a"/>
      </object_component>
      <object_component id="oc-49">
         <name>.debug_info</name>
         <load_address>0xe92</load_address>
         <run_address>0xe92</run_address>
         <size>0xcc</size>
         <input_file_ref idref="fl-139"/>
      </object_component>
      <object_component id="oc-4d">
         <name>.debug_info</name>
         <load_address>0xf5e</load_address>
         <run_address>0xf5e</run_address>
         <size>0x46</size>
         <input_file_ref idref="fl-135"/>
      </object_component>
      <object_component id="oc-52">
         <name>.debug_info</name>
         <load_address>0xfa4</load_address>
         <run_address>0xfa4</run_address>
         <size>0xf2</size>
         <input_file_ref idref="fl-135"/>
      </object_component>
      <object_component id="oc-54">
         <name>.debug_info</name>
         <load_address>0x1096</load_address>
         <run_address>0x1096</run_address>
         <size>0x46</size>
         <input_file_ref idref="fl-137"/>
      </object_component>
      <object_component id="oc-59">
         <name>.debug_info</name>
         <load_address>0x10dc</load_address>
         <run_address>0x10dc</run_address>
         <size>0xad</size>
         <input_file_ref idref="fl-137"/>
      </object_component>
      <object_component id="oc-5e">
         <name>.debug_info</name>
         <load_address>0x1189</load_address>
         <run_address>0x1189</run_address>
         <size>0x1ef</size>
         <input_file_ref idref="fl-136"/>
      </object_component>
      <object_component id="oc-61">
         <name>.debug_info</name>
         <load_address>0x1378</load_address>
         <run_address>0x1378</run_address>
         <size>0xb7</size>
         <input_file_ref idref="fl-136"/>
      </object_component>
      <object_component id="oc-62">
         <name>.debug_info</name>
         <load_address>0x142f</load_address>
         <run_address>0x142f</run_address>
         <size>0x39</size>
         <input_file_ref idref="fl-136"/>
      </object_component>
      <object_component id="oc-6a">
         <name>.debug_info</name>
         <load_address>0x1468</load_address>
         <run_address>0x1468</run_address>
         <size>0x84</size>
         <input_file_ref idref="fl-4"/>
      </object_component>
      <object_component id="oc-6f">
         <name>.debug_info</name>
         <load_address>0x14ec</load_address>
         <run_address>0x14ec</run_address>
         <size>0x18b</size>
         <input_file_ref idref="fl-2"/>
      </object_component>
      <object_component id="oc-76">
         <name>.debug_info</name>
         <load_address>0x1677</load_address>
         <run_address>0x1677</run_address>
         <size>0x14b</size>
         <input_file_ref idref="fl-140"/>
      </object_component>
      <object_component id="oc-7c">
         <name>.debug_info</name>
         <load_address>0x17c2</load_address>
         <run_address>0x17c2</run_address>
         <size>0x6de</size>
         <input_file_ref idref="fl-3"/>
      </object_component>
      <object_component id="oc-82">
         <name>.debug_info</name>
         <load_address>0x1ea0</load_address>
         <run_address>0x1ea0</run_address>
         <size>0x11b</size>
         <input_file_ref idref="fl-13e"/>
      </object_component>
      <object_component id="oc-84">
         <name>.debug_info</name>
         <load_address>0x1fbb</load_address>
         <run_address>0x1fbb</run_address>
         <size>0xc8</size>
         <input_file_ref idref="fl-13d"/>
      </object_component>
      <object_component id="oc-87">
         <name>.debug_info</name>
         <load_address>0x2083</load_address>
         <run_address>0x2083</run_address>
         <size>0xeb</size>
         <input_file_ref idref="fl-138"/>
      </object_component>
      <object_component id="oc-8a">
         <name>.debug_info</name>
         <load_address>0x216e</load_address>
         <run_address>0x216e</run_address>
         <size>0x146</size>
         <input_file_ref idref="fl-138"/>
      </object_component>
      <object_component id="oc-8f">
         <name>.debug_info</name>
         <load_address>0x22b4</load_address>
         <run_address>0x22b4</run_address>
         <size>0x2c</size>
         <input_file_ref idref="fl-135"/>
      </object_component>
      <object_component id="oc-96">
         <name>.debug_info</name>
         <load_address>0x22e0</load_address>
         <run_address>0x22e0</run_address>
         <size>0x2c</size>
         <input_file_ref idref="fl-2"/>
      </object_component>
      <object_component id="oc-a0">
         <name>.debug_info</name>
         <load_address>0x230c</load_address>
         <run_address>0x230c</run_address>
         <size>0x8b</size>
         <input_file_ref idref="fl-2"/>
      </object_component>
      <object_component id="oc-a6">
         <name>.debug_info</name>
         <load_address>0x2397</load_address>
         <run_address>0x2397</run_address>
         <size>0x148</size>
         <input_file_ref idref="fl-140"/>
      </object_component>
      <object_component id="oc-a8">
         <name>.debug_info</name>
         <load_address>0x24df</load_address>
         <run_address>0x24df</run_address>
         <size>0x122f</size>
         <input_file_ref idref="fl-5"/>
      </object_component>
      <object_component id="oc-ae">
         <name>.debug_info</name>
         <load_address>0x370e</load_address>
         <run_address>0x370e</run_address>
         <size>0xe44</size>
         <input_file_ref idref="fl-6"/>
      </object_component>
      <object_component id="oc-b4">
         <name>.debug_info</name>
         <load_address>0x4552</load_address>
         <run_address>0x4552</run_address>
         <size>0x2cc</size>
         <input_file_ref idref="fl-146"/>
      </object_component>
      <object_component id="oc-ba">
         <name>.debug_info</name>
         <load_address>0x481e</load_address>
         <run_address>0x481e</run_address>
         <size>0x4bc</size>
         <input_file_ref idref="fl-146"/>
      </object_component>
      <object_component id="oc-c0">
         <name>.debug_info</name>
         <load_address>0x4cda</load_address>
         <run_address>0x4cda</run_address>
         <size>0x1e1</size>
         <input_file_ref idref="fl-142"/>
      </object_component>
      <object_component id="oc-c6">
         <name>.debug_info</name>
         <load_address>0x4ebb</load_address>
         <run_address>0x4ebb</run_address>
         <size>0x1e4</size>
         <input_file_ref idref="fl-144"/>
      </object_component>
      <object_component id="oc-cd">
         <name>.debug_info</name>
         <load_address>0x509f</load_address>
         <run_address>0x509f</run_address>
         <size>0x1df</size>
         <input_file_ref idref="fl-144"/>
      </object_component>
      <object_component id="oc-d2">
         <name>.debug_info</name>
         <load_address>0x527e</load_address>
         <run_address>0x527e</run_address>
         <size>0x219</size>
         <input_file_ref idref="fl-142"/>
      </object_component>
      <object_component id="oc-d8">
         <name>.debug_info</name>
         <load_address>0x5497</load_address>
         <run_address>0x5497</run_address>
         <size>0x1f1</size>
         <input_file_ref idref="fl-141"/>
      </object_component>
      <object_component id="oc-de">
         <name>.debug_info</name>
         <load_address>0x5688</load_address>
         <run_address>0x5688</run_address>
         <size>0x171</size>
         <input_file_ref idref="fl-145"/>
      </object_component>
      <object_component id="oc-e4">
         <name>.debug_info</name>
         <load_address>0x57f9</load_address>
         <run_address>0x57f9</run_address>
         <size>0x189</size>
         <input_file_ref idref="fl-145"/>
      </object_component>
      <object_component id="oc-ea">
         <name>.debug_info</name>
         <load_address>0x5982</load_address>
         <run_address>0x5982</run_address>
         <size>0x363</size>
         <input_file_ref idref="fl-142"/>
      </object_component>
      <object_component id="oc-f0">
         <name>.debug_info</name>
         <load_address>0x5ce5</load_address>
         <run_address>0x5ce5</run_address>
         <size>0x22c</size>
         <input_file_ref idref="fl-146"/>
      </object_component>
      <object_component id="oc-f6">
         <name>.debug_info</name>
         <load_address>0x5f11</load_address>
         <run_address>0x5f11</run_address>
         <size>0x186</size>
         <input_file_ref idref="fl-146"/>
      </object_component>
      <object_component id="oc-fc">
         <name>.debug_info</name>
         <load_address>0x6097</load_address>
         <run_address>0x6097</run_address>
         <size>0x195</size>
         <input_file_ref idref="fl-146"/>
      </object_component>
      <object_component id="oc-102">
         <name>.debug_info</name>
         <load_address>0x622c</load_address>
         <run_address>0x622c</run_address>
         <size>0x1b9</size>
         <input_file_ref idref="fl-2"/>
      </object_component>
      <object_component id="oc-108">
         <name>.debug_info</name>
         <load_address>0x63e5</load_address>
         <run_address>0x63e5</run_address>
         <size>0xcd</size>
         <input_file_ref idref="fl-3"/>
      </object_component>
      <object_component id="oc-10b">
         <name>.debug_info</name>
         <load_address>0x64b2</load_address>
         <run_address>0x64b2</run_address>
         <size>0xc4</size>
         <input_file_ref idref="fl-3"/>
      </object_component>
      <object_component id="oc-10e">
         <name>.debug_info</name>
         <load_address>0x6576</load_address>
         <run_address>0x6576</run_address>
         <size>0x488</size>
         <input_file_ref idref="fl-3"/>
      </object_component>
      <object_component id="oc-111">
         <name>.debug_info</name>
         <load_address>0x69fe</load_address>
         <run_address>0x69fe</run_address>
         <size>0x5e</size>
         <input_file_ref idref="fl-13e"/>
      </object_component>
      <object_component id="oc-117">
         <name>.debug_info</name>
         <load_address>0x6a5c</load_address>
         <run_address>0x6a5c</run_address>
         <size>0x1d4</size>
         <input_file_ref idref="fl-13d"/>
      </object_component>
      <object_component id="oc-11e">
         <name>.debug_info</name>
         <load_address>0x6c30</load_address>
         <run_address>0x6c30</run_address>
         <size>0xd9</size>
         <input_file_ref idref="fl-13d"/>
      </object_component>
      <object_component id="oc-126">
         <name>.debug_info</name>
         <load_address>0x6d09</load_address>
         <run_address>0x6d09</run_address>
         <size>0xcd</size>
         <input_file_ref idref="fl-140"/>
      </object_component>
      <object_component id="oc-12c">
         <name>.debug_info</name>
         <load_address>0x6dd6</load_address>
         <run_address>0x6dd6</run_address>
         <size>0x1ce</size>
         <input_file_ref idref="fl-143"/>
      </object_component>
      <object_component id="oc-132">
         <name>.debug_info</name>
         <load_address>0x6fa4</load_address>
         <run_address>0x6fa4</run_address>
         <size>0x1b7</size>
         <input_file_ref idref="fl-141"/>
      </object_component>
      <object_component id="oc-138">
         <name>.debug_info</name>
         <load_address>0x715b</load_address>
         <run_address>0x715b</run_address>
         <size>0x1cc</size>
         <input_file_ref idref="fl-143"/>
      </object_component>
      <object_component id="oc-13e">
         <name>.debug_info</name>
         <load_address>0x7327</load_address>
         <run_address>0x7327</run_address>
         <size>0x1e7</size>
         <input_file_ref idref="fl-142"/>
      </object_component>
      <object_component id="oc-144">
         <name>.debug_info</name>
         <load_address>0x750e</load_address>
         <run_address>0x750e</run_address>
         <size>0x28a</size>
         <input_file_ref idref="fl-141"/>
      </object_component>
      <object_component id="oc-14a">
         <name>.debug_info</name>
         <load_address>0x7798</load_address>
         <run_address>0x7798</run_address>
         <size>0x233</size>
         <input_file_ref idref="fl-141"/>
      </object_component>
      <object_component id="oc-150">
         <name>.debug_info</name>
         <load_address>0x79cb</load_address>
         <run_address>0x79cb</run_address>
         <size>0x1f5</size>
         <input_file_ref idref="fl-141"/>
      </object_component>
      <object_component id="oc-156">
         <name>.debug_info</name>
         <load_address>0x7bc0</load_address>
         <run_address>0x7bc0</run_address>
         <size>0x1f3</size>
         <input_file_ref idref="fl-141"/>
      </object_component>
      <object_component id="oc-15c">
         <name>.debug_info</name>
         <load_address>0x7db3</load_address>
         <run_address>0x7db3</run_address>
         <size>0x1ab</size>
         <input_file_ref idref="fl-141"/>
      </object_component>
      <object_component id="oc-162">
         <name>.debug_info</name>
         <load_address>0x7f5e</load_address>
         <run_address>0x7f5e</run_address>
         <size>0x1b9</size>
         <input_file_ref idref="fl-5"/>
      </object_component>
      <object_component id="oc-165">
         <name>.debug_info</name>
         <load_address>0x8117</load_address>
         <run_address>0x8117</run_address>
         <size>0x14d</size>
         <input_file_ref idref="fl-5"/>
      </object_component>
      <object_component id="oc-168">
         <name>.debug_info</name>
         <load_address>0x8264</load_address>
         <run_address>0x8264</run_address>
         <size>0x4e7</size>
         <input_file_ref idref="fl-5"/>
      </object_component>
      <object_component id="oc-16b">
         <name>.debug_info</name>
         <load_address>0x874b</load_address>
         <run_address>0x874b</run_address>
         <size>0xd9</size>
         <input_file_ref idref="fl-5"/>
      </object_component>
      <object_component id="oc-16e">
         <name>.debug_info</name>
         <load_address>0x8824</load_address>
         <run_address>0x8824</run_address>
         <size>0xd9</size>
         <input_file_ref idref="fl-5"/>
      </object_component>
      <object_component id="oc-171">
         <name>.debug_info</name>
         <load_address>0x88fd</load_address>
         <run_address>0x88fd</run_address>
         <size>0x137</size>
         <input_file_ref idref="fl-13c"/>
      </object_component>
      <object_component id="oc-177">
         <name>.debug_info</name>
         <load_address>0x8a34</load_address>
         <run_address>0x8a34</run_address>
         <size>0x1a4</size>
         <input_file_ref idref="fl-143"/>
      </object_component>
      <object_component id="oc-17d">
         <name>.debug_info</name>
         <load_address>0x8bd8</load_address>
         <run_address>0x8bd8</run_address>
         <size>0x1a2</size>
         <input_file_ref idref="fl-143"/>
      </object_component>
      <object_component id="oc-182">
         <name>.debug_info</name>
         <load_address>0x8d7a</load_address>
         <run_address>0x8d7a</run_address>
         <size>0x1e3</size>
         <input_file_ref idref="fl-141"/>
      </object_component>
      <object_component id="oc-188">
         <name>.debug_info</name>
         <load_address>0x8f5d</load_address>
         <run_address>0x8f5d</run_address>
         <size>0x1f1</size>
         <input_file_ref idref="fl-141"/>
      </object_component>
      <object_component id="oc-18e">
         <name>.debug_info</name>
         <load_address>0x914e</load_address>
         <run_address>0x914e</run_address>
         <size>0x1c7</size>
         <input_file_ref idref="fl-141"/>
      </object_component>
      <object_component id="oc-194">
         <name>.debug_info</name>
         <load_address>0x9315</load_address>
         <run_address>0x9315</run_address>
         <size>0x1b7</size>
         <input_file_ref idref="fl-141"/>
      </object_component>
      <object_component id="oc-19b">
         <name>.debug_info</name>
         <load_address>0x94cc</load_address>
         <run_address>0x94cc</run_address>
         <size>0x4e</size>
         <input_file_ref idref="fl-2"/>
      </object_component>
      <object_component id="oc-1a1">
         <name>.debug_info</name>
         <load_address>0x951a</load_address>
         <run_address>0x951a</run_address>
         <size>0xf0</size>
         <input_file_ref idref="fl-6"/>
      </object_component>
      <object_component id="oc-1a4">
         <name>.debug_info</name>
         <load_address>0x960a</load_address>
         <run_address>0x960a</run_address>
         <size>0xd6</size>
         <input_file_ref idref="fl-6"/>
      </object_component>
      <object_component id="oc-1a7">
         <name>.debug_info</name>
         <load_address>0x96e0</load_address>
         <run_address>0x96e0</run_address>
         <size>0xd2</size>
         <input_file_ref idref="fl-6"/>
      </object_component>
      <object_component id="oc-1aa">
         <name>.debug_info</name>
         <load_address>0x97b2</load_address>
         <run_address>0x97b2</run_address>
         <size>0x112</size>
         <input_file_ref idref="fl-6"/>
      </object_component>
      <object_component id="oc-1ab">
         <name>.debug_info</name>
         <load_address>0x98c4</load_address>
         <run_address>0x98c4</run_address>
         <size>0x16f</size>
         <input_file_ref idref="fl-6"/>
      </object_component>
      <object_component id="oc-1b1">
         <name>.debug_info</name>
         <load_address>0x9a33</load_address>
         <run_address>0x9a33</run_address>
         <size>0x153</size>
         <input_file_ref idref="fl-146"/>
      </object_component>
      <object_component id="oc-1b2">
         <name>.debug_info</name>
         <load_address>0x9b86</load_address>
         <run_address>0x9b86</run_address>
         <size>0x18b</size>
         <input_file_ref idref="fl-141"/>
      </object_component>
      <object_component id="oc-1b8">
         <name>.debug_info</name>
         <load_address>0x9d11</load_address>
         <run_address>0x9d11</run_address>
         <size>0x1db</size>
         <input_file_ref idref="fl-146"/>
      </object_component>
      <object_component id="oc-1be">
         <name>.debug_info</name>
         <load_address>0x9eec</load_address>
         <run_address>0x9eec</run_address>
         <size>0x215</size>
         <input_file_ref idref="fl-146"/>
      </object_component>
      <object_component id="oc-1c6">
         <name>.debug_info</name>
         <load_address>0xa101</load_address>
         <run_address>0xa101</run_address>
         <size>0x226</size>
         <input_file_ref idref="fl-142"/>
      </object_component>
      <object_component id="oc-1c8">
         <name>.debug_info</name>
         <load_address>0xa327</load_address>
         <run_address>0xa327</run_address>
         <size>0x10d</size>
         <input_file_ref idref="fl-144"/>
      </object_component>
      <object_component id="oc-1cb">
         <name>.debug_info</name>
         <load_address>0xa434</load_address>
         <run_address>0xa434</run_address>
         <size>0x1d7</size>
         <input_file_ref idref="fl-144"/>
      </object_component>
      <object_component id="oc-1ce">
         <name>.debug_info</name>
         <load_address>0xa60b</load_address>
         <run_address>0xa60b</run_address>
         <size>0x217</size>
         <input_file_ref idref="fl-144"/>
      </object_component>
      <object_component id="oc-1d4">
         <name>.debug_info</name>
         <load_address>0xa822</load_address>
         <run_address>0xa822</run_address>
         <size>0x312</size>
         <input_file_ref idref="fl-144"/>
      </object_component>
      <object_component id="oc-1da">
         <name>.debug_info</name>
         <load_address>0xab34</load_address>
         <run_address>0xab34</run_address>
         <size>0xff</size>
         <input_file_ref idref="fl-142"/>
      </object_component>
      <object_component id="oc-1de">
         <name>.debug_info</name>
         <load_address>0xac33</load_address>
         <run_address>0xac33</run_address>
         <size>0x90</size>
         <input_file_ref idref="fl-141"/>
      </object_component>
      <object_component id="oc-1e3">
         <name>.debug_info</name>
         <load_address>0xacc3</load_address>
         <run_address>0xacc3</run_address>
         <size>0x1ce</size>
         <input_file_ref idref="fl-141"/>
      </object_component>
      <object_component id="oc-1e8">
         <name>.debug_info</name>
         <load_address>0xae91</load_address>
         <run_address>0xae91</run_address>
         <size>0x212</size>
         <input_file_ref idref="fl-146"/>
      </object_component>
      <object_component id="oc-1ee">
         <name>.debug_info</name>
         <load_address>0xb0a3</load_address>
         <run_address>0xb0a3</run_address>
         <size>0x281</size>
         <input_file_ref idref="fl-142"/>
      </object_component>
      <object_component id="oc-1f7">
         <name>.debug_info</name>
         <load_address>0xb324</load_address>
         <run_address>0xb324</run_address>
         <size>0x17e</size>
         <input_file_ref idref="fl-13b"/>
      </object_component>
      <object_component id="oc-1fd">
         <name>.debug_info</name>
         <load_address>0xb4a2</load_address>
         <run_address>0xb4a2</run_address>
         <size>0xc9</size>
         <input_file_ref idref="fl-2"/>
      </object_component>
      <object_component id="oc-200">
         <name>.debug_info</name>
         <load_address>0xb56b</load_address>
         <run_address>0xb56b</run_address>
         <size>0x14a</size>
         <input_file_ref idref="fl-2"/>
      </object_component>
      <object_component id="oc-208">
         <name>.debug_info</name>
         <load_address>0xb6b5</load_address>
         <run_address>0xb6b5</run_address>
         <size>0x7f</size>
         <input_file_ref idref="fl-2"/>
      </object_component>
      <object_component id="oc-211">
         <name>.debug_info</name>
         <load_address>0xb734</load_address>
         <run_address>0xb734</run_address>
         <size>0x1c2</size>
         <input_file_ref idref="fl-143"/>
      </object_component>
      <object_component id="oc-214">
         <name>.debug_info</name>
         <load_address>0xb8f6</load_address>
         <run_address>0xb8f6</run_address>
         <size>0x1ba</size>
         <input_file_ref idref="fl-143"/>
      </object_component>
      <object_component id="oc-219">
         <name>.debug_info</name>
         <load_address>0xbab0</load_address>
         <run_address>0xbab0</run_address>
         <size>0x233</size>
         <input_file_ref idref="fl-141"/>
      </object_component>
      <object_component id="oc-230">
         <name>.debug_info</name>
         <load_address>0xbce3</load_address>
         <run_address>0xbce3</run_address>
         <size>0x173</size>
         <input_file_ref idref="fl-147"/>
      </object_component>
      <object_component id="oc-238">
         <name>.debug_info</name>
         <load_address>0xbe56</load_address>
         <run_address>0xbe56</run_address>
         <size>0x176</size>
         <input_file_ref idref="fl-147"/>
      </object_component>
      <object_component id="oc-250">
         <name>.debug_info</name>
         <load_address>0xbfcc</load_address>
         <run_address>0xbfcc</run_address>
         <size>0x5f</size>
         <input_file_ref idref="fl-142"/>
      </object_component>
      <object_component id="oc-262">
         <name>.debug_info</name>
         <load_address>0xc02b</load_address>
         <run_address>0xc02b</run_address>
         <size>0x9a</size>
         <input_file_ref idref="fl-13b"/>
      </object_component>
      <object_component id="oc-291">
         <name>.debug_info</name>
         <load_address>0xc0c5</load_address>
         <run_address>0xc0c5</run_address>
         <size>0x9b</size>
      </object_component>
      <object_component id="oc-10">
         <name>.debug_pubnames</name>
         <load_address>0x0</load_address>
         <run_address>0x0</run_address>
         <size>0x23</size>
         <input_file_ref idref="fl-4"/>
      </object_component>
      <object_component id="oc-14">
         <name>.debug_pubnames</name>
         <load_address>0x23</load_address>
         <run_address>0x23</run_address>
         <size>0x1f</size>
         <input_file_ref idref="fl-134"/>
      </object_component>
      <object_component id="oc-18">
         <name>.debug_pubnames</name>
         <load_address>0x42</load_address>
         <run_address>0x42</run_address>
         <size>0x2b</size>
         <input_file_ref idref="fl-135"/>
      </object_component>
      <object_component id="oc-1f">
         <name>.debug_pubnames</name>
         <load_address>0x6d</load_address>
         <run_address>0x6d</run_address>
         <size>0x25</size>
         <input_file_ref idref="fl-137"/>
      </object_component>
      <object_component id="oc-27">
         <name>.debug_pubnames</name>
         <load_address>0x92</load_address>
         <run_address>0x92</run_address>
         <size>0x2c</size>
         <input_file_ref idref="fl-136"/>
      </object_component>
      <object_component id="oc-2c">
         <name>.debug_pubnames</name>
         <load_address>0xbe</load_address>
         <run_address>0xbe</run_address>
         <size>0x4c</size>
         <input_file_ref idref="fl-4"/>
      </object_component>
      <object_component id="oc-35">
         <name>.debug_pubnames</name>
         <load_address>0x10a</load_address>
         <run_address>0x10a</run_address>
         <size>0x37</size>
         <input_file_ref idref="fl-13f"/>
      </object_component>
      <object_component id="oc-3a">
         <name>.debug_pubnames</name>
         <load_address>0x141</load_address>
         <run_address>0x141</run_address>
         <size>0x21</size>
         <input_file_ref idref="fl-13e"/>
      </object_component>
      <object_component id="oc-41">
         <name>.debug_pubnames</name>
         <load_address>0x162</load_address>
         <run_address>0x162</run_address>
         <size>0x35</size>
         <input_file_ref idref="fl-138"/>
      </object_component>
      <object_component id="oc-45">
         <name>.debug_pubnames</name>
         <load_address>0x197</load_address>
         <run_address>0x197</run_address>
         <size>0x23</size>
         <input_file_ref idref="fl-13a"/>
      </object_component>
      <object_component id="oc-4b">
         <name>.debug_pubnames</name>
         <load_address>0x1ba</load_address>
         <run_address>0x1ba</run_address>
         <size>0x1d</size>
         <input_file_ref idref="fl-139"/>
      </object_component>
      <object_component id="oc-5f">
         <name>.debug_pubnames</name>
         <load_address>0x1d7</load_address>
         <run_address>0x1d7</run_address>
         <size>0x2f</size>
         <input_file_ref idref="fl-136"/>
      </object_component>
      <object_component id="oc-77">
         <name>.debug_pubnames</name>
         <load_address>0x206</load_address>
         <run_address>0x206</run_address>
         <size>0x1e</size>
         <input_file_ref idref="fl-140"/>
      </object_component>
      <object_component id="oc-7e">
         <name>.debug_pubnames</name>
         <load_address>0x224</load_address>
         <run_address>0x224</run_address>
         <size>0x62</size>
         <input_file_ref idref="fl-3"/>
      </object_component>
      <object_component id="oc-85">
         <name>.debug_pubnames</name>
         <load_address>0x286</load_address>
         <run_address>0x286</run_address>
         <size>0x28</size>
         <input_file_ref idref="fl-13d"/>
      </object_component>
      <object_component id="oc-88">
         <name>.debug_pubnames</name>
         <load_address>0x2ae</load_address>
         <run_address>0x2ae</run_address>
         <size>0x3a</size>
         <input_file_ref idref="fl-138"/>
      </object_component>
      <object_component id="oc-aa">
         <name>.debug_pubnames</name>
         <load_address>0x2e8</load_address>
         <run_address>0x2e8</run_address>
         <size>0x137</size>
         <input_file_ref idref="fl-5"/>
      </object_component>
      <object_component id="oc-b0">
         <name>.debug_pubnames</name>
         <load_address>0x41f</load_address>
         <run_address>0x41f</run_address>
         <size>0xf1</size>
         <input_file_ref idref="fl-6"/>
      </object_component>
      <object_component id="oc-b6">
         <name>.debug_pubnames</name>
         <load_address>0x510</load_address>
         <run_address>0x510</run_address>
         <size>0x21</size>
         <input_file_ref idref="fl-146"/>
      </object_component>
      <object_component id="oc-bc">
         <name>.debug_pubnames</name>
         <load_address>0x531</load_address>
         <run_address>0x531</run_address>
         <size>0x24</size>
         <input_file_ref idref="fl-146"/>
      </object_component>
      <object_component id="oc-c2">
         <name>.debug_pubnames</name>
         <load_address>0x555</load_address>
         <run_address>0x555</run_address>
         <size>0x2d</size>
         <input_file_ref idref="fl-142"/>
      </object_component>
      <object_component id="oc-c8">
         <name>.debug_pubnames</name>
         <load_address>0x582</load_address>
         <run_address>0x582</run_address>
         <size>0x27</size>
         <input_file_ref idref="fl-144"/>
      </object_component>
      <object_component id="oc-cf">
         <name>.debug_pubnames</name>
         <load_address>0x5a9</load_address>
         <run_address>0x5a9</run_address>
         <size>0x26</size>
         <input_file_ref idref="fl-144"/>
      </object_component>
      <object_component id="oc-d4">
         <name>.debug_pubnames</name>
         <load_address>0x5cf</load_address>
         <run_address>0x5cf</run_address>
         <size>0x25</size>
         <input_file_ref idref="fl-142"/>
      </object_component>
      <object_component id="oc-da">
         <name>.debug_pubnames</name>
         <load_address>0x5f4</load_address>
         <run_address>0x5f4</run_address>
         <size>0x2d</size>
         <input_file_ref idref="fl-141"/>
      </object_component>
      <object_component id="oc-e0">
         <name>.debug_pubnames</name>
         <load_address>0x621</load_address>
         <run_address>0x621</run_address>
         <size>0x20</size>
         <input_file_ref idref="fl-145"/>
      </object_component>
      <object_component id="oc-e6">
         <name>.debug_pubnames</name>
         <load_address>0x641</load_address>
         <run_address>0x641</run_address>
         <size>0x2c</size>
         <input_file_ref idref="fl-145"/>
      </object_component>
      <object_component id="oc-ec">
         <name>.debug_pubnames</name>
         <load_address>0x66d</load_address>
         <run_address>0x66d</run_address>
         <size>0x25</size>
         <input_file_ref idref="fl-142"/>
      </object_component>
      <object_component id="oc-f2">
         <name>.debug_pubnames</name>
         <load_address>0x692</load_address>
         <run_address>0x692</run_address>
         <size>0x21</size>
         <input_file_ref idref="fl-146"/>
      </object_component>
      <object_component id="oc-f8">
         <name>.debug_pubnames</name>
         <load_address>0x6b3</load_address>
         <run_address>0x6b3</run_address>
         <size>0x24</size>
         <input_file_ref idref="fl-146"/>
      </object_component>
      <object_component id="oc-fe">
         <name>.debug_pubnames</name>
         <load_address>0x6d7</load_address>
         <run_address>0x6d7</run_address>
         <size>0x2a</size>
         <input_file_ref idref="fl-146"/>
      </object_component>
      <object_component id="oc-104">
         <name>.debug_pubnames</name>
         <load_address>0x701</load_address>
         <run_address>0x701</run_address>
         <size>0x25</size>
         <input_file_ref idref="fl-2"/>
      </object_component>
      <object_component id="oc-109">
         <name>.debug_pubnames</name>
         <load_address>0x726</load_address>
         <run_address>0x726</run_address>
         <size>0x23</size>
         <input_file_ref idref="fl-3"/>
      </object_component>
      <object_component id="oc-10c">
         <name>.debug_pubnames</name>
         <load_address>0x749</load_address>
         <run_address>0x749</run_address>
         <size>0x1f</size>
         <input_file_ref idref="fl-3"/>
      </object_component>
      <object_component id="oc-119">
         <name>.debug_pubnames</name>
         <load_address>0x768</load_address>
         <run_address>0x768</run_address>
         <size>0x43</size>
         <input_file_ref idref="fl-13d"/>
      </object_component>
      <object_component id="oc-12e">
         <name>.debug_pubnames</name>
         <load_address>0x7ab</load_address>
         <run_address>0x7ab</run_address>
         <size>0x21</size>
         <input_file_ref idref="fl-143"/>
      </object_component>
      <object_component id="oc-134">
         <name>.debug_pubnames</name>
         <load_address>0x7cc</load_address>
         <run_address>0x7cc</run_address>
         <size>0x25</size>
         <input_file_ref idref="fl-141"/>
      </object_component>
      <object_component id="oc-13a">
         <name>.debug_pubnames</name>
         <load_address>0x7f1</load_address>
         <run_address>0x7f1</run_address>
         <size>0x20</size>
         <input_file_ref idref="fl-143"/>
      </object_component>
      <object_component id="oc-140">
         <name>.debug_pubnames</name>
         <load_address>0x811</load_address>
         <run_address>0x811</run_address>
         <size>0x2e</size>
         <input_file_ref idref="fl-142"/>
      </object_component>
      <object_component id="oc-146">
         <name>.debug_pubnames</name>
         <load_address>0x83f</load_address>
         <run_address>0x83f</run_address>
         <size>0x2a</size>
         <input_file_ref idref="fl-141"/>
      </object_component>
      <object_component id="oc-14c">
         <name>.debug_pubnames</name>
         <load_address>0x869</load_address>
         <run_address>0x869</run_address>
         <size>0x27</size>
         <input_file_ref idref="fl-141"/>
      </object_component>
      <object_component id="oc-152">
         <name>.debug_pubnames</name>
         <load_address>0x890</load_address>
         <run_address>0x890</run_address>
         <size>0x25</size>
         <input_file_ref idref="fl-141"/>
      </object_component>
      <object_component id="oc-158">
         <name>.debug_pubnames</name>
         <load_address>0x8b5</load_address>
         <run_address>0x8b5</run_address>
         <size>0x24</size>
         <input_file_ref idref="fl-141"/>
      </object_component>
      <object_component id="oc-15e">
         <name>.debug_pubnames</name>
         <load_address>0x8d9</load_address>
         <run_address>0x8d9</run_address>
         <size>0x21</size>
         <input_file_ref idref="fl-141"/>
      </object_component>
      <object_component id="oc-163">
         <name>.debug_pubnames</name>
         <load_address>0x8fa</load_address>
         <run_address>0x8fa</run_address>
         <size>0x8b</size>
         <input_file_ref idref="fl-5"/>
      </object_component>
      <object_component id="oc-166">
         <name>.debug_pubnames</name>
         <load_address>0x985</load_address>
         <run_address>0x985</run_address>
         <size>0x58</size>
         <input_file_ref idref="fl-5"/>
      </object_component>
      <object_component id="oc-169">
         <name>.debug_pubnames</name>
         <load_address>0x9dd</load_address>
         <run_address>0x9dd</run_address>
         <size>0x37</size>
         <input_file_ref idref="fl-5"/>
      </object_component>
      <object_component id="oc-16c">
         <name>.debug_pubnames</name>
         <load_address>0xa14</load_address>
         <run_address>0xa14</run_address>
         <size>0x27</size>
         <input_file_ref idref="fl-5"/>
      </object_component>
      <object_component id="oc-16f">
         <name>.debug_pubnames</name>
         <load_address>0xa3b</load_address>
         <run_address>0xa3b</run_address>
         <size>0x27</size>
         <input_file_ref idref="fl-5"/>
      </object_component>
      <object_component id="oc-173">
         <name>.debug_pubnames</name>
         <load_address>0xa62</load_address>
         <run_address>0xa62</run_address>
         <size>0x39</size>
         <input_file_ref idref="fl-13c"/>
      </object_component>
      <object_component id="oc-179">
         <name>.debug_pubnames</name>
         <load_address>0xa9b</load_address>
         <run_address>0xa9b</run_address>
         <size>0x27</size>
         <input_file_ref idref="fl-143"/>
      </object_component>
      <object_component id="oc-17f">
         <name>.debug_pubnames</name>
         <load_address>0xac2</load_address>
         <run_address>0xac2</run_address>
         <size>0x26</size>
         <input_file_ref idref="fl-143"/>
      </object_component>
      <object_component id="oc-184">
         <name>.debug_pubnames</name>
         <load_address>0xae8</load_address>
         <run_address>0xae8</run_address>
         <size>0x24</size>
         <input_file_ref idref="fl-141"/>
      </object_component>
      <object_component id="oc-18a">
         <name>.debug_pubnames</name>
         <load_address>0xb0c</load_address>
         <run_address>0xb0c</run_address>
         <size>0x23</size>
         <input_file_ref idref="fl-141"/>
      </object_component>
      <object_component id="oc-190">
         <name>.debug_pubnames</name>
         <load_address>0xb2f</load_address>
         <run_address>0xb2f</run_address>
         <size>0x2d</size>
         <input_file_ref idref="fl-141"/>
      </object_component>
      <object_component id="oc-196">
         <name>.debug_pubnames</name>
         <load_address>0xb5c</load_address>
         <run_address>0xb5c</run_address>
         <size>0x25</size>
         <input_file_ref idref="fl-141"/>
      </object_component>
      <object_component id="oc-1a2">
         <name>.debug_pubnames</name>
         <load_address>0xb81</load_address>
         <run_address>0xb81</run_address>
         <size>0x30</size>
         <input_file_ref idref="fl-6"/>
      </object_component>
      <object_component id="oc-1a5">
         <name>.debug_pubnames</name>
         <load_address>0xbb1</load_address>
         <run_address>0xbb1</run_address>
         <size>0x26</size>
         <input_file_ref idref="fl-6"/>
      </object_component>
      <object_component id="oc-1a8">
         <name>.debug_pubnames</name>
         <load_address>0xbd7</load_address>
         <run_address>0xbd7</run_address>
         <size>0x24</size>
         <input_file_ref idref="fl-6"/>
      </object_component>
      <object_component id="oc-1ba">
         <name>.debug_pubnames</name>
         <load_address>0xbfb</load_address>
         <run_address>0xbfb</run_address>
         <size>0x2d</size>
         <input_file_ref idref="fl-146"/>
      </object_component>
      <object_component id="oc-1c0">
         <name>.debug_pubnames</name>
         <load_address>0xc28</load_address>
         <run_address>0xc28</run_address>
         <size>0x2b</size>
         <input_file_ref idref="fl-146"/>
      </object_component>
      <object_component id="oc-1c9">
         <name>.debug_pubnames</name>
         <load_address>0xc53</load_address>
         <run_address>0xc53</run_address>
         <size>0x2b</size>
         <input_file_ref idref="fl-144"/>
      </object_component>
      <object_component id="oc-1d0">
         <name>.debug_pubnames</name>
         <load_address>0xc7e</load_address>
         <run_address>0xc7e</run_address>
         <size>0x25</size>
         <input_file_ref idref="fl-144"/>
      </object_component>
      <object_component id="oc-1d6">
         <name>.debug_pubnames</name>
         <load_address>0xca3</load_address>
         <run_address>0xca3</run_address>
         <size>0x27</size>
         <input_file_ref idref="fl-144"/>
      </object_component>
      <object_component id="oc-1db">
         <name>.debug_pubnames</name>
         <load_address>0xcca</load_address>
         <run_address>0xcca</run_address>
         <size>0x23</size>
         <input_file_ref idref="fl-142"/>
      </object_component>
      <object_component id="oc-1ea">
         <name>.debug_pubnames</name>
         <load_address>0xced</load_address>
         <run_address>0xced</run_address>
         <size>0x29</size>
         <input_file_ref idref="fl-146"/>
      </object_component>
      <object_component id="oc-1f0">
         <name>.debug_pubnames</name>
         <load_address>0xd16</load_address>
         <run_address>0xd16</run_address>
         <size>0x2c</size>
         <input_file_ref idref="fl-142"/>
      </object_component>
      <object_component id="oc-1f9">
         <name>.debug_pubnames</name>
         <load_address>0xd42</load_address>
         <run_address>0xd42</run_address>
         <size>0x1d</size>
         <input_file_ref idref="fl-13b"/>
      </object_component>
      <object_component id="oc-1fe">
         <name>.debug_pubnames</name>
         <load_address>0xd5f</load_address>
         <run_address>0xd5f</run_address>
         <size>0x20</size>
         <input_file_ref idref="fl-2"/>
      </object_component>
      <object_component id="oc-212">
         <name>.debug_pubnames</name>
         <load_address>0xd7f</load_address>
         <run_address>0xd7f</run_address>
         <size>0x77</size>
         <input_file_ref idref="fl-143"/>
      </object_component>
      <object_component id="oc-21b">
         <name>.debug_pubnames</name>
         <load_address>0xdf6</load_address>
         <run_address>0xdf6</run_address>
         <size>0x22</size>
         <input_file_ref idref="fl-141"/>
      </object_component>
      <object_component id="oc-232">
         <name>.debug_pubnames</name>
         <load_address>0xe18</load_address>
         <run_address>0xe18</run_address>
         <size>0x1f</size>
         <input_file_ref idref="fl-147"/>
      </object_component>
      <object_component id="oc-23a">
         <name>.debug_pubnames</name>
         <load_address>0xe37</load_address>
         <run_address>0xe37</run_address>
         <size>0x1f</size>
         <input_file_ref idref="fl-147"/>
      </object_component>
      <object_component id="oc-13">
         <name>.debug_aranges</name>
         <load_address>0x0</load_address>
         <run_address>0x0</run_address>
         <size>0x20</size>
         <input_file_ref idref="fl-134"/>
      </object_component>
      <object_component id="oc-19">
         <name>.debug_aranges</name>
         <load_address>0x20</load_address>
         <run_address>0x20</run_address>
         <size>0x20</size>
         <input_file_ref idref="fl-135"/>
      </object_component>
      <object_component id="oc-1e">
         <name>.debug_aranges</name>
         <load_address>0x40</load_address>
         <run_address>0x40</run_address>
         <size>0x20</size>
         <input_file_ref idref="fl-137"/>
      </object_component>
      <object_component id="oc-25">
         <name>.debug_aranges</name>
         <load_address>0x60</load_address>
         <run_address>0x60</run_address>
         <size>0x20</size>
         <input_file_ref idref="fl-136"/>
      </object_component>
      <object_component id="oc-2b">
         <name>.debug_aranges</name>
         <load_address>0x80</load_address>
         <run_address>0x80</run_address>
         <size>0x38</size>
         <input_file_ref idref="fl-4"/>
      </object_component>
      <object_component id="oc-34">
         <name>.debug_aranges</name>
         <load_address>0xb8</load_address>
         <run_address>0xb8</run_address>
         <size>0x28</size>
         <input_file_ref idref="fl-13f"/>
      </object_component>
      <object_component id="oc-39">
         <name>.debug_aranges</name>
         <load_address>0xe0</load_address>
         <run_address>0xe0</run_address>
         <size>0x20</size>
         <input_file_ref idref="fl-13e"/>
      </object_component>
      <object_component id="oc-40">
         <name>.debug_aranges</name>
         <load_address>0x100</load_address>
         <run_address>0x100</run_address>
         <size>0x30</size>
         <input_file_ref idref="fl-138"/>
      </object_component>
      <object_component id="oc-4a">
         <name>.debug_aranges</name>
         <load_address>0x130</load_address>
         <run_address>0x130</run_address>
         <size>0x20</size>
         <input_file_ref idref="fl-139"/>
      </object_component>
      <object_component id="oc-5d">
         <name>.debug_aranges</name>
         <load_address>0x150</load_address>
         <run_address>0x150</run_address>
         <size>0x20</size>
         <input_file_ref idref="fl-136"/>
      </object_component>
      <object_component id="oc-75">
         <name>.debug_aranges</name>
         <load_address>0x170</load_address>
         <run_address>0x170</run_address>
         <size>0x20</size>
         <input_file_ref idref="fl-140"/>
      </object_component>
      <object_component id="oc-7d">
         <name>.debug_aranges</name>
         <load_address>0x190</load_address>
         <run_address>0x190</run_address>
         <size>0x48</size>
         <input_file_ref idref="fl-3"/>
      </object_component>
      <object_component id="oc-a9">
         <name>.debug_aranges</name>
         <load_address>0x1d8</load_address>
         <run_address>0x1d8</run_address>
         <size>0xa0</size>
         <input_file_ref idref="fl-5"/>
      </object_component>
      <object_component id="oc-af">
         <name>.debug_aranges</name>
         <load_address>0x278</load_address>
         <run_address>0x278</run_address>
         <size>0xa0</size>
         <input_file_ref idref="fl-6"/>
      </object_component>
      <object_component id="oc-b5">
         <name>.debug_aranges</name>
         <load_address>0x318</load_address>
         <run_address>0x318</run_address>
         <size>0x20</size>
         <input_file_ref idref="fl-146"/>
      </object_component>
      <object_component id="oc-bb">
         <name>.debug_aranges</name>
         <load_address>0x338</load_address>
         <run_address>0x338</run_address>
         <size>0x20</size>
         <input_file_ref idref="fl-146"/>
      </object_component>
      <object_component id="oc-c1">
         <name>.debug_aranges</name>
         <load_address>0x358</load_address>
         <run_address>0x358</run_address>
         <size>0x20</size>
         <input_file_ref idref="fl-142"/>
      </object_component>
      <object_component id="oc-c7">
         <name>.debug_aranges</name>
         <load_address>0x378</load_address>
         <run_address>0x378</run_address>
         <size>0x20</size>
         <input_file_ref idref="fl-144"/>
      </object_component>
      <object_component id="oc-ce">
         <name>.debug_aranges</name>
         <load_address>0x398</load_address>
         <run_address>0x398</run_address>
         <size>0x20</size>
         <input_file_ref idref="fl-144"/>
      </object_component>
      <object_component id="oc-d3">
         <name>.debug_aranges</name>
         <load_address>0x3b8</load_address>
         <run_address>0x3b8</run_address>
         <size>0x20</size>
         <input_file_ref idref="fl-142"/>
      </object_component>
      <object_component id="oc-d9">
         <name>.debug_aranges</name>
         <load_address>0x3d8</load_address>
         <run_address>0x3d8</run_address>
         <size>0x20</size>
         <input_file_ref idref="fl-141"/>
      </object_component>
      <object_component id="oc-df">
         <name>.debug_aranges</name>
         <load_address>0x3f8</load_address>
         <run_address>0x3f8</run_address>
         <size>0x20</size>
         <input_file_ref idref="fl-145"/>
      </object_component>
      <object_component id="oc-e5">
         <name>.debug_aranges</name>
         <load_address>0x418</load_address>
         <run_address>0x418</run_address>
         <size>0x20</size>
         <input_file_ref idref="fl-145"/>
      </object_component>
      <object_component id="oc-eb">
         <name>.debug_aranges</name>
         <load_address>0x438</load_address>
         <run_address>0x438</run_address>
         <size>0x20</size>
         <input_file_ref idref="fl-142"/>
      </object_component>
      <object_component id="oc-f1">
         <name>.debug_aranges</name>
         <load_address>0x458</load_address>
         <run_address>0x458</run_address>
         <size>0x20</size>
         <input_file_ref idref="fl-146"/>
      </object_component>
      <object_component id="oc-f7">
         <name>.debug_aranges</name>
         <load_address>0x478</load_address>
         <run_address>0x478</run_address>
         <size>0x20</size>
         <input_file_ref idref="fl-146"/>
      </object_component>
      <object_component id="oc-fd">
         <name>.debug_aranges</name>
         <load_address>0x498</load_address>
         <run_address>0x498</run_address>
         <size>0x20</size>
         <input_file_ref idref="fl-146"/>
      </object_component>
      <object_component id="oc-103">
[...]
               <start_address>0x2926</start_address>
               <size>0x2</size>
            </available_space>
            <allocated_space>
               <start_address>0x2928</start_address>
               <size>0x60</size>
               <logical_group_ref idref="lg-6"/>
            </allocated_space>
            <available_space>
               <start_address>0x2988</start_address>
               <size>0x3d678</size>
            </available_space>
         </usage_details>
      </memory_area>
      <memory_area display="yes" color="green">
         <name>SRAM</name>
         <page_id>0x0</page_id>
         <origin>0x20000000</origin>
         <length>0x8000</length>
         <used_space>0x789</used_space>
         <unused_space>0x7877</unused_space>
         <attributes>RWX</attributes>
         <usage_details>
            <allocated_space>
               <start_address>0x20000000</start_address>
               <size>0x529</size>
               <logical_group_ref idref="lg-b"/>
            </allocated_space>
            <available_space>
               <start_address>0x20000529</start_address>
               <size>0x3</size>
            </available_space>
            <allocated_space>
               <start_address>0x2000052c</start_address>
               <size>0x200</size>
               <logical_group_ref idref="lg-d"/>
            </allocated_space>
            <allocated_space>
               <start_address>0x2000072c</start_address>
               <size>0x60</size>
               <logical_group_ref idref="lg-a"/>
            </allocated_space>
            <available_space>
               <start_address>0x2000078c</start_address>
               <size>0x7874</size>
            </available_space>
         </usage_details>
      </memory_area>
   </placement_map>
   <cptbl_list>
      <cptbl>
         <name>__TI_cinit_table</name>
         <cprec>
            <name>.data</name>
            <load_address>0x2928</load_address>
            <load_size>0x38</load_size>
            <run_address>0x2000072c</run_address>
            <run_size>0x60</run_size>
            <compression>rle</compression>
         </cprec>
         <cprec>
            <name>.bss</name>
            <load_address>0x2970</load_address>
            <load_size>0x8</load_size>
            <run_address>0x20000000</run_address>
            <run_size>0x529</run_size>
            <compression>zero_init</compression>
         </cprec>
      </cptbl>
   </cptbl_list>
   <handler_table>
      <handler_table_name>__TI_handler_table</handler_table_name>
      <handler>
         <index>0x0</index>
         <name>__TI_decompress_rle24</name>
      </handler>
      <handler>
         <index>0x1</index>
         <name>__TI_decompress_none</name>
      </handler>
      <handler>
         <index>0x2</index>
         <name>__TI_zero_init</name>
      </handler>
   </handler_table>
   <symbol_table>
      <symbol id="sm-1">
         <name>__STACK_TOP</name>
         <value>0x2000072c</value>
      </symbol>
      <symbol id="sm-2">
         <name>__TI_CINIT_Base</name>
         <value>0x2978</value>
      </symbol>
      <symbol id="sm-3">
         <name>__TI_CINIT_Limit</name>
         <value>0x2988</value>
      </symbol>
      <symbol id="sm-4">
         <name>__TI_Handler_Table_Base</name>
         <value>0x2960</value>
      </symbol>
      <symbol id="sm-5">
         <name>__TI_Handler_Table_Limit</name>
         <value>0x296c</value>
      </symbol>
      <symbol id="sm-6">
         <name>binit</name>
         <value>0xffffffff</value>
      </symbol>
      <symbol id="sm-7">
         <name>__binit__</name>
         <value>0xffffffff</value>
      </symbol>
      <symbol id="sm-8">
         <name>__STACK_SIZE</name>
         <value>0x200</value>
      </symbol>
      <symbol id="sm-9">
         <name>__STACK_END</name>
         <value>0x2000072c</value>
      </symbol>
      <symbol id="sm-a">
         <name>__c_args__</name>
         <value>0xffffffff</value>
      </symbol>
      <symbol id="sm-56">
         <name>CmdLineProcess</name>
         <value>0x1ea1</value>
         <object_component_ref idref="oc-101"/>
      </symbol>
      <symbol id="sm-a1">
         <name>CMD_read</name>
         <value>0x17b7</value>
         <object_component_ref idref="oc-7b"/>
      </symbol>
      <symbol id="sm-a2">
         <name>CMD_help</name>
         <value>0x1765</value>
         <object_component_ref idref="oc-7b"/>
      </symbol>
      <symbol id="sm-a3">
         <name>main</name>
         <value>0x18c9</value>
         <object_component_ref idref="oc-7b"/>
      </symbol>
      <symbol id="sm-a4">
         <name>CMD_write</name>
         <value>0x1809</value>
         <object_component_ref idref="oc-7b"/>
      </symbol>
      <symbol id="sm-a5">
         <name>ConfigureUART</name>
         <value>0x1869</value>
         <object_component_ref idref="oc-7b"/>
      </symbol>
      <symbol id="sm-a6">
         <name>UARTSend</name>
         <value>0x18a1</value>
         <object_component_ref idref="oc-7b"/>
      </symbol>
      <symbol id="sm-a7">
         <name>g_psCmdTable</name>
         <value>0x2000072c</value>
         <object_component_ref idref="oc-107"/>
      </symbol>
      <symbol id="sm-c8">
         <name>ResetISR</name>
         <value>0x2647</value>
         <object_component_ref idref="oc-29"/>
      </symbol>
      <symbol id="sm-c9">
         <name>g_pfnVectors</name>
         <value>0x0</value>
         <object_component_ref idref="oc-e"/>
      </symbol>
      <symbol id="sm-187">
         <name>UARTTxBytesFree</name>
         <value>0x1511</value>
         <object_component_ref idref="oc-a7"/>
      </symbol>
      <symbol id="sm-188">
         <name>UARTFlushRx</name>
         <value>0x157f</value>
         <object_component_ref idref="oc-a7"/>
      </symbol>
      <symbol id="sm-189">
         <name>UARTgetc</name>
         <value>0x118b</value>
         <object_component_ref idref="oc-a7"/>
      </symbol>
      <symbol id="sm-18a">
         <name>UARTgets</name>
         <value>0x110f</value>
         <object_component_ref idref="oc-a7"/>
      </symbol>
      <symbol id="sm-18b">
         <name>UARTFlushTx</name>
         <value>0x159f</value>
         <object_component_ref idref="oc-a7"/>
      </symbol>
      <symbol id="sm-18c">
         <name>UARTStdioConfig</name>
         <value>0xfe9</value>
         <object_component_ref idref="oc-a7"/>
      </symbol>
      <symbol id="sm-18d">
         <name>UARTStdioIntHandler</name>
         <value>0x1609</value>
         <object_component_ref idref="oc-a7"/>
      </symbol>
      <symbol id="sm-18e">
         <name>UARTRxBytesAvail</name>
         <value>0x1503</value>
         <object_component_ref idref="oc-a7"/>
      </symbol>
      <symbol id="sm-18f">
         <name>UARTwrite</name>
         <value>0x106f</value>
         <object_component_ref idref="oc-a7"/>
      </symbol>
      <symbol id="sm-190">
         <name>UARTPeek</name>
         <value>0x1525</value>
         <object_component_ref idref="oc-a7"/>
      </symbol>
      <symbol id="sm-191">
         <name>UARTEchoSet</name>
         <value>0x15d5</value>
         <object_component_ref idref="oc-a7"/>
      </symbol>
      <symbol id="sm-192">
         <name>UARTprintf</name>
         <value>0x14df</value>
         <object_component_ref idref="oc-a7"/>
      </symbol>
      <symbol id="sm-193">
         <name>UARTvprintf</name>
         <value>0x11e5</value>
         <object_component_ref idref="oc-a7"/>
      </symbol>
      <symbol id="sm-273">
         <name>uvsnprintf</name>
         <value>0x2c5</value>
         <object_component_ref idref="oc-ad"/>
      </symbol>
      <symbol id="sm-274">
         <name>ustrncasecmp</name>
         <value>0xd8d</value>
         <object_component_ref idref="oc-ad"/>
      </symbol>
      <symbol id="sm-275">
         <name>ustrncpy</name>
         <value>0x26d</value>
         <object_component_ref idref="oc-ad"/>
      </symbol>
      <symbol id="sm-276">
         <name>ustrlen</name>
         <value>0xd35</value>
         <object_component_ref idref="oc-ad"/>
      </symbol>
      <symbol id="sm-277">
         <name>ulocaltime</name>
         <value>0x751</value>
         <object_component_ref idref="oc-ad"/>
      </symbol>
      <symbol id="sm-278">
         <name>ustrtof</name>
         <value>0xafd</value>
         <object_component_ref idref="oc-ad"/>
      </symbol>
      <symbol id="sm-279">
         <name>ustrstr</name>
         <value>0xd57</value>
         <object_component_ref idref="oc-ad"/>
      </symbol>
      <symbol id="sm-27a">
         <name>ustrcmp</name>
         <value>0xea5</value>
         <object_component_ref idref="oc-ad"/>
      </symbol>
      <symbol id="sm-27b">
         <name>usprintf</name>
         <value>0x6ef</value>
         <object_component_ref idref="oc-ad"/>
      </symbol>
      <symbol id="sm-27c">
         <name>usnprintf</name>
         <value>0x721</value>
         <object_component_ref idref="oc-ad"/>
      </symbol>
      <symbol id="sm-27d">
         <name>ustrtoul</name>
         <value>0x9c5</value>
         <object_component_ref idref="oc-ad"/>
      </symbol>
      <symbol id="sm-27e">
         <name>ustrcasecmp</name>
         <value>0xe31</value>
         <object_component_ref idref="oc-ad"/>
      </symbol>
      <symbol id="sm-27f">
         <name>umktime</name>
         <value>0x94f</value>
         <object_component_ref idref="oc-ad"/>
      </symbol>
      <symbol id="sm-280">
         <name>usrand</name>
         <value>0xeb9</value>
         <object_component_ref idref="oc-ad"/>
      </symbol>
      <symbol id="sm-281">
         <name>ustrncmp</name>
         <value>0xe45</value>
         <object_component_ref idref="oc-ad"/>
      </symbol>
      <symbol id="sm-282">
         <name>urand</name>
         <value>0xec9</value>
         <object_component_ref idref="oc-ad"/>
      </symbol>
      <symbol id="sm-292">
         <name>_c_int00</name>
         <value>0x2235</value>
         <object_component_ref idref="oc-11"/>
      </symbol>
      <symbol id="sm-293">
         <name>__stack</name>
         <value>0x2000052c</value>
         <object_component_ref idref="oc-28"/>
      </symbol>
      <symbol id="sm-2aa">
         <name>__TI_decompress_none</name>
         <value>0x2609</value>
         <object_component_ref idref="oc-16"/>
      </symbol>
      <symbol id="sm-2ce">
         <name>__TI_decompress_rle24</name>
         <value>0x268f</value>
         <object_component_ref idref="oc-22"/>
      </symbol>
      <symbol id="sm-2e2">
         <name>__TI_zero_init</name>
         <value>0x259b</value>
         <object_component_ref idref="oc-1c"/>
      </symbol>
      <symbol id="sm-301">
         <name>C$$EXIT</name>
         <value>0x22c1</value>
         <object_component_ref idref="oc-3d"/>
      </symbol>
      <symbol id="sm-302">
         <name>abort</name>
         <value>0x22c5</value>
         <object_component_ref idref="oc-3d"/>
      </symbol>
      <symbol id="sm-303">
         <name>exit</name>
         <value>0x22cd</value>
         <object_component_ref idref="oc-3d"/>
      </symbol>
      <symbol id="sm-304">
         <name>__TI_dtors_ptr</name>
         <value>0x20000780</value>
         <object_component_ref idref="oc-86"/>
      </symbol>
      <symbol id="sm-305">
         <name>__TI_cleanup_ptr</name>
         <value>0x2000077c</value>
         <object_component_ref idref="oc-86"/>
      </symbol>
      <symbol id="sm-320">
         <name>memcpy</name>
         <value>0x1f4d</value>
         <object_component_ref idref="oc-47"/>
      </symbol>
      <symbol id="sm-321">
         <name>__aeabi_memcpy</name>
         <value>0x1f4d</value>
         <object_component_ref idref="oc-47"/>
      </symbol>
      <symbol id="sm-322">
         <name>__aeabi_memcpy8</name>
         <value>0x1f4d</value>
         <object_component_ref idref="oc-47"/>
      </symbol>
      <symbol id="sm-323">
         <name>__aeabi_memcpy4</name>
         <value>0x1f4d</value>
         <object_component_ref idref="oc-47"/>
      </symbol>
      <symbol id="sm-32b">
         <name>main_func_sp</name>
         <value>0x20000784</value>
         <object_component_ref idref="oc-43"/>
      </symbol>
      <symbol id="sm-33a">
         <name>strcmp</name>
         <value>0x2535</value>
         <object_component_ref idref="oc-1f6"/>
      </symbol>
      <symbol id="sm-34a">
         <name>__aeabi_uidivmod</name>
         <value>0x2305</value>
         <object_component_ref idref="oc-170"/>
      </symbol>
      <symbol id="sm-363">
         <name>_nop</name>
         <value>0x2583</value>
         <object_component_ref idref="oc-116"/>
      </symbol>
      <symbol id="sm-364">
         <name>_lock</name>
         <value>0x20000774</value>
         <object_component_ref idref="oc-83"/>
      </symbol>
      <symbol id="sm-365">
         <name>_unlock</name>
         <value>0x20000778</value>
         <object_component_ref idref="oc-83"/>
      </symbol>
      <symbol id="sm-366">
         <name>_register_lock</name>
         <value>0x257b</value>
         <object_component_ref idref="oc-116"/>
      </symbol>
      <symbol id="sm-367">
         <name>_register_unlock</name>
         <value>0x2575</value>
         <object_component_ref idref="oc-116"/>
      </symbol>
      <symbol id="sm-37b">
         <name>_args_main</name>
         <value>0x251d</value>
         <object_component_ref idref="oc-37"/>
      </symbol>
      <symbol id="sm-398">
         <name>__TI_auto_init</name>
         <value>0x1fe9</value>
         <object_component_ref idref="oc-32"/>
      </symbol>
      <symbol id="sm-3b1">
         <name>copy_in</name>
         <value>0x227d</value>
         <object_component_ref idref="oc-74"/>
      </symbol>
      <symbol id="sm-426">
         <name>UARTCharPutNonBlocking</name>
         <value>0x25fb</value>
         <object_component_ref idref="oc-d7"/>
      </symbol>
      <symbol id="sm-427">
         <name>UARTConfigSetExpClk</name>
         <value>0x2389</value>
         <object_component_ref idref="oc-143"/>
      </symbol>
      <symbol id="sm-428">
         <name>UARTDisable</name>
         <value>0x2501</value>
         <object_component_ref idref="oc-218"/>
      </symbol>
      <symbol id="sm-429">
         <name>UARTIntEnable</name>
         <value>0x267b</value>
         <object_component_ref idref="oc-155"/>
      </symbol>
      <symbol id="sm-42a">
         <name>UARTCharsAvail</name>
         <value>0x262f</value>
         <object_component_ref idref="oc-193"/>
      </symbol>
      <symbol id="sm-42b">
         <name>UARTCharGetNonBlocking</name>
         <value>0x25ed</value>
         <object_component_ref idref="oc-18d"/>
      </symbol>
      <symbol id="sm-42c">
         <name>UARTIntDisable</name>
         <value>0x2667</value>
         <object_component_ref idref="oc-14f"/>
      </symbol>
      <symbol id="sm-42d">
         <name>UARTEnable</name>
         <value>0x2561</value>
         <object_component_ref idref="oc-15b"/>
      </symbol>
      <symbol id="sm-42e">
         <name>UARTIntClear</name>
         <value>0x2695</value>
         <object_component_ref idref="oc-187"/>
      </symbol>
      <symbol id="sm-42f">
         <name>UARTIntStatus</name>
         <value>0x2671</value>
         <object_component_ref idref="oc-181"/>
      </symbol>
      <symbol id="sm-430">
         <name>UARTSpaceAvail</name>
         <value>0x263b</value>
         <object_component_ref idref="oc-131"/>
      </symbol>
      <symbol id="sm-431">
         <name>UARTFIFOLevelSet</name>
         <value>0x2689</value>
         <object_component_ref idref="oc-149"/>
      </symbol>
      <symbol id="sm-4a4">
         <name>SysCtlPeripheralPresent</name>
         <value>0x246d</value>
         <object_component_ref idref="oc-13d"/>
      </symbol>
      <symbol id="sm-4a5">
         <name>SysCtlClockSet</name>
         <value>0x1ced</value>
         <object_component_ref idref="oc-e9"/>
      </symbol>
      <symbol id="sm-4a6">
         <name>SysCtlDelay</name>
         <value>0x2683</value>
         <object_component_ref idref="oc-1c3"/>
      </symbol>
      <symbol id="sm-4a7">
         <name>SysCtlPeripheralEnable</name>
         <value>0x2439</value>
         <object_component_ref idref="oc-bf"/>
      </symbol>
      <symbol id="sm-4a8">
         <name>SysCtlClockGet</name>
         <value>0x1bd5</value>
         <object_component_ref idref="oc-d1"/>
      </symbol>
      <symbol id="sm-4a9">
         <name>SysCtlPeripheralReset</name>
         <value>0x219d</value>
         <object_component_ref idref="oc-1ed"/>
      </symbol>
      <symbol id="sm-4f1">
         <name>IntEnable</name>
         <value>0x20dd</value>
         <object_component_ref idref="oc-137"/>
      </symbol>
      <symbol id="sm-4f2">
         <name>IntDisable</name>
         <value>0x207d</value>
         <object_component_ref idref="oc-12b"/>
      </symbol>
      <symbol id="sm-4f3">
         <name>IntMasterDisable</name>
         <value>0x2653</value>
         <object_component_ref idref="oc-175"/>
      </symbol>
      <symbol id="sm-4f4">
         <name>IntMasterEnable</name>
         <value>0x265d</value>
         <object_component_ref idref="oc-17b"/>
      </symbol>
      <symbol id="sm-52c">
         <name>GPIOPinConfigure</name>
         <value>0x21ed</value>
         <object_component_ref idref="oc-c5"/>
      </symbol>
      <symbol id="sm-52d">
         <name>GPIOPinTypeUART</name>
         <value>0x2589</value>
         <object_component_ref idref="oc-cb"/>
      </symbol>
      <symbol id="sm-52e">
         <name>GPIODirModeSet</name>
         <value>0x24d5</value>
         <object_component_ref idref="oc-1cc"/>
      </symbol>
      <symbol id="sm-52f">
         <name>GPIOPadConfigSet</name>
         <value>0x1aa5</value>
         <object_component_ref idref="oc-1d2"/>
      </symbol>
      <symbol id="sm-545">
         <name>FPULazyStackingEnable</name>
         <value>0x25cd</value>
         <object_component_ref idref="oc-e3"/>
      </symbol>
      <symbol id="sm-546">
         <name>FPUEnable</name>
         <value>0x25bd</value>
         <object_component_ref idref="oc-dd"/>
      </symbol>
      <symbol id="sm-5d5">
         <name>EEPROMRead</name>
         <value>0x2405</value>
         <object_component_ref idref="oc-b3"/>
      </symbol>
      <symbol id="sm-5d6">
         <name>EEPROMBlockCountGet</name>
         <value>0x25ad</value>
         <object_component_ref idref="oc-fb"/>
      </symbol>
      <symbol id="sm-5d7">
         <name>EEPROMProgram</name>
         <value>0x1ddd</value>
         <object_component_ref idref="oc-b9"/>
      </symbol>
      <symbol id="sm-5d8">
         <name>EEPROMSizeGet</name>
         <value>0x254d</value>
         <object_component_ref idref="oc-f5"/>
      </symbol>
      <symbol id="sm-5d9">
         <name>EEPROMInit</name>
         <value>0x2349</value>
         <object_component_ref idref="oc-ef"/>
      </symbol>
      <symbol id="sm-5eb">
         <name>CPUcpsie</name>
         <value>0x2623</value>
         <object_component_ref idref="oc-236"/>
      </symbol>
      <symbol id="sm-5ec">
         <name>CPUcpsid</name>
         <value>0x2617</value>
         <object_component_ref idref="oc-22f"/>
      </symbol>
      <symbol id="sm-5ed">
         <name>__TI_static_base__</name>
         <value>0x0</value>
      </symbol>
      <symbol id="sm-5ee">
         <name>__TI_args_main</name>
         <value>0x1</value>
      </symbol>
      <symbol id="sm-5ef">
         <name>SHT$$INIT_ARRAY$$Limit</name>
         <value>0x0</value>
      </symbol>
      <symbol id="sm-5f0">
         <name>SHT$$INIT_ARRAY$$Base</name>
         <value>0x0</value>
      </symbol>
   </symbol_table>
   <title>Link successful</title>
</link_info>
