******************************************************************************
                  TI ARM Linker PC v5.1.8                      
******************************************************************************
>> Linked Tue May 12 22:02:36 2015

OUTPUT FILE NAME:   <FW2.out>
ENTRY POINT SYMBOL: "_c_int00"  address: 00002a49


MEMORY CONFIGURATION

         name            origin    length      used     unused   attr    fill
----------------------  --------  ---------  --------  --------  ----  --------
  FLASH                 00000000   00040000  00003108  0003cef8  R  X
  SRAM                  20000000   00008000  000007c0  00007840  RW X


SEGMENT ALLOCATION MAP

run origin  load origin   length   init length attrs members
----------  ----------- ---------- ----------- ----- -------
00000000    00000000    00003110   00003110    r-x
  00000000    00000000    0000026c   0000026c    r-- .intvecs
  0000026c    0000026c    00002c1e   00002c1e    r-x .text
  00002e8c    00002e8c    0000021e   0000021e    r-- .const
  000030b0    000030b0    00000060   00000060    r-- .cinit
20000000    20000000    000007c0   00000000    rw-
  20000000    20000000    0000055c   00000000    rw- .bss
  2000055c    2000055c    00000200   00000000    rw- .stack
  2000075c    2000075c    00000064   00000000    rw- .data


SECTION ALLOCATION MAP

 output                                  attributes/
section   page    origin      length       input sections
--------  ----  ----------  ----------   ----------------
.intvecs   0    00000000    0000026c     
                  00000000    0000026c     tm4c123gh6pm_startup_ccs.obj (.intvecs)

.init_array 
*          0    00000000    00000000     UNINITIALIZED

.text      0    0000026c    00002c1e     
                  0000026c    00000c84     ustdlib.obj (.text)
                  00000ef0    00000914     uartstdio.obj (.text)
                  00001804    00000598     StateMachine.obj (.text)
                  00001d9c    00000360     main.obj (.text)
                  000020fc    00000170     CmdList.obj (.text)
                  0000226c    00000130     driverlib.lib : gpio.obj (.text:GPIOPadConfigSet)
                  0000239c    00000118                   : sysctl.obj (.text:SysCtlClockGet)
                  000024b4    0000010c     buttons.obj (.text)
                  000025c0    000000f0     driverlib.lib : sysctl.obj (.text:SysCtlClockSet)
                  000026b0    000000c4                   : eeprom.obj (.text:EEPROMProgram)
                  00002774    000000ac     cmdline.obj (.text)
                  00002820    0000009c     rtsv7M4_T_le_v4SPD16_eabi.lib : memcpy_t2.obj (.text)
                  000028bc    00000094                                   : auto_init.obj (.text)
                  00002950    0000005e                                   : copy_decompress_rle.obj (.text)
                  000029ae    00000002     --HOLE-- [fill = 0]
                  000029b0    00000050     driverlib.lib : sysctl.obj (.text:SysCtlPeripheralReset)
                  00002a00    00000048                   : gpio.obj (.text:GPIOPinConfigure)
                  00002a48    00000048     rtsv7M4_T_le_v4SPD16_eabi.lib : boot.obj (.text)
                  00002a90    00000044                                   : cpy_tbl.obj (.text)
                  00002ad4    00000044                                   : exit.obj (.text)
                  00002b18    00000042                                   : u_divt2.obj (.text)
                  00002b5a    00000002     --HOLE-- [fill = 0]
                  00002b5c    00000040     driverlib.lib : eeprom.obj (.text:EEPROMInit)
                  00002b9c    0000003c                   : eeprom.obj (.text:_EEPROMSectorMaskSet)
                  00002bd8    00000034                   : eeprom.obj (.text:EEPROMRead)
                  00002c0c    00000034                   : sysctl.obj (.text:SysCtlPeripheralEnable)
                  00002c40    00000034                   : eeprom.obj (.text:_EEPROMSectorMaskClear)
                  00002c74    0000002a                   : gpio.obj (.text:GPIODirModeSet)
                  00002c9e    00000022                   : pwm.obj (.text:PWMGenConfigure)
                  00002cc0    0000001e                   : pwm.obj (.text:PWMPulseWidthSet)
                  00002cde    00000018                   : gpio.obj (.text:GPIOPinTypeGPIOOutput)
                  00002cf6    00000002     --HOLE-- [fill = 0]
                  00002cf8    00000018     rtsv7M4_T_le_v4SPD16_eabi.lib : args_main.obj (.text)
                  00002d10    00000018                                   : strcmp.obj (.text)
                  00002d28    00000014     driverlib.lib : eeprom.obj (.text:EEPROMSizeGet)
                  00002d3c    00000014                   : sysctl.obj (.text:SysCtlPWMClockSet)
                  00002d50    00000014                   : systick.obj (.text:SysTickEnable)
                  00002d64    00000014                   : systick.obj (.text:SysTickIntEnable)
                  00002d78    00000014     rtsv7M4_T_le_v4SPD16_eabi.lib : _lock.obj (.text)
                  00002d8c    00000012     driverlib.lib : gpio.obj (.text:GPIOPinTypePWM)
                  00002d9e    00000012                   : pwm.obj (.text:PWMOutputState)
                  00002db0    00000012     rtsv7M4_T_le_v4SPD16_eabi.lib : copy_zero_init.obj (.text:decompress:ZI)
                  00002dc2    00000002     --HOLE-- [fill = 0]
                  00002dc4    00000010     driverlib.lib : eeprom.obj (.text:EEPROMBlockCountGet)
                  00002dd4    00000010                   : fpu.obj (.text:FPUEnable)
                  00002de4    00000010                   : fpu.obj (.text:FPULazyStackingEnable)
                  00002df4    00000010                   : pwm.obj (.text:PWMGenPeriodSet)
                  00002e04    00000010                   : systick.obj (.text:SysTickPeriodSet)
                  00002e14    00000010                   : eeprom.obj (.text:_EEPROMWaitForDone)
                  00002e24    0000000e     rtsv7M4_T_le_v4SPD16_eabi.lib : copy_decompress_none.obj (.text:decompress:none)
                  00002e32    0000000c     driverlib.lib : cpu.obj (.text:CPUcpsie)
                  00002e3e    0000000c                   : pwm.obj (.text:PWMGenDisable)
                  00002e4a    0000000c                   : pwm.obj (.text:PWMGenEnable)
                  00002e56    0000000c     tm4c123gh6pm_startup_ccs.obj (.text)
                  00002e62    0000000a     driverlib.lib : interrupt.obj (.text:IntMasterEnable)
                  00002e6c    00000006                   : gpio.obj (.text:GPIOPinRead)
                  00002e72    00000006                   : gpio.obj (.text:GPIOPinWrite)
                  00002e78    00000006                   : sysctl.obj (.text:SysCtlDelay)
                  00002e7e    00000006                   : uart.obj (.text:UARTClockSourceSet)
                  00002e84    00000006     rtsv7M4_T_le_v4SPD16_eabi.lib : copy_decompress_rle.obj (.text:decompress:rle24)

.const     0    00002e8c    0000021e     
                  00002e8c    00000090     driverlib.lib : gpio.obj (.const:g_pui32GPIOBaseAddrs)
                  00002f1c    00000086     CmdList.obj (.const:.string)
                  00002fa2    00000002     --HOLE-- [fill = 0]
                  00002fa4    0000006c     driverlib.lib : sysctl.obj (.const:g_pui32Xtals)
                  00003010    00000030     ustdlib.obj (.const:g_psDaysToMonth)
                  00003040    00000028     uartstdio.obj (.const)
                  00003068    0000001c     ustdlib.obj (.const)
                  00003084    00000012     uartstdio.obj (.const:.string)
                  00003096    00000002     --HOLE-- [fill = 0]
                  00003098    00000012     ustdlib.obj (.const:.string)

.cinit     0    000030b0    00000060     
                  000030b0    0000003b     (.cinit..data.load) [load image, compression = rle]
                  000030eb    00000001     --HOLE-- [fill = 0]
                  000030ec    0000000c     (__TI_handler_table)
                  000030f8    00000008     (.cinit..bss.load) [load image, compression = zero_init]
                  00003100    00000010     (__TI_cinit_table)

.bss       0    20000000    0000055c     UNINITIALIZED
                  20000000    00000400     uartstdio.obj (.bss:g_pcUARTTxBuffer)
                  20000400    00000080     main.obj (.bss:g_cInput)
                  20000480    00000080     uartstdio.obj (.bss:g_pcUARTRxBuffer)
                  20000500    00000024     cmdline.obj (.bss:g_ppcArgv)
                  20000524    00000018     (.common:g_sAppState)
                  2000053c    00000004     (.common:Eeprom_err)
                  20000540    00000004     (.common:g_ui32PortNum)
                  20000544    00000004     (.common:pui32Data)
                  20000548    00000004     (.common:pui32Read)
                  2000054c    00000004     (.common:ui32TickCounter$1)
                  20000550    00000004     (.common:ulPWMClock)
                  20000554    00000004     (.common:ulPWMPeriod)
                  20000558    00000001     (.common:Do_one)
                  20000559    00000001     (.common:Period_Toggle)
                  2000055a    00000001     (.common:Status_Led$2)
                  2000055b    00000001     (.common:g_bDisableEcho)

.stack     0    2000055c    00000200     UNINITIALIZED
                  2000055c    00000200     --HOLE--

.data      0    2000075c    00000064     UNINITIALIZED
                  2000075c    00000030     CmdList.obj (.data:g_psCmdTable)
                  2000078c    00000015     uartstdio.obj (.data)
                  200007a1    00000003     buttons.obj (.data)
                  200007a4    00000008     rtsv7M4_T_le_v4SPD16_eabi.lib : _lock.obj (.data)
                  200007ac    00000008                                   : exit.obj (.data)
                  200007b4    00000004     StateMachine.obj (.data)
                  200007b8    00000004     rtsv7M4_T_le_v4SPD16_eabi.lib : stkdepth_vars.obj (.data)
                  200007bc    00000004     ustdlib.obj (.data)


LINKER GENERATED COPY TABLES

__TI_cinit_table @ 00003100 records: 2, size/record: 8, table size: 16
	.data: load addr=000030b0, load size=0000003b bytes, run addr=2000075c, run size=00000064 bytes, compression=rle
	.bss: load addr=000030f8, load size=00000008 bytes, run addr=20000000, run size=0000055c bytes, compression=zero_init


LINKER GENERATED HANDLER TABLE

__TI_handler_table @ 000030ec records: 3, size/record: 4, table size: 12
	index: 0, handler: __TI_decompress_rle24
	index: 1, handler: __TI_decompress_none
	index: 2, handler: __TI_zero_init


GLOBAL SYMBOLS: SORTED ALPHABETICALLY BY Name 

address    name
--------   ----
000018e7   AppButtonHandler
00001aed   AppLedHandler
00001d9d   Basic_Config
00002555   ButtonsInit
000024b5   ButtonsPoll
00002ad5   C$$EXIT
000020fd   CMD_help
0000214f   CMD_read
000021a1   CMD_write
00002e33   CPUcpsie
00002775   CmdLineProcess
00001d23   ConfigLED1
0000185f   ConfigurePWM
00001805   ConfigureUART
20000558   Do_one
00002dc5   EEPROMBlockCountGet
00002b5d   EEPROMInit
000026b1   EEPROMProgram
00002bd9   EEPROMRead
00002d29   EEPROMSizeGet
2000053c   Eeprom_err
00002dd5   FPUEnable
00002de5   FPULazyStackingEnable
00002c75   GPIODirModeSet
0000226d   GPIOPadConfigSet
00002a01   GPIOPinConfigure
00002e6d   GPIOPinRead
00002cdf   GPIOPinTypeGPIOOutput
00002d8d   GPIOPinTypePWM
00002e73   GPIOPinWrite
00002e63   IntMasterEnable
00002c9f   PWMGenConfigure
00002e3f   PWMGenDisable
00002e4b   PWMGenEnable
00002df5   PWMGenPeriodSet
00002d9f   PWMOutputState
00002cc1   PWMPulseWidthSet
20000559   Period_Toggle
00002e57   ResetISR
UNDEFED    SHT$$INIT_ARRAY$$Base
UNDEFED    SHT$$INIT_ARRAY$$Limit
0000239d   SysCtlClockGet
000025c1   SysCtlClockSet
00002e79   SysCtlDelay
00002d3d   SysCtlPWMClockSet
00002c0d   SysCtlPeripheralEnable
000029b1   SysCtlPeripheralReset
00002d51   SysTickEnable
00002d65   SysTickIntEnable
00001d03   SysTickIntHandler
00002e05   SysTickPeriodSet
00002e7f   UARTClockSourceSet
00001645   UARTEchoSet
000015df   UARTFlushRx
00001607   UARTFlushTx
00001585   UARTPeek
00001563   UARTRxBytesAvail
00001003   UARTStdioConfig
00001679   UARTStdioIntHandler
00001571   UARTTxBytesFree
000011dd   UARTgetc
00001161   UARTgets
0000153f   UARTprintf
00001245   UARTvprintf
000010bb   UARTwrite
2000075c   __STACK_END
00000200   __STACK_SIZE
2000075c   __STACK_TOP
00003100   __TI_CINIT_Base
00003110   __TI_CINIT_Limit
000030ec   __TI_Handler_Table_Base
000030f8   __TI_Handler_Table_Limit
00000001   __TI_args_main
000028bd   __TI_auto_init
200007ac   __TI_cleanup_ptr
00002e25   __TI_decompress_none
00002e85   __TI_decompress_rle24
200007b0   __TI_dtors_ptr
00000000   __TI_static_base__
00002db1   __TI_zero_init
00002821   __aeabi_memcpy
00002821   __aeabi_memcpy4
00002821   __aeabi_memcpy8
00002b19   __aeabi_uidivmod
ffffffff   __binit__
ffffffff   __c_args__
2000055c   __stack
00002cf9   _args_main
00002a49   _c_int00
200007a4   _lock
00002d87   _nop
00002d7f   _register_lock
00002d79   _register_unlock
200007a8   _unlock
00002ad9   abort
ffffffff   binit
00002a91   copy_in
00001d49   delay_ms
00002ae1   exit
00000000   g_pfnVectors
2000075c   g_psCmdTable
20000524   g_sAppState
00001e05   main
200007b8   main_func_sp
00002821   memcpy
20000544   pui32Data
20000548   pui32Read
00002d11   strcmp
200007b4   ulDutyCycle
20000550   ulPWMClock
20000554   ulPWMPeriod
00000751   ulocaltime
0000094f   umktime
00000ec9   urand
00000721   usnprintf
000006ef   usprintf
00000eb9   usrand
00000e31   ustrcasecmp
00000ea5   ustrcmp
00000d35   ustrlen
00000d8d   ustrncasecmp
00000e45   ustrncmp
0000026d   ustrncpy
00000d57   ustrstr
00000afd   ustrtof
000009c5   ustrtoul
000002c5   uvsnprintf


GLOBAL SYMBOLS: SORTED BY Symbol Address 

address    name
--------   ----
00000000   __TI_static_base__
00000000   g_pfnVectors
00000001   __TI_args_main
00000200   __STACK_SIZE
0000026d   ustrncpy
000002c5   uvsnprintf
000006ef   usprintf
00000721   usnprintf
00000751   ulocaltime
0000094f   umktime
000009c5   ustrtoul
00000afd   ustrtof
00000d35   ustrlen
00000d57   ustrstr
00000d8d   ustrncasecmp
00000e31   ustrcasecmp
00000e45   ustrncmp
00000ea5   ustrcmp
00000eb9   usrand
00000ec9   urand
00001003   UARTStdioConfig
000010bb   UARTwrite
00001161   UARTgets
000011dd   UARTgetc
00001245   UARTvprintf
0000153f   UARTprintf
00001563   UARTRxBytesAvail
00001571   UARTTxBytesFree
00001585   UARTPeek
000015df   UARTFlushRx
00001607   UARTFlushTx
00001645   UARTEchoSet
00001679   UARTStdioIntHandler
00001805   ConfigureUART
0000185f   ConfigurePWM
000018e7   AppButtonHandler
00001aed   AppLedHandler
00001d03   SysTickIntHandler
00001d23   ConfigLED1
00001d49   delay_ms
00001d9d   Basic_Config
00001e05   main
000020fd   CMD_help
0000214f   CMD_read
000021a1   CMD_write
0000226d   GPIOPadConfigSet
0000239d   SysCtlClockGet
000024b5   ButtonsPoll
00002555   ButtonsInit
000025c1   SysCtlClockSet
000026b1   EEPROMProgram
00002775   CmdLineProcess
00002821   __aeabi_memcpy
00002821   __aeabi_memcpy4
00002821   __aeabi_memcpy8
00002821   memcpy
000028bd   __TI_auto_init
000029b1   SysCtlPeripheralReset
00002a01   GPIOPinConfigure
00002a49   _c_int00
00002a91   copy_in
00002ad5   C$$EXIT
00002ad9   abort
00002ae1   exit
00002b19   __aeabi_uidivmod
00002b5d   EEPROMInit
00002bd9   EEPROMRead
00002c0d   SysCtlPeripheralEnable
00002c75   GPIODirModeSet
00002c9f   PWMGenConfigure
00002cc1   PWMPulseWidthSet
00002cdf   GPIOPinTypeGPIOOutput
00002cf9   _args_main
00002d11   strcmp
00002d29   EEPROMSizeGet
00002d3d   SysCtlPWMClockSet
00002d51   SysTickEnable
00002d65   SysTickIntEnable
00002d79   _register_unlock
00002d7f   _register_lock
00002d87   _nop
00002d8d   GPIOPinTypePWM
00002d9f   PWMOutputState
00002db1   __TI_zero_init
00002dc5   EEPROMBlockCountGet
00002dd5   FPUEnable
00002de5   FPULazyStackingEnable
00002df5   PWMGenPeriodSet
00002e05   SysTickPeriodSet
00002e25   __TI_decompress_none
00002e33   CPUcpsie
00002e3f   PWMGenDisable
00002e4b   PWMGenEnable
00002e57   ResetISR
00002e63   IntMasterEnable
00002e6d   GPIOPinRead
00002e73   GPIOPinWrite
00002e79   SysCtlDelay
00002e7f   UARTClockSourceSet
00002e85   __TI_decompress_rle24
000030ec   __TI_Handler_Table_Base
000030f8   __TI_Handler_Table_Limit
00003100   __TI_CINIT_Base
00003110   __TI_CINIT_Limit
20000524   g_sAppState
2000053c   Eeprom_err
20000544   pui32Data
20000548   pui32Read
20000550   ulPWMClock
20000554   ulPWMPeriod
20000558   Do_one
20000559   Period_Toggle
2000055c   __stack
2000075c   __STACK_END
2000075c   __STACK_TOP
2000075c   g_psCmdTable
200007a4   _lock
200007a8   _unlock
200007ac   __TI_cleanup_ptr
200007b0   __TI_dtors_ptr
200007b4   ulDutyCycle
200007b8   main_func_sp
ffffffff   __binit__
ffffffff   __c_args__
ffffffff   binit
UNDEFED    SHT$$INIT_ARRAY$$Base
UNDEFED    SHT$$INIT_ARRAY$$Limit

[127 symbols]
