<?xml version="1.0"?>
<link_info>
   <banner>TI ARM Linker PC v5.1.8</banner>
   <copyright>Copyright (c) 1996-2014 Texas Instruments Incorporated</copyright>
   <link_time>0x5552160c</link_time>
   <link_errors>0x0</link_errors>
   <output_file>FW2.out</output_file>
   <entry_point>
      <name>_c_int00</name>
      <address>0x2a49</address>
   </entry_point>
   <input_file_list>
      <input_file id="fl-2">
         <path>.\</path>
         <kind>object</kind>
         <file>main.obj</file>
         <name>main.obj</name>
      </input_file>
      <input_file id="fl-3">
         <path>.\</path>
         <kind>object</kind>
         <file>tm4c123gh6pm_startup_ccs.obj</file>
         <name>tm4c123gh6pm_startup_ccs.obj</name>
      </input_file>
      <input_file id="fl-4">
         <path>.\SourceDriverLib\</path>
         <kind>object</kind>
         <file>buttons.obj</file>
         <name>buttons.obj</name>
      </input_file>
      <input_file id="fl-5">
         <path>.\SourceDriverLib\</path>
         <kind>object</kind>
         <file>cmdline.obj</file>
         <name>cmdline.obj</name>
      </input_file>
      <input_file id="fl-6">
         <path>.\SourceDriverLib\</path>
         <kind>object</kind>
         <file>rgb.obj</file>
         <name>rgb.obj</name>
      </input_file>
      <input_file id="fl-7">
         <path>.\SourceDriverLib\</path>
         <kind>object</kind>
         <file>uartstdio.obj</file>
         <name>uartstdio.obj</name>
      </input_file>
      <input_file id="fl-8">
         <path>.\SourceDriverLib\</path>
         <kind>object</kind>
         <file>ustdlib.obj</file>
         <name>ustdlib.obj</name>
      </input_file>
      <input_file id="fl-9">
         <path>.\DriLib\</path>
         <kind>object</kind>
         <file>CmdList.obj</file>
         <name>CmdList.obj</name>
      </input_file>
      <input_file id="fl-a">
         <path>.\DriLib\</path>
         <kind>object</kind>
         <file>StateMachine.obj</file>
         <name>StateMachine.obj</name>
      </input_file>
      <input_file id="fl-138">
         <path>F:\CCS\CCS6\ccsv6\tools\compiler\arm_5.1.8\lib\</path>
         <kind>archive</kind>
         <file>rtsv7M4_T_le_v4SPD16_eabi.lib</file>
         <name>boot.obj</name>
      </input_file>
      <input_file id="fl-139">
         <path>F:\CCS\CCS6\ccsv6\tools\compiler\arm_5.1.8\lib\</path>
         <kind>archive</kind>
         <file>rtsv7M4_T_le_v4SPD16_eabi.lib</file>
         <name>copy_decompress_none.obj</name>
      </input_file>
      <input_file id="fl-13a">
         <path>F:\CCS\CCS6\ccsv6\tools\compiler\arm_5.1.8\lib\</path>
         <kind>archive</kind>
         <file>rtsv7M4_T_le_v4SPD16_eabi.lib</file>
         <name>copy_decompress_rle.obj</name>
      </input_file>
      <input_file id="fl-13b">
         <path>F:\CCS\CCS6\ccsv6\tools\compiler\arm_5.1.8\lib\</path>
         <kind>archive</kind>
         <file>rtsv7M4_T_le_v4SPD16_eabi.lib</file>
         <name>copy_zero_init.obj</name>
      </input_file>
      <input_file id="fl-13c">
         <path>F:\CCS\CCS6\ccsv6\tools\compiler\arm_5.1.8\lib\</path>
         <kind>archive</kind>
         <file>rtsv7M4_T_le_v4SPD16_eabi.lib</file>
         <name>exit.obj</name>
      </input_file>
      <input_file id="fl-13d">
         <path>F:\CCS\CCS6\ccsv6\tools\compiler\arm_5.1.8\lib\</path>
         <kind>archive</kind>
         <file>rtsv7M4_T_le_v4SPD16_eabi.lib</file>
         <name>fs_toull_t2.obj</name>
      </input_file>
      <input_file id="fl-13e">
         <path>F:\CCS\CCS6\ccsv6\tools\compiler\arm_5.1.8\lib\</path>
         <kind>archive</kind>
         <file>rtsv7M4_T_le_v4SPD16_eabi.lib</file>
         <name>memcpy_t2.obj</name>
      </input_file>
      <input_file id="fl-13f">
         <path>F:\CCS\CCS6\ccsv6\tools\compiler\arm_5.1.8\lib\</path>
         <kind>archive</kind>
         <file>rtsv7M4_T_le_v4SPD16_eabi.lib</file>
         <name>stkdepth_vars.obj</name>
      </input_file>
      <input_file id="fl-140">
         <path>F:\CCS\CCS6\ccsv6\tools\compiler\arm_5.1.8\lib\</path>
         <kind>archive</kind>
         <file>rtsv7M4_T_le_v4SPD16_eabi.lib</file>
         <name>strcmp.obj</name>
      </input_file>
      <input_file id="fl-141">
         <path>F:\CCS\CCS6\ccsv6\tools\compiler\arm_5.1.8\lib\</path>
         <kind>archive</kind>
         <file>rtsv7M4_T_le_v4SPD16_eabi.lib</file>
         <name>u_divt2.obj</name>
      </input_file>
      <input_file id="fl-142">
         <path>F:\CCS\CCS6\ccsv6\tools\compiler\arm_5.1.8\lib\</path>
         <kind>archive</kind>
         <file>rtsv7M4_T_le_v4SPD16_eabi.lib</file>
         <name>_lock.obj</name>
      </input_file>
      <input_file id="fl-143">
         <path>F:\CCS\CCS6\ccsv6\tools\compiler\arm_5.1.8\lib\</path>
         <kind>archive</kind>
         <file>rtsv7M4_T_le_v4SPD16_eabi.lib</file>
         <name>args_main.obj</name>
      </input_file>
      <input_file id="fl-144">
         <path>F:\CCS\CCS6\ccsv6\tools\compiler\arm_5.1.8\lib\</path>
         <kind>archive</kind>
         <file>rtsv7M4_T_le_v4SPD16_eabi.lib</file>
         <name>auto_init.obj</name>
      </input_file>
      <input_file id="fl-145">
         <path>F:\CCS\CCS6\ccsv6\tools\compiler\arm_5.1.8\lib\</path>
         <kind>archive</kind>
         <file>rtsv7M4_T_le_v4SPD16_eabi.lib</file>
         <name>cpy_tbl.obj</name>
      </input_file>
      <input_file id="fl-146">
         <path>C:\ti\TivaWare_C_Series-2.1.0.12573\driverlib\ccs\Debug\</path>
         <kind>archive</kind>
         <file>driverlib.lib</file>
         <name>uart.obj</name>
      </input_file>
      <input_file id="fl-147">
         <path>C:\ti\TivaWare_C_Series-2.1.0.12573\driverlib\ccs\Debug\</path>
         <kind>archive</kind>
         <file>driverlib.lib</file>
         <name>timer.obj</name>
      </input_file>
      <input_file id="fl-148">
         <path>C:\ti\TivaWare_C_Series-2.1.0.12573\driverlib\ccs\Debug\</path>
         <kind>archive</kind>
         <file>driverlib.lib</file>
         <name>systick.obj</name>
      </input_file>
      <input_file id="fl-149">
         <path>C:\ti\TivaWare_C_Series-2.1.0.12573\driverlib\ccs\Debug\</path>
         <kind>archive</kind>
         <file>driverlib.lib</file>
         <name>sysctl.obj</name>
      </input_file>
      <input_file id="fl-14a">
         <path>C:\ti\TivaWare_C_Series-2.1.0.12573\driverlib\ccs\Debug\</path>
         <kind>archive</kind>
         <file>driverlib.lib</file>
         <name>pwm.obj</name>
      </input_file>
      <input_file id="fl-14b">
         <path>C:\ti\TivaWare_C_Series-2.1.0.12573\driverlib\ccs\Debug\</path>
         <kind>archive</kind>
         <file>driverlib.lib</file>
         <name>interrupt.obj</name>
      </input_file>
      <input_file id="fl-14c">
         <path>C:\ti\TivaWare_C_Series-2.1.0.12573\driverlib\ccs\Debug\</path>
         <kind>archive</kind>
         <file>driverlib.lib</file>
         <name>gpio.obj</name>
      </input_file>
      <input_file id="fl-14d">
         <path>C:\ti\TivaWare_C_Series-2.1.0.12573\driverlib\ccs\Debug\</path>
         <kind>archive</kind>
         <file>driverlib.lib</file>
         <name>fpu.obj</name>
      </input_file>
      <input_file id="fl-14e">
         <path>C:\ti\TivaWare_C_Series-2.1.0.12573\driverlib\ccs\Debug\</path>
         <kind>archive</kind>
         <file>driverlib.lib</file>
         <name>eeprom.obj</name>
      </input_file>
      <input_file id="fl-14f">
         <path>C:\ti\TivaWare_C_Series-2.1.0.12573\driverlib\ccs\Debug\</path>
         <kind>archive</kind>
         <file>driverlib.lib</file>
         <name>cpu.obj</name>
      </input_file>
   </input_file_list>
   <object_component_list>
      <object_component id="oc-e">
         <name>.intvecs</name>
         <load_address>0x0</load_address>
         <run_address>0x0</run_address>
         <size>0x26c</size>
         <input_file_ref idref="fl-3"/>
      </object_component>
      <object_component id="oc-27b">
         <name>.text</name>
         <load_address>0x26c</load_address>
         <run_address>0x26c</run_address>
         <size>0xc84</size>
         <input_file_ref idref="fl-8"/>
      </object_component>
      <object_component id="oc-35">
         <name>.text</name>
         <load_address>0xef0</load_address>
         <run_address>0xef0</run_address>
         <size>0x914</size>
         <input_file_ref idref="fl-7"/>
      </object_component>
      <object_component id="oc-2f">
         <name>.text</name>
         <load_address>0x1804</load_address>
         <run_address>0x1804</run_address>
         <size>0x598</size>
         <input_file_ref idref="fl-a"/>
      </object_component>
      <object_component id="oc-11c">
         <name>.text</name>
         <load_address>0x1d9c</load_address>
         <run_address>0x1d9c</run_address>
         <size>0x360</size>
         <input_file_ref idref="fl-2"/>
      </object_component>
      <object_component id="oc-269">
         <name>.text</name>
         <load_address>0x20fc</load_address>
         <run_address>0x20fc</run_address>
         <size>0x170</size>
         <input_file_ref idref="fl-9"/>
      </object_component>
      <object_component id="oc-15a">
         <name>.text:GPIOPadConfigSet</name>
         <load_address>0x226c</load_address>
         <run_address>0x226c</run_address>
         <size>0x130</size>
         <input_file_ref idref="fl-14c"/>
      </object_component>
      <object_component id="oc-86">
         <name>.text:SysCtlClockGet</name>
         <load_address>0x239c</load_address>
         <run_address>0x239c</run_address>
         <size>0x118</size>
         <input_file_ref idref="fl-149"/>
      </object_component>
      <object_component id="oc-dc">
         <name>.text</name>
         <load_address>0x24b4</load_address>
         <run_address>0x24b4</run_address>
         <size>0x10c</size>
         <input_file_ref idref="fl-4"/>
      </object_component>
      <object_component id="oc-1ae">
         <name>.text:SysCtlClockSet</name>
         <load_address>0x25c0</load_address>
         <run_address>0x25c0</run_address>
         <size>0xf0</size>
         <input_file_ref idref="fl-149"/>
      </object_component>
      <object_component id="oc-b6">
         <name>.text:EEPROMProgram</name>
         <load_address>0x26b0</load_address>
         <run_address>0x26b0</run_address>
         <size>0xc4</size>
         <input_file_ref idref="fl-14e"/>
      </object_component>
      <object_component id="oc-1e4">
         <name>.text</name>
         <load_address>0x2774</load_address>
         <run_address>0x2774</run_address>
         <size>0xac</size>
         <input_file_ref idref="fl-5"/>
      </object_component>
      <object_component id="oc-53">
         <name>.text</name>
         <load_address>0x2820</load_address>
         <run_address>0x2820</run_address>
         <size>0x9c</size>
         <input_file_ref idref="fl-13e"/>
      </object_component>
      <object_component id="oc-3e">
         <name>.text</name>
         <load_address>0x28bc</load_address>
         <run_address>0x28bc</run_address>
         <size>0x94</size>
         <input_file_ref idref="fl-144"/>
      </object_component>
      <object_component id="oc-66">
         <name>.text</name>
         <load_address>0x2950</load_address>
         <run_address>0x2950</run_address>
         <size>0x5e</size>
         <input_file_ref idref="fl-13a"/>
      </object_component>
      <object_component id="oc-237">
         <name>.text:SysCtlPeripheralReset</name>
         <load_address>0x29b0</load_address>
         <run_address>0x29b0</run_address>
         <size>0x50</size>
         <input_file_ref idref="fl-149"/>
      </object_component>
      <object_component id="oc-8c">
         <name>.text:GPIOPinConfigure</name>
         <load_address>0x2a00</load_address>
         <run_address>0x2a00</run_address>
         <size>0x48</size>
         <input_file_ref idref="fl-14c"/>
      </object_component>
      <object_component id="oc-11">
         <name>.text</name>
         <load_address>0x2a48</load_address>
         <run_address>0x2a48</run_address>
         <size>0x48</size>
         <input_file_ref idref="fl-138"/>
      </object_component>
      <object_component id="oc-115">
         <name>.text</name>
         <load_address>0x2a90</load_address>
         <run_address>0x2a90</run_address>
         <size>0x44</size>
         <input_file_ref idref="fl-145"/>
      </object_component>
      <object_component id="oc-49">
         <name>.text</name>
         <load_address>0x2ad4</load_address>
         <run_address>0x2ad4</run_address>
         <size>0x44</size>
         <input_file_ref idref="fl-13c"/>
      </object_component>
      <object_component id="oc-fd">
         <name>.text</name>
         <load_address>0x2b18</load_address>
         <run_address>0x2b18</run_address>
         <size>0x42</size>
         <input_file_ref idref="fl-141"/>
      </object_component>
      <object_component id="oc-1b4">
         <name>.text:EEPROMInit</name>
         <load_address>0x2b5c</load_address>
         <run_address>0x2b5c</run_address>
         <size>0x40</size>
         <input_file_ref idref="fl-14e"/>
      </object_component>
      <object_component id="oc-172">
         <name>.text:_EEPROMSectorMaskSet</name>
         <load_address>0x2b9c</load_address>
         <run_address>0x2b9c</run_address>
         <size>0x3c</size>
         <input_file_ref idref="fl-14e"/>
      </object_component>
      <object_component id="oc-1de">
         <name>.text:EEPROMRead</name>
         <load_address>0x2bd8</load_address>
         <run_address>0x2bd8</run_address>
         <size>0x34</size>
         <input_file_ref idref="fl-14e"/>
      </object_component>
      <object_component id="oc-80">
         <name>.text:SysCtlPeripheralEnable</name>
         <load_address>0x2c0c</load_address>
         <run_address>0x2c0c</run_address>
         <size>0x34</size>
         <input_file_ref idref="fl-149"/>
      </object_component>
      <object_component id="oc-16c">
         <name>.text:_EEPROMSectorMaskClear</name>
         <load_address>0x2c40</load_address>
         <run_address>0x2c40</run_address>
         <size>0x34</size>
         <input_file_ref idref="fl-14e"/>
      </object_component>
      <object_component id="oc-154">
         <name>.text:GPIODirModeSet</name>
         <load_address>0x2c74</load_address>
         <run_address>0x2c74</run_address>
         <size>0x2a</size>
         <input_file_ref idref="fl-14c"/>
      </object_component>
      <object_component id="oc-98">
         <name>.text:PWMGenConfigure</name>
         <load_address>0x2c9e</load_address>
         <run_address>0x2c9e</run_address>
         <size>0x22</size>
         <input_file_ref idref="fl-14a"/>
      </object_component>
      <object_component id="oc-a4">
         <name>.text:PWMPulseWidthSet</name>
         <load_address>0x2cc0</load_address>
         <run_address>0x2cc0</run_address>
         <size>0x1e</size>
         <input_file_ref idref="fl-14a"/>
      </object_component>
      <object_component id="oc-d1">
         <name>.text:GPIOPinTypeGPIOOutput</name>
         <load_address>0x2cde</load_address>
         <run_address>0x2cde</run_address>
         <size>0x18</size>
         <input_file_ref idref="fl-14c"/>
      </object_component>
      <object_component id="oc-43">
         <name>.text</name>
         <load_address>0x2cf8</load_address>
         <run_address>0x2cf8</run_address>
         <size>0x18</size>
         <input_file_ref idref="fl-143"/>
      </object_component>
      <object_component id="oc-24c">
         <name>.text</name>
         <load_address>0x2d10</load_address>
         <run_address>0x2d10</run_address>
         <size>0x18</size>
         <input_file_ref idref="fl-140"/>
      </object_component>
      <object_component id="oc-1d2">
         <name>.text:EEPROMSizeGet</name>
         <load_address>0x2d28</load_address>
         <run_address>0x2d28</run_address>
         <size>0x14</size>
         <input_file_ref idref="fl-14e"/>
      </object_component>
      <object_component id="oc-7a">
         <name>.text:SysCtlPWMClockSet</name>
         <load_address>0x2d3c</load_address>
         <run_address>0x2d3c</run_address>
         <size>0x14</size>
         <input_file_ref idref="fl-149"/>
      </object_component>
      <object_component id="oc-1c0">
         <name>.text:SysTickEnable</name>
         <load_address>0x2d50</load_address>
         <run_address>0x2d50</run_address>
         <size>0x14</size>
         <input_file_ref idref="fl-148"/>
      </object_component>
      <object_component id="oc-1c6">
         <name>.text:SysTickIntEnable</name>
         <load_address>0x2d64</load_address>
         <run_address>0x2d64</run_address>
         <size>0x14</size>
         <input_file_ref idref="fl-148"/>
      </object_component>
      <object_component id="oc-1fb">
         <name>.text</name>
         <load_address>0x2d78</load_address>
         <run_address>0x2d78</run_address>
         <size>0x14</size>
         <input_file_ref idref="fl-142"/>
      </object_component>
      <object_component id="oc-92">
         <name>.text:GPIOPinTypePWM</name>
         <load_address>0x2d8c</load_address>
         <run_address>0x2d8c</run_address>
         <size>0x12</size>
         <input_file_ref idref="fl-14c"/>
      </object_component>
      <object_component id="oc-aa">
         <name>.text:PWMOutputState</name>
         <load_address>0x2d9e</load_address>
         <run_address>0x2d9e</run_address>
         <size>0x12</size>
         <input_file_ref idref="fl-14a"/>
      </object_component>
      <object_component id="oc-1c">
         <name>.text:decompress:ZI</name>
         <load_address>0x2db0</load_address>
         <run_address>0x2db0</run_address>
         <size>0x12</size>
         <input_file_ref idref="fl-13b"/>
      </object_component>
      <object_component id="oc-1d8">
         <name>.text:EEPROMBlockCountGet</name>
         <load_address>0x2dc4</load_address>
         <run_address>0x2dc4</run_address>
         <size>0x10</size>
         <input_file_ref idref="fl-14e"/>
      </object_component>
      <object_component id="oc-1a2">
         <name>.text:FPUEnable</name>
         <load_address>0x2dd4</load_address>
         <run_address>0x2dd4</run_address>
         <size>0x10</size>
         <input_file_ref idref="fl-14d"/>
      </object_component>
      <object_component id="oc-1a8">
         <name>.text:FPULazyStackingEnable</name>
         <load_address>0x2de4</load_address>
         <run_address>0x2de4</run_address>
         <size>0x10</size>
         <input_file_ref idref="fl-14d"/>
      </object_component>
      <object_component id="oc-9e">
         <name>.text:PWMGenPeriodSet</name>
         <load_address>0x2df4</load_address>
         <run_address>0x2df4</run_address>
         <size>0x10</size>
         <input_file_ref idref="fl-14a"/>
      </object_component>
      <object_component id="oc-1ba">
         <name>.text:SysTickPeriodSet</name>
         <load_address>0x2e04</load_address>
         <run_address>0x2e04</run_address>
         <size>0x10</size>
         <input_file_ref idref="fl-148"/>
      </object_component>
      <object_component id="oc-231">
         <name>.text:_EEPROMWaitForDone</name>
         <load_address>0x2e14</load_address>
         <run_address>0x2e14</run_address>
         <size>0x10</size>
         <input_file_ref idref="fl-14e"/>
      </object_component>
      <object_component id="oc-16">
         <name>.text:decompress:none</name>
         <load_address>0x2e24</load_address>
         <run_address>0x2e24</run_address>
         <size>0xe</size>
         <input_file_ref idref="fl-139"/>
      </object_component>
      <object_component id="oc-242">
         <name>.text:CPUcpsie</name>
         <load_address>0x2e32</load_address>
         <run_address>0x2e32</run_address>
         <size>0xc</size>
         <input_file_ref idref="fl-14f"/>
      </object_component>
      <object_component id="oc-cb">
         <name>.text:PWMGenDisable</name>
         <load_address>0x2e3e</load_address>
         <run_address>0x2e3e</run_address>
         <size>0xc</size>
         <input_file_ref idref="fl-14a"/>
      </object_component>
      <object_component id="oc-b0">
         <name>.text:PWMGenEnable</name>
         <load_address>0x2e4a</load_address>
         <run_address>0x2e4a</run_address>
         <size>0xc</size>
         <input_file_ref idref="fl-14a"/>
      </object_component>
      <object_component id="oc-29">
         <name>.text</name>
         <load_address>0x2e56</load_address>
         <run_address>0x2e56</run_address>
         <size>0xc</size>
         <input_file_ref idref="fl-3"/>
      </object_component>
      <object_component id="oc-1cc">
         <name>.text:IntMasterEnable</name>
         <load_address>0x2e62</load_address>
         <run_address>0x2e62</run_address>
         <size>0xa</size>
         <input_file_ref idref="fl-14b"/>
      </object_component>
      <object_component id="oc-187">
         <name>.text:GPIOPinRead</name>
         <load_address>0x2e6c</load_address>
         <run_address>0x2e6c</run_address>
         <size>0x6</size>
         <input_file_ref idref="fl-14c"/>
      </object_component>
      <object_component id="oc-c5">
         <name>.text:GPIOPinWrite</name>
         <load_address>0x2e72</load_address>
         <run_address>0x2e72</run_address>
         <size>0x6</size>
         <input_file_ref idref="fl-14c"/>
      </object_component>
      <object_component id="oc-178">
         <name>.text:SysCtlDelay</name>
         <load_address>0x2e78</load_address>
         <run_address>0x2e78</run_address>
         <size>0x6</size>
         <input_file_ref idref="fl-149"/>
      </object_component>
      <object_component id="oc-74">
         <name>.text:UARTClockSourceSet</name>
         <load_address>0x2e7e</load_address>
         <run_address>0x2e7e</run_address>
         <size>0x6</size>
         <input_file_ref idref="fl-146"/>
      </object_component>
      <object_component id="oc-22">
         <name>.text:decompress:rle24</name>
         <load_address>0x2e84</load_address>
         <run_address>0x2e84</run_address>
         <size>0x6</size>
         <input_file_ref idref="fl-13a"/>
      </object_component>
      <object_component id="oc-14f">
         <name>.const:g_pui32GPIOBaseAddrs</name>
         <load_address>0x2e8c</load_address>
         <run_address>0x2e8c</run_address>
         <size>0x90</size>
         <input_file_ref idref="fl-14c"/>
      </object_component>
      <object_component id="oc-268">
         <name>.const:.string</name>
         <load_address>0x2f1c</load_address>
         <run_address>0x2f1c</run_address>
         <size>0x86</size>
         <input_file_ref idref="fl-9"/>
      </object_component>
      <object_component id="oc-14b">
         <name>.const:g_pui32Xtals</name>
         <load_address>0x2fa4</load_address>
         <run_address>0x2fa4</run_address>
         <size>0x6c</size>
         <input_file_ref idref="fl-149"/>
      </object_component>
      <object_component id="oc-287">
         <name>.const:g_psDaysToMonth</name>
         <load_address>0x3010</load_address>
         <run_address>0x3010</run_address>
         <size>0x30</size>
         <input_file_ref idref="fl-8"/>
      </object_component>
      <object_component id="oc-f1">
         <name>.const</name>
         <load_address>0x3040</load_address>
         <run_address>0x3040</run_address>
         <size>0x28</size>
         <input_file_ref idref="fl-7"/>
      </object_component>
      <object_component id="oc-284">
         <name>.const</name>
         <load_address>0x3068</load_address>
         <run_address>0x3068</run_address>
         <size>0x1c</size>
         <input_file_ref idref="fl-8"/>
      </object_component>
      <object_component id="oc-194">
         <name>.const:.string</name>
         <load_address>0x3084</load_address>
         <run_address>0x3084</run_address>
         <size>0x12</size>
         <input_file_ref idref="fl-7"/>
      </object_component>
      <object_component id="oc-294">
         <name>.const:.string</name>
         <load_address>0x3098</load_address>
         <run_address>0x3098</run_address>
         <size>0x12</size>
         <input_file_ref idref="fl-8"/>
      </object_component>
      <object_component id="oc-2bb">
         <name>.cinit..data.load</name>
         <load_address>0x30b0</load_address>
         <run_address>0x30b0</run_address>
         <size>0x3b</size>
      </object_component>
      <object_component id="oc-2b9">
         <name>__TI_handler_table</name>
         <load_address>0x30ec</load_address>
         <run_address>0x30ec</run_address>
         <size>0xc</size>
      </object_component>
      <object_component id="oc-2bc">
         <name>.cinit..bss.load</name>
         <load_address>0x30f8</load_address>
         <run_address>0x30f8</run_address>
         <size>0x8</size>
      </object_component>
      <object_component id="oc-2ba">
         <name>__TI_cinit_table</name>
         <load_address>0x3100</load_address>
         <run_address>0x3100</run_address>
         <size>0x10</size>
      </object_component>
      <object_component id="oc-4f">
         <name>.data</name>
         <load_address>0x200007b8</load_address>
         <run_address>0x200007b8</run_address>
         <size>0x4</size>
         <input_file_ref idref="fl-13f"/>
      </object_component>
      <object_component id="oc-d7">
         <name>.data</name>
         <load_address>0x200007b4</load_address>
         <run_address>0x200007b4</run_address>
         <size>0x4</size>
         <input_file_ref idref="fl-a"/>
      </object_component>
      <object_component id="oc-ee">
         <name>.data</name>
         <load_address>0x2000078c</load_address>
         <run_address>0x2000078c</run_address>
         <size>0x15</size>
         <input_file_ref idref="fl-7"/>
      </object_component>
      <object_component id="oc-124">
         <name>.data</name>
         <load_address>0x200007a4</load_address>
         <run_address>0x200007a4</run_address>
         <size>0x8</size>
         <input_file_ref idref="fl-142"/>
      </object_component>
      <object_component id="oc-127">
         <name>.data</name>
         <load_address>0x200007ac</load_address>
         <run_address>0x200007ac</run_address>
         <size>0x8</size>
         <input_file_ref idref="fl-13c"/>
      </object_component>
      <object_component id="oc-18d">
         <name>.data</name>
         <load_address>0x200007a1</load_address>
         <run_address>0x200007a1</run_address>
         <size>0x3</size>
         <input_file_ref idref="fl-4"/>
      </object_component>
      <object_component id="oc-255">
         <name>.data:g_psCmdTable</name>
         <load_address>0x2000075c</load_address>
         <run_address>0x2000075c</run_address>
         <size>0x30</size>
         <input_file_ref idref="fl-9"/>
      </object_component>
      <object_component id="oc-28a">
         <name>.data</name>
         <load_address>0x200007bc</load_address>
         <run_address>0x200007bc</run_address>
         <size>0x4</size>
         <input_file_ref idref="fl-8"/>
      </object_component>
      <object_component id="oc-f7">
         <name>.bss:g_pcUARTTxBuffer</name>
         <uninitialized>true</uninitialized>
         <run_address>0x20000000</run_address>
         <size>0x400</size>
         <input_file_ref idref="fl-7"/>
      </object_component>
      <object_component id="oc-fa">
         <name>.bss:g_pcUARTRxBuffer</name>
         <uninitialized>true</uninitialized>
         <run_address>0x20000480</run_address>
         <size>0x80</size>
         <input_file_ref idref="fl-7"/>
      </object_component>
      <object_component id="oc-1f0">
         <name>.bss:g_cInput</name>
         <uninitialized>true</uninitialized>
         <run_address>0x20000400</run_address>
         <size>0x80</size>
         <input_file_ref idref="fl-2"/>
      </object_component>
      <object_component id="oc-252">
         <name>.bss:g_ppcArgv</name>
         <uninitialized>true</uninitialized>
         <run_address>0x20000500</run_address>
         <size>0x24</size>
         <input_file_ref idref="fl-5"/>
      </object_component>
      <object_component id="oc-1ea">
         <name>.common:Eeprom_err</name>
         <uninitialized>true</uninitialized>
         <run_address>0x2000053c</run_address>
         <size>0x4</size>
      </object_component>
      <object_component id="oc-102">
         <name>.common:g_bDisableEcho</name>
         <uninitialized>true</uninitialized>
         <run_address>0x2000055b</run_address>
         <size>0x1</size>
      </object_component>
      <object_component id="oc-f4">
         <name>.common:g_ui32PortNum</name>
         <uninitialized>true</uninitialized>
         <run_address>0x20000540</run_address>
         <size>0x4</size>
      </object_component>
      <object_component id="oc-c0">
         <name>.common:ui32TickCounter$1</name>
         <uninitialized>true</uninitialized>
         <run_address>0x2000054c</run_address>
         <size>0x4</size>
      </object_component>
      <object_component id="oc-e4">
         <name>.common:Status_Led$2</name>
         <uninitialized>true</uninitialized>
         <run_address>0x2000055a</run_address>
         <size>0x1</size>
      </object_component>
      <object_component id="oc-1ed">
         <name>.common:g_sAppState</name>
         <uninitialized>true</uninitialized>
         <run_address>0x20000524</run_address>
         <size>0x18</size>
      </object_component>
      <object_component id="oc-c4">
         <name>.common:pui32Data</name>
         <uninitialized>true</uninitialized>
         <run_address>0x20000544</run_address>
         <size>0x4</size>
      </object_component>
      <object_component id="oc-1ef">
         <name>.common:pui32Read</name>
         <uninitialized>true</uninitialized>
         <run_address>0x20000548</run_address>
         <size>0x4</size>
      </object_component>
      <object_component id="oc-e6">
         <name>.common:ulPWMPeriod</name>
         <uninitialized>true</uninitialized>
         <run_address>0x20000554</run_address>
         <size>0x4</size>
      </object_component>
      <object_component id="oc-bc">
         <name>.common:ulPWMClock</name>
         <uninitialized>true</uninitialized>
         <run_address>0x20000550</run_address>
         <size>0x4</size>
      </object_component>
      <object_component id="oc-1ee">
         <name>.common:Do_one</name>
         <uninitialized>true</uninitialized>
         <run_address>0x20000558</run_address>
         <size>0x1</size>
      </object_component>
      <object_component id="oc-e3">
         <name>.common:Period_Toggle</name>
         <uninitialized>true</uninitialized>
         <run_address>0x20000559</run_address>
         <size>0x1</size>
      </object_component>
      <object_component id="oc-28">
         <name>.stack</name>
         <uninitialized>true</uninitialized>
         <run_address>0x2000055c</run_address>
         <size>0x0</size>
         <input_file_ref idref="fl-138"/>
      </object_component>
      <object_component id="oc-2bd">
         <name>.stack</name>
         <uninitialized>true</uninitialized>
         <run_address>0x2000055c</run_address>
         <size>0x0</size>
      </object_component>
      <object_component id="oc-f">
         <name>.debug_info</name>
         <load_address>0x0</load_address>
         <run_address>0x0</run_address>
         <size>0xd9</size>
         <input_file_ref idref="fl-3"/>
      </object_component>
      <object_component id="oc-14">
         <name>.debug_info</name>
         <load_address>0xd9</load_address>
         <run_address>0xd9</run_address>
         <size>0xf3</size>
         <input_file_ref idref="fl-138"/>
      </object_component>
      <object_component id="oc-19">
         <name>.debug_info</name>
         <load_address>0x1cc</load_address>
         <run_address>0x1cc</run_address>
         <size>0x194</size>
         <input_file_ref idref="fl-139"/>
      </object_component>
      <object_component id="oc-1d">
         <name>.debug_info</name>
         <load_address>0x360</load_address>
         <run_address>0x360</run_address>
         <size>0x16a</size>
         <input_file_ref idref="fl-13b"/>
      </object_component>
      <object_component id="oc-26">
         <name>.debug_info</name>
         <load_address>0x4ca</load_address>
         <run_address>0x4ca</run_address>
         <size>0x18e</size>
         <input_file_ref idref="fl-13a"/>
      </object_component>
      <object_component id="oc-2a">
         <name>.debug_info</name>
         <load_address>0x658</load_address>
         <run_address>0x658</run_address>
         <size>0x255</size>
         <input_file_ref idref="fl-3"/>
      </object_component>
      <object_component id="oc-30">
         <name>.debug_info</name>
         <load_address>0x8ad</load_address>
         <run_address>0x8ad</run_address>
         <size>0x890</size>
         <input_file_ref idref="fl-a"/>
      </object_component>
      <object_component id="oc-36">
         <name>.debug_info</name>
         <load_address>0x113d</load_address>
         <run_address>0x113d</run_address>
         <size>0x12ff</size>
         <input_file_ref idref="fl-7"/>
      </object_component>
      <object_component id="oc-3d">
         <name>.debug_info</name>
         <load_address>0x243c</load_address>
         <run_address>0x243c</run_address>
         <size>0x14c</size>
         <input_file_ref idref="fl-3"/>
      </object_component>
      <object_component id="oc-40">
         <name>.debug_info</name>
         <load_address>0x2588</load_address>
         <run_address>0x2588</run_address>
         <size>0x13d</size>
         <input_file_ref idref="fl-144"/>
      </object_component>
      <object_component id="oc-44">
         <name>.debug_info</name>
         <load_address>0x26c5</load_address>
         <run_address>0x26c5</run_address>
         <size>0x11c</size>
         <input_file_ref idref="fl-143"/>
      </object_component>
      <object_component id="oc-4c">
         <name>.debug_info</name>
         <load_address>0x27e1</load_address>
         <run_address>0x27e1</run_address>
         <size>0x1c2</size>
         <input_file_ref idref="fl-13c"/>
      </object_component>
      <object_component id="oc-50">
         <name>.debug_info</name>
         <load_address>0x29a3</load_address>
         <run_address>0x29a3</run_address>
         <size>0xbe</size>
         <input_file_ref idref="fl-13f"/>
      </object_component>
      <object_component id="oc-56">
         <name>.debug_info</name>
         <load_address>0x2a61</load_address>
         <run_address>0x2a61</run_address>
         <size>0xcc</size>
         <input_file_ref idref="fl-13e"/>
      </object_component>
      <object_component id="oc-59">
         <name>.debug_info</name>
         <load_address>0x2b2d</load_address>
         <run_address>0x2b2d</run_address>
         <size>0x46</size>
         <input_file_ref idref="fl-139"/>
      </object_component>
      <object_component id="oc-5e">
         <name>.debug_info</name>
         <load_address>0x2b73</load_address>
         <run_address>0x2b73</run_address>
         <size>0xf2</size>
         <input_file_ref idref="fl-139"/>
      </object_component>
      <object_component id="oc-60">
         <name>.debug_info</name>
         <load_address>0x2c65</load_address>
         <run_address>0x2c65</run_address>
         <size>0x46</size>
         <input_file_ref idref="fl-13b"/>
      </object_component>
      <object_component id="oc-65">
         <name>.debug_info</name>
         <load_address>0x2cab</load_address>
         <run_address>0x2cab</run_address>
         <size>0xad</size>
         <input_file_ref idref="fl-13b"/>
      </object_component>
      <object_component id="oc-68">
         <name>.debug_info</name>
         <load_address>0x2d58</load_address>
         <run_address>0x2d58</run_address>
         <size>0x1ef</size>
         <input_file_ref idref="fl-13a"/>
      </object_component>
      <object_component id="oc-6d">
         <name>.debug_info</name>
         <load_address>0x2f47</load_address>
         <run_address>0x2f47</run_address>
         <size>0xb7</size>
         <input_file_ref idref="fl-13a"/>
      </object_component>
      <object_component id="oc-6e">
         <name>.debug_info</name>
         <load_address>0x2ffe</load_address>
         <run_address>0x2ffe</run_address>
         <size>0x39</size>
         <input_file_ref idref="fl-13a"/>
      </object_component>
      <object_component id="oc-75">
         <name>.debug_info</name>
         <load_address>0x3037</load_address>
         <run_address>0x3037</run_address>
         <size>0x1f5</size>
         <input_file_ref idref="fl-146"/>
      </object_component>
      <object_component id="oc-7b">
         <name>.debug_info</name>
         <load_address>0x322c</load_address>
         <run_address>0x322c</run_address>
         <size>0x1c7</size>
         <input_file_ref idref="fl-149"/>
      </object_component>
      <object_component id="oc-81">
         <name>.debug_info</name>
         <load_address>0x33f3</load_address>
         <run_address>0x33f3</run_address>
         <size>0x1e1</size>
         <input_file_ref idref="fl-149"/>
      </object_component>
      <object_component id="oc-87">
         <name>.debug_info</name>
         <load_address>0x35d4</load_address>
         <run_address>0x35d4</run_address>
         <size>0x219</size>
         <input_file_ref idref="fl-149"/>
      </object_component>
      <object_component id="oc-8d">
         <name>.debug_info</name>
         <load_address>0x37ed</load_address>
         <run_address>0x37ed</run_address>
         <size>0x1e4</size>
         <input_file_ref idref="fl-14c"/>
      </object_component>
      <object_component id="oc-93">
         <name>.debug_info</name>
         <load_address>0x39d1</load_address>
         <run_address>0x39d1</run_address>
         <size>0x1dd</size>
         <input_file_ref idref="fl-14c"/>
      </object_component>
      <object_component id="oc-99">
         <name>.debug_info</name>
         <load_address>0x3bae</load_address>
         <run_address>0x3bae</run_address>
         <size>0x217</size>
         <input_file_ref idref="fl-14a"/>
      </object_component>
      <object_component id="oc-9f">
         <name>.debug_info</name>
         <load_address>0x3dc5</load_address>
         <run_address>0x3dc5</run_address>
         <size>0x21a</size>
         <input_file_ref idref="fl-14a"/>
      </object_component>
      <object_component id="oc-a5">
         <name>.debug_info</name>
         <load_address>0x3fdf</load_address>
         <run_address>0x3fdf</run_address>
         <size>0x25a</size>
         <input_file_ref idref="fl-14a"/>
      </object_component>
      <object_component id="oc-ab">
         <name>.debug_info</name>
         <load_address>0x4239</load_address>
         <run_address>0x4239</run_address>
         <size>0x228</size>
         <input_file_ref idref="fl-14a"/>
      </object_component>
      <object_component id="oc-b1">
         <name>.debug_info</name>
         <load_address>0x4461</load_address>
         <run_address>0x4461</run_address>
         <size>0x1da</size>
         <input_file_ref idref="fl-14a"/>
      </object_component>
      <object_component id="oc-b7">
         <name>.debug_info</name>
         <load_address>0x463b</load_address>
         <run_address>0x463b</run_address>
         <size>0x4bc</size>
         <input_file_ref idref="fl-14e"/>
      </object_component>
      <object_component id="oc-bd">
         <name>.debug_info</name>
         <load_address>0x4af7</load_address>
         <run_address>0x4af7</run_address>
         <size>0x5b2</size>
         <input_file_ref idref="fl-a"/>
      </object_component>
      <object_component id="oc-c6">
         <name>.debug_info</name>
         <load_address>0x50a9</load_address>
         <run_address>0x50a9</run_address>
         <size>0x207</size>
         <input_file_ref idref="fl-14c"/>
      </object_component>
      <object_component id="oc-cc">
         <name>.debug_info</name>
         <load_address>0x52b0</load_address>
         <run_address>0x52b0</run_address>
         <size>0x1dc</size>
         <input_file_ref idref="fl-14a"/>
      </object_component>
      <object_component id="oc-d2">
         <name>.debug_info</name>
         <load_address>0x548c</load_address>
         <run_address>0x548c</run_address>
         <size>0x1eb</size>
         <input_file_ref idref="fl-14c"/>
      </object_component>
      <object_component id="oc-d8">
         <name>.debug_info</name>
         <load_address>0x5677</load_address>
         <run_address>0x5677</run_address>
         <size>0xd2</size>
         <input_file_ref idref="fl-a"/>
      </object_component>
      <object_component id="oc-dd">
         <name>.debug_info</name>
         <load_address>0x5749</load_address>
         <run_address>0x5749</run_address>
         <size>0x300</size>
         <input_file_ref idref="fl-4"/>
      </object_component>
      <object_component id="oc-e9">
         <name>.debug_info</name>
         <load_address>0x5a49</load_address>
         <run_address>0x5a49</run_address>
         <size>0x18b</size>
         <input_file_ref idref="fl-2"/>
      </object_component>
      <object_component id="oc-ef">
         <name>.debug_info</name>
         <load_address>0x5bd4</load_address>
         <run_address>0x5bd4</run_address>
         <size>0x1c1</size>
         <input_file_ref idref="fl-7"/>
      </object_component>
      <object_component id="oc-f2">
         <name>.debug_info</name>
         <load_address>0x5d95</load_address>
         <run_address>0x5d95</run_address>
         <size>0x155</size>
         <input_file_ref idref="fl-7"/>
      </object_component>
      <object_component id="oc-f5">
         <name>.debug_info</name>
         <load_address>0x5eea</load_address>
         <run_address>0x5eea</run_address>
         <size>0x16d</size>
         <input_file_ref idref="fl-7"/>
      </object_component>
      <object_component id="oc-f8">
         <name>.debug_info</name>
         <load_address>0x6057</load_address>
         <run_address>0x6057</run_address>
         <size>0xe1</size>
         <input_file_ref idref="fl-7"/>
      </object_component>
      <object_component id="oc-fb">
         <name>.debug_info</name>
         <load_address>0x6138</load_address>
         <run_address>0x6138</run_address>
         <size>0xe1</size>
         <input_file_ref idref="fl-7"/>
      </object_component>
      <object_component id="oc-ff">
         <name>.debug_info</name>
         <load_address>0x6219</load_address>
         <run_address>0x6219</run_address>
         <size>0x137</size>
         <input_file_ref idref="fl-141"/>
      </object_component>
      <object_component id="oc-104">
         <name>.debug_info</name>
         <load_address>0x6350</load_address>
         <run_address>0x6350</run_address>
         <size>0x8b</size>
         <input_file_ref idref="fl-2"/>
      </object_component>
      <object_component id="oc-109">
         <name>.debug_info</name>
         <load_address>0x63db</load_address>
         <run_address>0x63db</run_address>
         <size>0x4e</size>
         <input_file_ref idref="fl-2"/>
      </object_component>
      <object_component id="oc-110">
         <name>.debug_info</name>
         <load_address>0x6429</load_address>
         <run_address>0x6429</run_address>
         <size>0x84</size>
         <input_file_ref idref="fl-3"/>
      </object_component>
      <object_component id="oc-116">
         <name>.debug_info</name>
         <load_address>0x64ad</load_address>
         <run_address>0x64ad</run_address>
         <size>0x14b</size>
         <input_file_ref idref="fl-145"/>
      </object_component>
      <object_component id="oc-11d">
         <name>.debug_info</name>
         <load_address>0x65f8</load_address>
         <run_address>0x65f8</run_address>
         <size>0x433</size>
         <input_file_ref idref="fl-2"/>
      </object_component>
      <object_component id="oc-123">
         <name>.debug_info</name>
         <load_address>0x6a2b</load_address>
         <run_address>0x6a2b</run_address>
         <size>0x11b</size>
         <input_file_ref idref="fl-143"/>
      </object_component>
      <object_component id="oc-125">
         <name>.debug_info</name>
         <load_address>0x6b46</load_address>
         <run_address>0x6b46</run_address>
         <size>0xc8</size>
         <input_file_ref idref="fl-142"/>
      </object_component>
      <object_component id="oc-128">
         <name>.debug_info</name>
         <load_address>0x6c0e</load_address>
         <run_address>0x6c0e</run_address>
         <size>0xeb</size>
         <input_file_ref idref="fl-13c"/>
      </object_component>
      <object_component id="oc-12b">
         <name>.debug_info</name>
         <load_address>0x6cf9</load_address>
         <run_address>0x6cf9</run_address>
         <size>0x146</size>
         <input_file_ref idref="fl-13c"/>
      </object_component>
      <object_component id="oc-130">
         <name>.debug_info</name>
         <load_address>0x6e3f</load_address>
         <run_address>0x6e3f</run_address>
         <size>0x2c</size>
         <input_file_ref idref="fl-139"/>
      </object_component>
      <object_component id="oc-137">
         <name>.debug_info</name>
         <load_address>0x6e6b</load_address>
         <run_address>0x6e6b</run_address>
         <size>0x2c</size>
         <input_file_ref idref="fl-5"/>
      </object_component>
      <object_component id="oc-142">
         <name>.debug_info</name>
         <load_address>0x6e97</load_address>
         <run_address>0x6e97</run_address>
         <size>0x18b</size>
         <input_file_ref idref="fl-146"/>
      </object_component>
      <object_component id="oc-147">
         <name>.debug_info</name>
         <load_address>0x7022</load_address>
         <run_address>0x7022</run_address>
         <size>0x1ce</size>
         <input_file_ref idref="fl-146"/>
      </object_component>
      <object_component id="oc-149">
         <name>.debug_info</name>
         <load_address>0x71f0</load_address>
         <run_address>0x71f0</run_address>
         <size>0x226</size>
         <input_file_ref idref="fl-149"/>
      </object_component>
      <object_component id="oc-14c">
         <name>.debug_info</name>
         <load_address>0x7416</load_address>
         <run_address>0x7416</run_address>
         <size>0xff</size>
         <input_file_ref idref="fl-149"/>
      </object_component>
      <object_component id="oc-150">
         <name>.debug_info</name>
         <load_address>0x7515</load_address>
         <run_address>0x7515</run_address>
         <size>0x10d</size>
         <input_file_ref idref="fl-14c"/>
      </object_component>
      <object_component id="oc-153">
         <name>.debug_info</name>
         <load_address>0x7622</load_address>
         <run_address>0x7622</run_address>
         <size>0x1d7</size>
         <input_file_ref idref="fl-14c"/>
      </object_component>
      <object_component id="oc-155">
         <name>.debug_info</name>
         <load_address>0x77f9</load_address>
         <run_address>0x77f9</run_address>
         <size>0x217</size>
         <input_file_ref idref="fl-14c"/>
      </object_component>
      <object_component id="oc-15b">
         <name>.debug_info</name>
         <load_address>0x7a10</load_address>
         <run_address>0x7a10</run_address>
         <size>0x312</size>
         <input_file_ref idref="fl-14c"/>
      </object_component>
      <object_component id="oc-162">
         <name>.debug_info</name>
         <load_address>0x7d22</load_address>
         <run_address>0x7d22</run_address>
         <size>0x194</size>
         <input_file_ref idref="fl-14a"/>
      </object_component>
      <object_component id="oc-166">
         <name>.debug_info</name>
         <load_address>0x7eb6</load_address>
         <run_address>0x7eb6</run_address>
         <size>0x90</size>
         <input_file_ref idref="fl-146"/>
      </object_component>
      <object_component id="oc-16d">
         <name>.debug_info</name>
         <load_address>0x7f46</load_address>
         <run_address>0x7f46</run_address>
         <size>0x1db</size>
         <input_file_ref idref="fl-14e"/>
      </object_component>
      <object_component id="oc-173">
         <name>.debug_info</name>
         <load_address>0x8121</load_address>
         <run_address>0x8121</run_address>
         <size>0x215</size>
         <input_file_ref idref="fl-14e"/>
      </object_component>
      <object_component id="oc-17a">
         <name>.debug_info</name>
         <load_address>0x8336</load_address>
         <run_address>0x8336</run_address>
         <size>0x153</size>
         <input_file_ref idref="fl-14e"/>
      </object_component>
      <object_component id="oc-17d">
         <name>.debug_info</name>
         <load_address>0x8489</load_address>
         <run_address>0x8489</run_address>
         <size>0xae</size>
         <input_file_ref idref="fl-2"/>
      </object_component>
      <object_component id="oc-188">
         <name>.debug_info</name>
         <load_address>0x8537</load_address>
         <run_address>0x8537</run_address>
         <size>0x1df</size>
         <input_file_ref idref="fl-14c"/>
      </object_component>
      <object_component id="oc-18e">
         <name>.debug_info</name>
         <load_address>0x8716</load_address>
         <run_address>0x8716</run_address>
         <size>0xe1</size>
         <input_file_ref idref="fl-4"/>
      </object_component>
      <object_component id="oc-191">
         <name>.debug_info</name>
         <load_address>0x87f7</load_address>
         <run_address>0x87f7</run_address>
         <size>0x169</size>
         <input_file_ref idref="fl-4"/>
      </object_component>
      <object_component id="oc-19e">
         <name>.debug_info</name>
         <load_address>0x8960</load_address>
         <run_address>0x8960</run_address>
         <size>0x541</size>
         <input_file_ref idref="fl-2"/>
      </object_component>
      <object_component id="oc-1a1">
         <name>.debug_info</name>
         <load_address>0x8ea1</load_address>
         <run_address>0x8ea1</run_address>
         <size>0x148</size>
         <input_file_ref idref="fl-145"/>
      </object_component>
      <object_component id="oc-1a3">
         <name>.debug_info</name>
         <load_address>0x8fe9</load_address>
         <run_address>0x8fe9</run_address>
         <size>0x171</size>
         <input_file_ref idref="fl-14d"/>
      </object_component>
      <object_component id="oc-1a9">
         <name>.debug_info</name>
         <load_address>0x915a</load_address>
         <run_address>0x915a</run_address>
         <size>0x189</size>
         <input_file_ref idref="fl-14d"/>
      </object_component>
      <object_component id="oc-1af">
         <name>.debug_info</name>
         <load_address>0x92e3</load_address>
         <run_address>0x92e3</run_address>
         <size>0x363</size>
         <input_file_ref idref="fl-149"/>
      </object_component>
      <object_component id="oc-1b5">
         <name>.debug_info</name>
         <load_address>0x9646</load_address>
         <run_address>0x9646</run_address>
         <size>0x22c</size>
         <input_file_ref idref="fl-14e"/>
      </object_component>
      <object_component id="oc-1bb">
         <name>.debug_info</name>
         <load_address>0x9872</load_address>
         <run_address>0x9872</run_address>
         <size>0x1c5</size>
         <input_file_ref idref="fl-148"/>
      </object_component>
      <object_component id="oc-1c1">
         <name>.debug_info</name>
         <load_address>0x9a37</load_address>
         <run_address>0x9a37</run_address>
         <size>0x185</size>
         <input_file_ref idref="fl-148"/>
      </object_component>
      <object_component id="oc-1c7">
         <name>.debug_info</name>
         <load_address>0x9bbc</load_address>
         <run_address>0x9bbc</run_address>
         <size>0x18b</size>
         <input_file_ref idref="fl-148"/>
      </object_component>
      <object_component id="oc-1cd">
         <name>.debug_info</name>
         <load_address>0x9d47</load_address>
         <run_address>0x9d47</run_address>
         <size>0x1a2</size>
         <input_file_ref idref="fl-14b"/>
      </object_component>
      <object_component id="oc-1d3">
         <name>.debug_info</name>
         <load_address>0x9ee9</load_address>
         <run_address>0x9ee9</run_address>
         <size>0x186</size>
         <input_file_ref idref="fl-14e"/>
      </object_component>
      <object_component id="oc-1d9">
         <name>.debug_info</name>
         <load_address>0xa06f</load_address>
         <run_address>0xa06f</run_address>
         <size>0x195</size>
         <input_file_ref idref="fl-14e"/>
      </object_component>
      <object_component id="oc-1df">
         <name>.debug_info</name>
         <load_address>0xa204</load_address>
         <run_address>0xa204</run_address>
         <size>0x2cc</size>
         <input_file_ref idref="fl-14e"/>
      </object_component>
      <object_component id="oc-1e5">
         <name>.debug_info</name>
         <load_address>0xa4d0</load_address>
         <run_address>0xa4d0</run_address>
         <size>0x1e1</size>
         <input_file_ref idref="fl-5"/>
      </object_component>
      <object_component id="oc-1f1">
         <name>.debug_info</name>
         <load_address>0xa6b1</load_address>
         <run_address>0xa6b1</run_address>
         <size>0xbc</size>
         <input_file_ref idref="fl-2"/>
      </object_component>
      <object_component id="oc-1f6">
         <name>.debug_info</name>
         <load_address>0xa76d</load_address>
         <run_address>0xa76d</run_address>
         <size>0x5e</size>
         <input_file_ref idref="fl-143"/>
      </object_component>
      <object_component id="oc-1fc">
         <name>.debug_info</name>
         <load_address>0xa7cb</load_address>
         <run_address>0xa7cb</run_address>
         <size>0x1d4</size>
         <input_file_ref idref="fl-142"/>
      </object_component>
      <object_component id="oc-203">
         <name>.debug_info</name>
         <load_address>0xa99f</load_address>
         <run_address>0xa99f</run_address>
         <size>0xd9</size>
         <input_file_ref idref="fl-142"/>
      </object_component>
      <object_component id="oc-20d">
         <name>.debug_info</name>
         <load_address>0xaa78</load_address>
         <run_address>0xaa78</run_address>
         <size>0x5f</size>
         <input_file_ref idref="fl-149"/>
      </object_component>
      <object_component id="oc-229">
         <name>.debug_info</name>
         <load_address>0xaad7</load_address>
         <run_address>0xaad7</run_address>
         <size>0xcd</size>
         <input_file_ref idref="fl-145"/>
      </object_component>
      <object_component id="oc-232">
         <name>.debug_info</name>
         <load_address>0xaba4</load_address>
         <run_address>0xaba4</run_address>
         <size>0x212</size>
         <input_file_ref idref="fl-14e"/>
      </object_component>
      <object_component id="oc-238">
         <name>.debug_info</name>
         <load_address>0xadb6</load_address>
         <run_address>0xadb6</run_address>
         <size>0x281</size>
         <input_file_ref idref="fl-149"/>
      </object_component>
      <object_component id="oc-23f">
         <name>.debug_info</name>
         <load_address>0xb037</load_address>
         <run_address>0xb037</run_address>
         <size>0x144</size>
         <input_file_ref idref="fl-148"/>
      </object_component>
      <object_component id="oc-243">
         <name>.debug_info</name>
         <load_address>0xb17b</load_address>
         <run_address>0xb17b</run_address>
         <size>0x176</size>
         <input_file_ref idref="fl-14f"/>
      </object_component>
      <object_component id="oc-24d">
         <name>.debug_info</name>
         <load_address>0xb2f1</load_address>
         <run_address>0xb2f1</run_address>
         <size>0x17e</size>
         <input_file_ref idref="fl-140"/>
      </object_component>
      <object_component id="oc-253">
         <name>.debug_info</name>
         <load_address>0xb46f</load_address>
         <run_address>0xb46f</run_address>
         <size>0xd1</size>
         <input_file_ref idref="fl-5"/>
      </object_component>
      <object_component id="oc-256">
         <name>.debug_info</name>
         <load_address>0xb540</load_address>
         <run_address>0xb540</run_address>
         <size>0xcf</size>
         <input_file_ref idref="fl-9"/>
      </object_component>
      <object_component id="oc-259">
         <name>.debug_info</name>
         <load_address>0xb60f</load_address>
         <run_address>0xb60f</run_address>
         <size>0x152</size>
         <input_file_ref idref="fl-5"/>
      </object_component>
      <object_component id="oc-265">
         <name>.debug_info</name>
         <load_address>0xb761</load_address>
         <run_address>0xb761</run_address>
         <size>0x9a</size>
         <input_file_ref idref="fl-140"/>
      </object_component>
      <object_component id="oc-26a">
         <name>.debug_info</name>
         <load_address>0xb7fb</load_address>
         <run_address>0xb7fb</run_address>
         <size>0x398</size>
         <input_file_ref idref="fl-9"/>
      </object_component>
      <object_component id="oc-271">
         <name>.debug_info</name>
         <load_address>0xbb93</load_address>
         <run_address>0xbb93</run_address>
         <size>0x1d1</size>
         <input_file_ref idref="fl-9"/>
      </object_component>
      <object_component id="oc-274">
         <name>.debug_info</name>
         <load_address>0xbd64</load_address>
         <run_address>0xbd64</run_address>
         <size>0x7f</size>
         <input_file_ref idref="fl-2"/>
      </object_component>
      <object_component id="oc-27c">
         <name>.debug_info</name>
         <load_address>0xbde3</load_address>
         <run_address>0xbde3</run_address>
         <size>0x106c</size>
         <input_file_ref idref="fl-8"/>
      </object_component>
      <object_component id="oc-285">
         <name>.debug_info</name>
         <load_address>0xce4f</load_address>
         <run_address>0xce4f</run_address>
         <size>0xf8</size>
         <input_file_ref idref="fl-8"/>
      </object_component>
      <object_component id="oc-288">
         <name>.debug_info</name>
         <load_address>0xcf47</load_address>
         <run_address>0xcf47</run_address>
         <size>0xde</size>
         <input_file_ref idref="fl-8"/>
      </object_component>
      <object_component id="oc-28b">
         <name>.debug_info</name>
         <load_address>0xd025</load_address>
         <run_address>0xd025</run_address>
         <size>0xda</size>
         <input_file_ref idref="fl-8"/>
      </object_component>
      <object_component id="oc-28e">
         <name>.debug_info</name>
         <load_address>0xd0ff</load_address>
         <run_address>0xd0ff</run_address>
         <size>0x11a</size>
         <input_file_ref idref="fl-8"/>
      </object_component>
      <object_component id="oc-28f">
         <name>.debug_info</name>
         <load_address>0xd219</load_address>
         <run_address>0xd219</run_address>
         <size>0x16f</size>
         <input_file_ref idref="fl-8"/>
      </object_component>
      <object_component id="oc-2be">
         <name>.debug_info</name>
         <load_address>0xd388</load_address>
         <run_address>0xd388</run_address>
         <size>0x93</size>
      </object_component>
      <object_component id="oc-10">
         <name>.debug_pubnames</name>
         <load_address>0x0</load_address>
         <run_address>0x0</run_address>
         <size>0x23</size>
         <input_file_ref idref="fl-3"/>
      </object_component>
      <object_component id="oc-15">
         <name>.debug_pubnames</name>
         <load_address>0x23</load_address>
         <run_address>0x23</run_address>
         <size>0x1f</size>
         <input_file_ref idref="fl-138"/>
      </object_component>
      <object_component id="oc-1a">
         <name>.debug_pubnames</name>
         <load_address>0x42</load_address>
         <run_address>0x42</run_address>
         <size>0x2b</size>
         <input_file_ref idref="fl-139"/>
      </object_component>
      <object_component id="oc-1f">
         <name>.debug_pubnames</name>
         <load_address>0x6d</load_address>
         <run_address>0x6d</run_address>
         <size>0x25</size>
         <input_file_ref idref="fl-13b"/>
      </object_component>
      <object_component id="oc-27">
         <name>.debug_pubnames</name>
         <load_address>0x92</load_address>
         <run_address>0x92</run_address>
         <size>0x2c</size>
         <input_file_ref idref="fl-13a"/>
      </object_component>
      <object_component id="oc-2c">
         <name>.debug_pubnames</name>
         <load_address>0xbe</load_address>
         <run_address>0xbe</run_address>
         <size>0x4c</size>
         <input_file_ref idref="fl-3"/>
      </object_component>
      <object_component id="oc-32">
         <name>.debug_pubnames</name>
         <load_address>0x10a</load_address>
         <run_address>0x10a</run_address>
         <size>0x8e</size>
         <input_file_ref idref="fl-a"/>
      </object_component>
      <object_component id="oc-38">
         <name>.debug_pubnames</name>
         <load_address>0x198</load_address>
         <run_address>0x198</run_address>
         <size>0x137</size>
         <input_file_ref idref="fl-7"/>
      </object_component>
      <object_component id="oc-42">
         <name>.debug_pubnames</name>
         <load_address>0x2cf</load_address>
         <run_address>0x2cf</run_address>
         <size>0x37</size>
         <input_file_ref idref="fl-144"/>
      </object_component>
      <object_component id="oc-46">
         <name>.debug_pubnames</name>
         <load_address>0x306</load_address>
         <run_address>0x306</run_address>
         <size>0x21</size>
         <input_file_ref idref="fl-143"/>
      </object_component>
      <object_component id="oc-4d">
         <name>.debug_pubnames</name>
         <load_address>0x327</load_address>
         <run_address>0x327</run_address>
         <size>0x35</size>
         <input_file_ref idref="fl-13c"/>
      </object_component>
      <object_component id="oc-51">
         <name>.debug_pubnames</name>
         <load_address>0x35c</load_address>
         <run_address>0x35c</run_address>
         <size>0x23</size>
         <input_file_ref idref="fl-13f"/>
      </object_component>
      <object_component id="oc-57">
         <name>.debug_pubnames</name>
         <load_address>0x37f</load_address>
         <run_address>0x37f</run_address>
         <size>0x1d</size>
         <input_file_ref idref="fl-13e"/>
      </object_component>
      <object_component id="oc-69">
         <name>.debug_pubnames</name>
         <load_address>0x39c</load_address>
         <run_address>0x39c</run_address>
         <size>0x2f</size>
         <input_file_ref idref="fl-13a"/>
      </object_component>
      <object_component id="oc-77">
         <name>.debug_pubnames</name>
         <load_address>0x3cb</load_address>
         <run_address>0x3cb</run_address>
         <size>0x29</size>
         <input_file_ref idref="fl-146"/>
      </object_component>
      <object_component id="oc-7d">
         <name>.debug_pubnames</name>
         <load_address>0x3f4</load_address>
         <run_address>0x3f4</run_address>
         <size>0x28</size>
         <input_file_ref idref="fl-149"/>
      </object_component>
      <object_component id="oc-83">
         <name>.debug_pubnames</name>
         <load_address>0x41c</load_address>
         <run_address>0x41c</run_address>
         <size>0x2d</size>
         <input_file_ref idref="fl-149"/>
      </object_component>
      <object_component id="oc-89">
         <name>.debug_pubnames</name>
         <load_address>0x449</load_address>
         <run_address>0x449</run_address>
         <size>0x25</size>
         <input_file_ref idref="fl-149"/>
      </object_component>
      <object_component id="oc-8f">
         <name>.debug_pubnames</name>
         <load_address>0x46e</load_address>
         <run_address>0x46e</run_address>
         <size>0x27</size>
         <input_file_ref idref="fl-14c"/>
      </object_component>
      <object_component id="oc-95">
         <name>.debug_pubnames</name>
         <load_address>0x495</load_address>
         <run_address>0x495</run_address>
         <size>0x25</size>
         <input_file_ref idref="fl-14c"/>
      </object_component>
      <object_component id="oc-9b">
         <name>.debug_pubnames</name>
         <load_address>0x4ba</load_address>
         <run_address>0x4ba</run_address>
         <size>0x26</size>
         <input_file_ref idref="fl-14a"/>
      </object_component>
      <object_component id="oc-a1">
         <name>.debug_pubnames</name>
         <load_address>0x4e0</load_address>
         <run_address>0x4e0</run_address>
         <size>0x26</size>
         <input_file_ref idref="fl-14a"/>
      </object_component>
      <object_component id="oc-a7">
         <name>.debug_pubnames</name>
         <load_address>0x506</load_address>
         <run_address>0x506</run_address>
         <size>0x27</size>
         <input_file_ref idref="fl-14a"/>
      </object_component>
      <object_component id="oc-ad">
         <name>.debug_pubnames</name>
         <load_address>0x52d</load_address>
         <run_address>0x52d</run_address>
         <size>0x25</size>
         <input_file_ref idref="fl-14a"/>
      </object_component>
      <object_component id="oc-b3">
         <name>.debug_pubnames</name>
         <load_address>0x552</load_address>
         <run_address>0x552</run_address>
         <size>0x23</size>
         <input_file_ref idref="fl-14a"/>
      </object_component>
      <object_component id="oc-b9">
         <name>.debug_pubnames</name>
         <load_address>0x575</load_address>
         <run_address>0x575</run_address>
         <size>0x24</size>
         <input_file_ref idref="fl-14e"/>
      </object_component>
      <object_component id="oc-be">
         <name>.debug_pubnames</name>
         <load_address>0x599</load_address>
         <run_address>0x599</run_address>
         <size>0x7a</size>
         <input_file_ref idref="fl-a"/>
      </object_component>
      <object_component id="oc-c8">
         <name>.debug_pubnames</name>
         <load_address>0x613</load_address>
         <run_address>0x613</run_address>
         <size>0x23</size>
         <input_file_ref idref="fl-14c"/>
      </object_component>
      <object_component id="oc-ce">
         <name>.debug_pubnames</name>
         <load_address>0x636</load_address>
         <run_address>0x636</run_address>
         <size>0x24</size>
         <input_file_ref idref="fl-14a"/>
      </object_component>
      <object_component id="oc-d4">
         <name>.debug_pubnames</name>
         <load_address>0x65a</load_address>
         <run_address>0x65a</run_address>
         <size>0x2c</size>
         <input_file_ref idref="fl-14c"/>
      </object_component>
      <object_component id="oc-d9">
         <name>.debug_pubnames</name>
         <load_address>0x686</load_address>
         <run_address>0x686</run_address>
         <size>0x22</size>
         <input_file_ref idref="fl-a"/>
      </object_component>
      <object_component id="oc-df">
         <name>.debug_pubnames</name>
         <load_address>0x6a8</load_address>
         <run_address>0x6a8</run_address>
         <size>0x32</size>
         <input_file_ref idref="fl-4"/>
      </object_component>
      <object_component id="oc-f0">
         <name>.debug_pubnames</name>
         <load_address>0x6da</load_address>
         <run_address>0x6da</run_address>
         <size>0x8b</size>
         <input_file_ref idref="fl-7"/>
      </object_component>
      <object_component id="oc-f3">
         <name>.debug_pubnames</name>
         <load_address>0x765</load_address>
         <run_address>0x765</run_address>
         <size>0x58</size>
         <input_file_ref idref="fl-7"/>
      </object_component>
      <object_component id="oc-f6">
         <name>.debug_pubnames</name>
         <load_address>0x7bd</load_address>
         <run_address>0x7bd</run_address>
         <size>0x37</size>
         <input_file_ref idref="fl-7"/>
      </object_component>
      <object_component id="oc-f9">
         <name>.debug_pubnames</name>
         <load_address>0x7f4</load_address>
         <run_address>0x7f4</run_address>
         <size>0x27</size>
         <input_file_ref idref="fl-7"/>
      </object_component>
      <object_component id="oc-fc">
         <name>.debug_pubnames</name>
         <load_address>0x81b</load_address>
         <run_address>0x81b</run_address>
         <size>0x27</size>
         <input_file_ref idref="fl-7"/>
      </object_component>
      <object_component id="oc-101">
         <name>.debug_pubnames</name>
         <load_address>0x842</load_address>
         <run_address>0x842</run_address>
         <size>0x39</size>
         <input_file_ref idref="fl-141"/>
      </object_component>
      <object_component id="oc-118">
         <name>.debug_pubnames</name>
         <load_address>0x87b</load_address>
         <run_address>0x87b</run_address>
         <size>0x1e</size>
         <input_file_ref idref="fl-145"/>
      </object_component>
      <object_component id="oc-11f">
         <name>.debug_pubnames</name>
         <load_address>0x899</load_address>
         <run_address>0x899</run_address>
         <size>0x2c</size>
         <input_file_ref idref="fl-2"/>
      </object_component>
      <object_component id="oc-126">
         <name>.debug_pubnames</name>
         <load_address>0x8c5</load_address>
         <run_address>0x8c5</run_address>
         <size>0x28</size>
         <input_file_ref idref="fl-142"/>
      </object_component>
      <object_component id="oc-129">
         <name>.debug_pubnames</name>
         <load_address>0x8ed</load_address>
         <run_address>0x8ed</run_address>
         <size>0x3a</size>
         <input_file_ref idref="fl-13c"/>
      </object_component>
      <object_component id="oc-14d">
         <name>.debug_pubnames</name>
         <load_address>0x927</load_address>
         <run_address>0x927</run_address>
         <size>0x23</size>
         <input_file_ref idref="fl-149"/>
      </object_component>
      <object_component id="oc-151">
         <name>.debug_pubnames</name>
         <load_address>0x94a</load_address>
         <run_address>0x94a</run_address>
         <size>0x2b</size>
         <input_file_ref idref="fl-14c"/>
      </object_component>
      <object_component id="oc-157">
         <name>.debug_pubnames</name>
         <load_address>0x975</load_address>
         <run_address>0x975</run_address>
         <size>0x25</size>
         <input_file_ref idref="fl-14c"/>
      </object_component>
      <object_component id="oc-15d">
         <name>.debug_pubnames</name>
         <load_address>0x99a</load_address>
         <run_address>0x99a</run_address>
         <size>0x27</size>
         <input_file_ref idref="fl-14c"/>
      </object_component>
      <object_component id="oc-16f">
         <name>.debug_pubnames</name>
         <load_address>0x9c1</load_address>
         <run_address>0x9c1</run_address>
         <size>0x2d</size>
         <input_file_ref idref="fl-14e"/>
      </object_component>
      <object_component id="oc-175">
         <name>.debug_pubnames</name>
         <load_address>0x9ee</load_address>
         <run_address>0x9ee</run_address>
         <size>0x2b</size>
         <input_file_ref idref="fl-14e"/>
      </object_component>
      <object_component id="oc-18a">
         <name>.debug_pubnames</name>
         <load_address>0xa19</load_address>
         <run_address>0xa19</run_address>
         <size>0x22</size>
         <input_file_ref idref="fl-14c"/>
      </object_component>
      <object_component id="oc-18f">
         <name>.debug_pubnames</name>
         <load_address>0xa3b</load_address>
         <run_address>0xa3b</run_address>
         <size>0x28</size>
         <input_file_ref idref="fl-4"/>
      </object_component>
      <object_component id="oc-19f">
         <name>.debug_pubnames</name>
         <load_address>0xa63</load_address>
         <run_address>0xa63</run_address>
         <size>0x21</size>
         <input_file_ref idref="fl-2"/>
      </object_component>
      <object_component id="oc-1a5">
         <name>.debug_pubnames</name>
         <load_address>0xa84</load_address>
         <run_address>0xa84</run_address>
         <size>0x20</size>
         <input_file_ref idref="fl-14d"/>
      </object_component>
      <object_component id="oc-1ab">
         <name>.debug_pubnames</name>
         <load_address>0xaa4</load_address>
         <run_address>0xaa4</run_address>
         <size>0x2c</size>
         <input_file_ref idref="fl-14d"/>
      </object_component>
      <object_component id="oc-1b1">
         <name>.debug_pubnames</name>
         <load_address>0xad0</load_address>
         <run_address>0xad0</run_address>
         <size>0x25</size>
         <input_file_ref idref="fl-149"/>
      </object_component>
      <object_component id="oc-1b7">
         <name>.debug_pubnames</name>
         <load_address>0xaf5</load_address>
         <run_address>0xaf5</run_address>
         <size>0x21</size>
         <input_file_ref idref="fl-14e"/>
      </object_component>
      <object_component id="oc-1bc">
         <name>.debug_pubnames</name>
         <load_address>0xb16</load_address>
         <run_address>0xb16</run_address>
         <size>0x27</size>
         <input_file_ref idref="fl-148"/>
      </object_component>
      <object_component id="oc-1c2">
         <name>.debug_pubnames</name>
         <load_address>0xb3d</load_address>
         <run_address>0xb3d</run_address>
         <size>0x24</size>
         <input_file_ref idref="fl-148"/>
      </object_component>
      <object_component id="oc-1c8">
         <name>.debug_pubnames</name>
         <load_address>0xb61</load_address>
         <run_address>0xb61</run_address>
         <size>0x27</size>
         <input_file_ref idref="fl-148"/>
      </object_component>
      <object_component id="oc-1cf">
         <name>.debug_pubnames</name>
         <load_address>0xb88</load_address>
         <run_address>0xb88</run_address>
         <size>0x26</size>
         <input_file_ref idref="fl-14b"/>
      </object_component>
      <object_component id="oc-1d5">
         <name>.debug_pubnames</name>
         <load_address>0xbae</load_address>
         <run_address>0xbae</run_address>
         <size>0x24</size>
         <input_file_ref idref="fl-14e"/>
      </object_component>
      <object_component id="oc-1db">
         <name>.debug_pubnames</name>
         <load_address>0xbd2</load_address>
         <run_address>0xbd2</run_address>
         <size>0x2a</size>
         <input_file_ref idref="fl-14e"/>
      </object_component>
      <object_component id="oc-1e1">
         <name>.debug_pubnames</name>
         <load_address>0xbfc</load_address>
         <run_address>0xbfc</run_address>
         <size>0x21</size>
         <input_file_ref idref="fl-14e"/>
      </object_component>
      <object_component id="oc-1e7">
         <name>.debug_pubnames</name>
         <load_address>0xc1d</load_address>
         <run_address>0xc1d</run_address>
         <size>0x25</size>
         <input_file_ref idref="fl-5"/>
      </object_component>
      <object_component id="oc-1f2">
         <name>.debug_pubnames</name>
         <load_address>0xc42</load_address>
         <run_address>0xc42</run_address>
         <size>0x1f</size>
         <input_file_ref idref="fl-2"/>
      </object_component>
      <object_component id="oc-1fe">
         <name>.debug_pubnames</name>
         <load_address>0xc61</load_address>
         <run_address>0xc61</run_address>
         <size>0x43</size>
         <input_file_ref idref="fl-142"/>
      </object_component>
      <object_component id="oc-234">
         <name>.debug_pubnames</name>
         <load_address>0xca4</load_address>
         <run_address>0xca4</run_address>
         <size>0x29</size>
         <input_file_ref idref="fl-14e"/>
      </object_component>
      <object_component id="oc-23a">
         <name>.debug_pubnames</name>
         <load_address>0xccd</load_address>
         <run_address>0xccd</run_address>
         <size>0x2c</size>
         <input_file_ref idref="fl-149"/>
      </object_component>
      <object_component id="oc-245">
         <name>.debug_pubnames</name>
         <load_address>0xcf9</load_address>
         <run_address>0xcf9</run_address>
         <size>0x1f</size>
         <input_file_ref idref="fl-14f"/>
      </object_component>
      <object_component id="oc-24f">
         <name>.debug_pubnames</name>
         <load_address>0xd18</load_address>
         <run_address>0xd18</run_address>
         <size>0x1d</size>
         <input_file_ref idref="fl-140"/>
      </object_component>
      <object_component id="oc-254">
         <name>.debug_pubnames</name>
         <load_address>0xd35</load_address>
         <run_address>0xd35</run_address>
         <size>0x20</size>
         <input_file_ref idref="fl-5"/>
      </object_component>
      <object_component id="oc-257">
         <name>.debug_pubnames</name>
         <load_address>0xd55</load_address>
         <run_address>0xd55</run_address>
         <size>0x23</size>
         <input_file_ref idref="fl-9"/>
      </object_component>
      <object_component id="oc-26c">
         <name>.debug_pubnames</name>
         <load_address>0xd78</load_address>
         <run_address>0xd78</run_address>
         <size>0x3a</size>
         <input_file_ref idref="fl-9"/>
      </object_component>
      <object_component id="oc-27e">
         <name>.debug_pubnames</name>
         <load_address>0xdb2</load_address>
         <run_address>0xdb2</run_address>
         <size>0xf1</size>
         <input_file_ref idref="fl-8"/>
      </object_component>
      <object_component id="oc-286">
         <name>.debug_pubnames</name>
         <load_address>0xea3</load_address>
         <run_address>0xea3</run_address>
         <size>0x30</size>
         <input_file_ref idref="fl-8"/>
      </object_component>
      <object_component id="oc-289">
         <name>.debug_pubnames</name>
         <load_address>0xed3</load_address>
         <run_address>0xed3</run_address>
         <size>0x26</size>
         <input_file_ref idref="fl-8"/>
      </object_component>
      <object_component id="oc-28c">
         <name>.debug_pubnames</name>
         <load_address>0xef9</load_address>
         <run_address>0xef9</run_address>
         <size>0x24</size>
         <input_file_ref idref="fl-8"/>
      </object_component>
      <object_component id="oc-12">
         <name>.debug_line</name>
         <load_address>0x0</load_address>
         <run_address>0x0</run_address>
         <size>0x4f</size>
         <input_file_ref idref="fl-138"/>
      </object_component>
      <object_component id="oc-18">
         <name>.debug_line</name>
         <load_address>0x4f</load_address>
         <run_address>0x4f</run_address>
         <size>0x55</size>
         <input_file_ref idref="fl-139"/>
[...]
         <name>__TI_cinit_table</name>
         <cprec>
            <name>.data</name>
            <load_address>0x30b0</load_address>
            <load_size>0x3b</load_size>
            <run_address>0x2000075c</run_address>
            <run_size>0x64</run_size>
            <compression>rle</compression>
         </cprec>
         <cprec>
            <name>.bss</name>
            <load_address>0x30f8</load_address>
            <load_size>0x8</load_size>
            <run_address>0x20000000</run_address>
            <run_size>0x55c</run_size>
            <compression>zero_init</compression>
         </cprec>
      </cptbl>
   </cptbl_list>
   <handler_table>
      <handler_table_name>__TI_handler_table</handler_table_name>
      <handler>
         <index>0x0</index>
         <name>__TI_decompress_rle24</name>
      </handler>
      <handler>
         <index>0x1</index>
         <name>__TI_decompress_none</name>
      </handler>
      <handler>
         <index>0x2</index>
         <name>__TI_zero_init</name>
      </handler>
   </handler_table>
   <symbol_table>
      <symbol id="sm-1">
         <name>__STACK_TOP</name>
         <value>0x2000075c</value>
      </symbol>
      <symbol id="sm-2">
         <name>__TI_CINIT_Base</name>
         <value>0x3100</value>
      </symbol>
      <symbol id="sm-3">
         <name>__TI_CINIT_Limit</name>
         <value>0x3110</value>
      </symbol>
      <symbol id="sm-4">
         <name>__TI_Handler_Table_Base</name>
         <value>0x30ec</value>
      </symbol>
      <symbol id="sm-5">
         <name>__TI_Handler_Table_Limit</name>
         <value>0x30f8</value>
      </symbol>
      <symbol id="sm-6">
         <name>binit</name>
         <value>0xffffffff</value>
      </symbol>
      <symbol id="sm-7">
         <name>__binit__</name>
         <value>0xffffffff</value>
      </symbol>
      <symbol id="sm-8">
         <name>__STACK_SIZE</name>
         <value>0x200</value>
      </symbol>
      <symbol id="sm-9">
         <name>__STACK_END</name>
         <value>0x2000075c</value>
      </symbol>
      <symbol id="sm-a">
         <name>__c_args__</name>
         <value>0xffffffff</value>
      </symbol>
      <symbol id="sm-78">
         <name>Eeprom_err</name>
         <value>0x2000053c</value>
      </symbol>
      <symbol id="sm-79">
         <name>Basic_Config</name>
         <value>0x1d9d</value>
         <object_component_ref idref="oc-11c"/>
      </symbol>
      <symbol id="sm-7a">
         <name>main</name>
         <value>0x1e05</value>
         <object_component_ref idref="oc-11c"/>
      </symbol>
      <symbol id="sm-9b">
         <name>ResetISR</name>
         <value>0x2e57</value>
         <object_component_ref idref="oc-29"/>
      </symbol>
      <symbol id="sm-9c">
         <name>g_pfnVectors</name>
         <value>0x0</value>
         <object_component_ref idref="oc-e"/>
      </symbol>
      <symbol id="sm-c1">
         <name>ButtonsInit</name>
         <value>0x2555</value>
         <object_component_ref idref="oc-dc"/>
      </symbol>
      <symbol id="sm-c2">
         <name>ButtonsPoll</name>
         <value>0x24b5</value>
         <object_component_ref idref="oc-dc"/>
      </symbol>
      <symbol id="sm-e7">
         <name>CmdLineProcess</name>
         <value>0x2775</value>
         <object_component_ref idref="oc-1e4"/>
      </symbol>
      <symbol id="sm-1ab">
         <name>UARTTxBytesFree</name>
         <value>0x1571</value>
         <object_component_ref idref="oc-35"/>
      </symbol>
      <symbol id="sm-1ac">
         <name>UARTFlushRx</name>
         <value>0x15df</value>
         <object_component_ref idref="oc-35"/>
      </symbol>
      <symbol id="sm-1ad">
         <name>UARTgetc</name>
         <value>0x11dd</value>
         <object_component_ref idref="oc-35"/>
      </symbol>
      <symbol id="sm-1ae">
         <name>UARTgets</name>
         <value>0x1161</value>
         <object_component_ref idref="oc-35"/>
      </symbol>
      <symbol id="sm-1af">
         <name>UARTFlushTx</name>
         <value>0x1607</value>
         <object_component_ref idref="oc-35"/>
      </symbol>
      <symbol id="sm-1b0">
         <name>UARTStdioConfig</name>
         <value>0x1003</value>
         <object_component_ref idref="oc-35"/>
      </symbol>
      <symbol id="sm-1b1">
         <name>UARTStdioIntHandler</name>
         <value>0x1679</value>
         <object_component_ref idref="oc-35"/>
      </symbol>
      <symbol id="sm-1b2">
         <name>UARTRxBytesAvail</name>
         <value>0x1563</value>
         <object_component_ref idref="oc-35"/>
      </symbol>
      <symbol id="sm-1b3">
         <name>UARTwrite</name>
         <value>0x10bb</value>
         <object_component_ref idref="oc-35"/>
      </symbol>
      <symbol id="sm-1b4">
         <name>UARTPeek</name>
         <value>0x1585</value>
         <object_component_ref idref="oc-35"/>
      </symbol>
      <symbol id="sm-1b5">
         <name>UARTEchoSet</name>
         <value>0x1645</value>
         <object_component_ref idref="oc-35"/>
      </symbol>
      <symbol id="sm-1b6">
         <name>UARTprintf</name>
         <value>0x153f</value>
         <object_component_ref idref="oc-35"/>
      </symbol>
      <symbol id="sm-1b7">
         <name>UARTvprintf</name>
         <value>0x1245</value>
         <object_component_ref idref="oc-35"/>
      </symbol>
      <symbol id="sm-297">
         <name>uvsnprintf</name>
         <value>0x2c5</value>
         <object_component_ref idref="oc-27b"/>
      </symbol>
      <symbol id="sm-298">
         <name>ustrncasecmp</name>
         <value>0xd8d</value>
         <object_component_ref idref="oc-27b"/>
      </symbol>
      <symbol id="sm-299">
         <name>ustrncpy</name>
         <value>0x26d</value>
         <object_component_ref idref="oc-27b"/>
      </symbol>
      <symbol id="sm-29a">
         <name>ustrlen</name>
         <value>0xd35</value>
         <object_component_ref idref="oc-27b"/>
      </symbol>
      <symbol id="sm-29b">
         <name>ulocaltime</name>
         <value>0x751</value>
         <object_component_ref idref="oc-27b"/>
      </symbol>
      <symbol id="sm-29c">
         <name>ustrtof</name>
         <value>0xafd</value>
         <object_component_ref idref="oc-27b"/>
      </symbol>
      <symbol id="sm-29d">
         <name>ustrstr</name>
         <value>0xd57</value>
         <object_component_ref idref="oc-27b"/>
      </symbol>
      <symbol id="sm-29e">
         <name>ustrcmp</name>
         <value>0xea5</value>
         <object_component_ref idref="oc-27b"/>
      </symbol>
      <symbol id="sm-29f">
         <name>usprintf</name>
         <value>0x6ef</value>
         <object_component_ref idref="oc-27b"/>
      </symbol>
      <symbol id="sm-2a0">
         <name>usnprintf</name>
         <value>0x721</value>
         <object_component_ref idref="oc-27b"/>
      </symbol>
      <symbol id="sm-2a1">
         <name>ustrtoul</name>
         <value>0x9c5</value>
         <object_component_ref idref="oc-27b"/>
      </symbol>
      <symbol id="sm-2a2">
         <name>ustrcasecmp</name>
         <value>0xe31</value>
         <object_component_ref idref="oc-27b"/>
      </symbol>
      <symbol id="sm-2a3">
         <name>umktime</name>
         <value>0x94f</value>
         <object_component_ref idref="oc-27b"/>
      </symbol>
      <symbol id="sm-2a4">
         <name>usrand</name>
         <value>0xeb9</value>
         <object_component_ref idref="oc-27b"/>
      </symbol>
      <symbol id="sm-2a5">
         <name>ustrncmp</name>
         <value>0xe45</value>
         <object_component_ref idref="oc-27b"/>
      </symbol>
      <symbol id="sm-2a6">
         <name>urand</name>
         <value>0xec9</value>
         <object_component_ref idref="oc-27b"/>
      </symbol>
      <symbol id="sm-2d4">
         <name>CMD_read</name>
         <value>0x214f</value>
         <object_component_ref idref="oc-269"/>
      </symbol>
      <symbol id="sm-2d5">
         <name>CMD_help</name>
         <value>0x20fd</value>
         <object_component_ref idref="oc-269"/>
      </symbol>
      <symbol id="sm-2d6">
         <name>CMD_write</name>
         <value>0x21a1</value>
         <object_component_ref idref="oc-269"/>
      </symbol>
      <symbol id="sm-2d7">
         <name>g_psCmdTable</name>
         <value>0x2000075c</value>
         <object_component_ref idref="oc-255"/>
      </symbol>
      <symbol id="sm-347">
         <name>g_sAppState</name>
         <value>0x20000524</value>
      </symbol>
      <symbol id="sm-348">
         <name>pui32Data</name>
         <value>0x20000544</value>
      </symbol>
      <symbol id="sm-349">
         <name>pui32Read</name>
         <value>0x20000548</value>
      </symbol>
      <symbol id="sm-34a">
         <name>ulPWMPeriod</name>
         <value>0x20000554</value>
      </symbol>
      <symbol id="sm-34b">
         <name>ulPWMClock</name>
         <value>0x20000550</value>
      </symbol>
      <symbol id="sm-34c">
         <name>Do_one</name>
         <value>0x20000558</value>
      </symbol>
      <symbol id="sm-34d">
         <name>Period_Toggle</name>
         <value>0x20000559</value>
      </symbol>
      <symbol id="sm-34e">
         <name>SysTickIntHandler</name>
         <value>0x1d03</value>
         <object_component_ref idref="oc-2f"/>
      </symbol>
      <symbol id="sm-34f">
         <name>AppLedHandler</name>
         <value>0x1aed</value>
         <object_component_ref idref="oc-2f"/>
      </symbol>
      <symbol id="sm-350">
         <name>ConfigLED1</name>
         <value>0x1d23</value>
         <object_component_ref idref="oc-2f"/>
      </symbol>
      <symbol id="sm-351">
         <name>ulDutyCycle</name>
         <value>0x200007b4</value>
         <object_component_ref idref="oc-d7"/>
      </symbol>
      <symbol id="sm-352">
         <name>ConfigureUART</name>
         <value>0x1805</value>
         <object_component_ref idref="oc-2f"/>
      </symbol>
      <symbol id="sm-353">
         <name>AppButtonHandler</name>
         <value>0x18e7</value>
         <object_component_ref idref="oc-2f"/>
      </symbol>
      <symbol id="sm-354">
         <name>delay_ms</name>
         <value>0x1d49</value>
         <object_component_ref idref="oc-2f"/>
      </symbol>
      <symbol id="sm-355">
         <name>ConfigurePWM</name>
         <value>0x185f</value>
         <object_component_ref idref="oc-2f"/>
      </symbol>
      <symbol id="sm-365">
         <name>_c_int00</name>
         <value>0x2a49</value>
         <object_component_ref idref="oc-11"/>
      </symbol>
      <symbol id="sm-366">
         <name>__stack</name>
         <value>0x2000055c</value>
         <object_component_ref idref="oc-28"/>
      </symbol>
      <symbol id="sm-37d">
         <name>__TI_decompress_none</name>
         <value>0x2e25</value>
         <object_component_ref idref="oc-16"/>
      </symbol>
      <symbol id="sm-3a1">
         <name>__TI_decompress_rle24</name>
         <value>0x2e85</value>
         <object_component_ref idref="oc-22"/>
      </symbol>
      <symbol id="sm-3b5">
         <name>__TI_zero_init</name>
         <value>0x2db1</value>
         <object_component_ref idref="oc-1c"/>
      </symbol>
      <symbol id="sm-3d4">
         <name>C$$EXIT</name>
         <value>0x2ad5</value>
         <object_component_ref idref="oc-49"/>
      </symbol>
      <symbol id="sm-3d5">
         <name>abort</name>
         <value>0x2ad9</value>
         <object_component_ref idref="oc-49"/>
      </symbol>
      <symbol id="sm-3d6">
         <name>exit</name>
         <value>0x2ae1</value>
         <object_component_ref idref="oc-49"/>
      </symbol>
      <symbol id="sm-3d7">
         <name>__TI_dtors_ptr</name>
         <value>0x200007b0</value>
         <object_component_ref idref="oc-127"/>
      </symbol>
      <symbol id="sm-3d8">
         <name>__TI_cleanup_ptr</name>
         <value>0x200007ac</value>
         <object_component_ref idref="oc-127"/>
      </symbol>
      <symbol id="sm-3f4">
         <name>memcpy</name>
         <value>0x2821</value>
         <object_component_ref idref="oc-53"/>
      </symbol>
      <symbol id="sm-3f5">
         <name>__aeabi_memcpy</name>
         <value>0x2821</value>
         <object_component_ref idref="oc-53"/>
      </symbol>
      <symbol id="sm-3f6">
         <name>__aeabi_memcpy8</name>
         <value>0x2821</value>
         <object_component_ref idref="oc-53"/>
      </symbol>
      <symbol id="sm-3f7">
         <name>__aeabi_memcpy4</name>
         <value>0x2821</value>
         <object_component_ref idref="oc-53"/>
      </symbol>
      <symbol id="sm-3ff">
         <name>main_func_sp</name>
         <value>0x200007b8</value>
         <object_component_ref idref="oc-4f"/>
      </symbol>
      <symbol id="sm-40e">
         <name>strcmp</name>
         <value>0x2d11</value>
         <object_component_ref idref="oc-24c"/>
      </symbol>
      <symbol id="sm-41e">
         <name>__aeabi_uidivmod</name>
         <value>0x2b19</value>
         <object_component_ref idref="oc-fd"/>
      </symbol>
      <symbol id="sm-437">
         <name>_nop</name>
         <value>0x2d87</value>
         <object_component_ref idref="oc-1fb"/>
      </symbol>
      <symbol id="sm-438">
         <name>_lock</name>
         <value>0x200007a4</value>
         <object_component_ref idref="oc-124"/>
      </symbol>
      <symbol id="sm-439">
         <name>_unlock</name>
         <value>0x200007a8</value>
         <object_component_ref idref="oc-124"/>
      </symbol>
      <symbol id="sm-43a">
         <name>_register_lock</name>
         <value>0x2d7f</value>
         <object_component_ref idref="oc-1fb"/>
      </symbol>
      <symbol id="sm-43b">
         <name>_register_unlock</name>
         <value>0x2d79</value>
         <object_component_ref idref="oc-1fb"/>
      </symbol>
      <symbol id="sm-44f">
         <name>_args_main</name>
         <value>0x2cf9</value>
         <object_component_ref idref="oc-43"/>
      </symbol>
      <symbol id="sm-46c">
         <name>__TI_auto_init</name>
         <value>0x28bd</value>
         <object_component_ref idref="oc-3e"/>
      </symbol>
      <symbol id="sm-485">
         <name>copy_in</name>
         <value>0x2a91</value>
         <object_component_ref idref="oc-115"/>
      </symbol>
      <symbol id="sm-49c">
         <name>UARTClockSourceSet</name>
         <value>0x2e7f</value>
         <object_component_ref idref="oc-74"/>
      </symbol>
      <symbol id="sm-4c0">
         <name>SysTickEnable</name>
         <value>0x2d51</value>
         <object_component_ref idref="oc-1c0"/>
      </symbol>
      <symbol id="sm-4c1">
         <name>SysTickIntEnable</name>
         <value>0x2d65</value>
         <object_component_ref idref="oc-1c6"/>
      </symbol>
      <symbol id="sm-4c2">
         <name>SysTickPeriodSet</name>
         <value>0x2e05</value>
         <object_component_ref idref="oc-1ba"/>
      </symbol>
      <symbol id="sm-535">
         <name>SysCtlClockSet</name>
         <value>0x25c1</value>
         <object_component_ref idref="oc-1ae"/>
      </symbol>
      <symbol id="sm-536">
         <name>SysCtlDelay</name>
         <value>0x2e79</value>
         <object_component_ref idref="oc-178"/>
      </symbol>
      <symbol id="sm-537">
         <name>SysCtlPeripheralEnable</name>
         <value>0x2c0d</value>
         <object_component_ref idref="oc-80"/>
      </symbol>
      <symbol id="sm-538">
         <name>SysCtlClockGet</name>
         <value>0x239d</value>
         <object_component_ref idref="oc-86"/>
      </symbol>
      <symbol id="sm-539">
         <name>SysCtlPWMClockSet</name>
         <value>0x2d3d</value>
         <object_component_ref idref="oc-7a"/>
      </symbol>
      <symbol id="sm-53a">
         <name>SysCtlPeripheralReset</name>
         <value>0x29b1</value>
         <object_component_ref idref="oc-237"/>
      </symbol>
      <symbol id="sm-56f">
         <name>PWMGenPeriodSet</name>
         <value>0x2df5</value>
         <object_component_ref idref="oc-9e"/>
      </symbol>
      <symbol id="sm-570">
         <name>PWMGenDisable</name>
         <value>0x2e3f</value>
         <object_component_ref idref="oc-cb"/>
      </symbol>
      <symbol id="sm-571">
         <name>PWMPulseWidthSet</name>
         <value>0x2cc1</value>
         <object_component_ref idref="oc-a4"/>
      </symbol>
      <symbol id="sm-572">
         <name>PWMOutputState</name>
         <value>0x2d9f</value>
         <object_component_ref idref="oc-aa"/>
      </symbol>
      <symbol id="sm-573">
         <name>PWMGenEnable</name>
         <value>0x2e4b</value>
         <object_component_ref idref="oc-b0"/>
      </symbol>
      <symbol id="sm-574">
         <name>PWMGenConfigure</name>
         <value>0x2c9f</value>
         <object_component_ref idref="oc-98"/>
      </symbol>
      <symbol id="sm-57e">
         <name>IntMasterEnable</name>
         <value>0x2e63</value>
         <object_component_ref idref="oc-1cc"/>
      </symbol>
      <symbol id="sm-5ce">
         <name>GPIOPinTypePWM</name>
         <value>0x2d8d</value>
         <object_component_ref idref="oc-92"/>
      </symbol>
      <symbol id="sm-5cf">
         <name>GPIOPinConfigure</name>
         <value>0x2a01</value>
         <object_component_ref idref="oc-8c"/>
      </symbol>
      <symbol id="sm-5d0">
         <name>GPIOPinTypeGPIOOutput</name>
         <value>0x2cdf</value>
         <object_component_ref idref="oc-d1"/>
      </symbol>
      <symbol id="sm-5d1">
         <name>GPIOPinRead</name>
         <value>0x2e6d</value>
         <object_component_ref idref="oc-187"/>
      </symbol>
      <symbol id="sm-5d2">
         <name>GPIODirModeSet</name>
         <value>0x2c75</value>
         <object_component_ref idref="oc-154"/>
      </symbol>
      <symbol id="sm-5d3">
         <name>GPIOPinWrite</name>
         <value>0x2e73</value>
         <object_component_ref idref="oc-c5"/>
      </symbol>
      <symbol id="sm-5d4">
         <name>GPIOPadConfigSet</name>
         <value>0x226d</value>
         <object_component_ref idref="oc-15a"/>
      </symbol>
      <symbol id="sm-5ea">
         <name>FPULazyStackingEnable</name>
         <value>0x2de5</value>
         <object_component_ref idref="oc-1a8"/>
      </symbol>
      <symbol id="sm-5eb">
         <name>FPUEnable</name>
         <value>0x2dd5</value>
         <object_component_ref idref="oc-1a2"/>
      </symbol>
      <symbol id="sm-67a">
         <name>EEPROMRead</name>
         <value>0x2bd9</value>
         <object_component_ref idref="oc-1de"/>
      </symbol>
      <symbol id="sm-67b">
         <name>EEPROMBlockCountGet</name>
         <value>0x2dc5</value>
         <object_component_ref idref="oc-1d8"/>
      </symbol>
      <symbol id="sm-67c">
         <name>EEPROMProgram</name>
         <value>0x26b1</value>
         <object_component_ref idref="oc-b6"/>
      </symbol>
      <symbol id="sm-67d">
         <name>EEPROMSizeGet</name>
         <value>0x2d29</value>
         <object_component_ref idref="oc-1d2"/>
      </symbol>
      <symbol id="sm-67e">
         <name>EEPROMInit</name>
         <value>0x2b5d</value>
         <object_component_ref idref="oc-1b4"/>
      </symbol>
      <symbol id="sm-688">
         <name>CPUcpsie</name>
         <value>0x2e33</value>
         <object_component_ref idref="oc-242"/>
      </symbol>
      <symbol id="sm-689">
         <name>__TI_static_base__</name>
         <value>0x0</value>
      </symbol>
      <symbol id="sm-68a">
         <name>__TI_args_main</name>
         <value>0x1</value>
      </symbol>
      <symbol id="sm-68b">
         <name>SHT$$INIT_ARRAY$$Limit</name>
         <value>0x0</value>
      </symbol>
      <symbol id="sm-68c">
         <name>SHT$$INIT_ARRAY$$Base</name>
         <value>0x0</value>
      </symbol>
   </symbol_table>
   <title>Link successful</title>
</link_info>
